

================================================================
== Vitis HLS Report for 'test_jacobi2d_4096_Pipeline_VITIS_LOOP_42_2_VITIS_LOOP_43_3'
================================================================
* Date:           Wed Nov  5 20:47:28 2025

* Version:        2022.2 (Build 3670227 on Oct 13 2022)
* Project:        test_jacobi2d_4096
* Solution:       test_jacobi2d_4096 (Vivado IP Flow Target)
* Product family: artix7
* Target device:  xc7a100t-csg324-1


================================================================
== Performance Estimates
================================================================
+ Timing: 
    * Summary: 
    +--------+----------+----------+------------+
    |  Clock |  Target  | Estimated| Uncertainty|
    +--------+----------+----------+------------+
    |ap_clk  |  10.00 ns|  6.477 ns|     2.70 ns|
    +--------+----------+----------+------------+

+ Latency: 
    * Summary: 
    +---------+---------+-----------+-----------+---------+---------+---------+
    |  Latency (cycles) |   Latency (absolute)  |      Interval     | Pipeline|
    |   min   |   max   |    min    |    max    |   min   |   max   |   Type  |
    +---------+---------+-----------+-----------+---------+---------+---------+
    |  4190245|  4190245|  41.902 ms|  41.902 ms|  4190245|  4190245|       no|
    +---------+---------+-----------+-----------+---------+---------+---------+

    + Detail: 
        * Instance: 
        N/A

        * Loop: 
        +-----------------------------------+---------+---------+----------+-----------+-----------+---------+----------+
        |                                   |  Latency (cycles) | Iteration|  Initiation Interval  |   Trip  |          |
        |             Loop Name             |   min   |   max   |  Latency |  achieved |   target  |  Count  | Pipelined|
        +-----------------------------------+---------+---------+----------+-----------+-----------+---------+----------+
        |- VITIS_LOOP_42_2_VITIS_LOOP_43_3  |  4190243|  4190243|        36|          1|          1|  4190209|       yes|
        +-----------------------------------+---------+---------+----------+-----------+-----------+---------+----------+



================================================================
== Utilization Estimates
================================================================
* Summary: 
+-----------------+---------+-----+--------+-------+-----+
|       Name      | BRAM_18K| DSP |   FF   |  LUT  | URAM|
+-----------------+---------+-----+--------+-------+-----+
|DSP              |        -|    -|       -|      -|    -|
|Expression       |        -|    -|       0|    190|    -|
|FIFO             |        -|    -|       -|      -|    -|
|Instance         |        -|    -|       0|    324|    -|
|Memory           |        -|    -|       -|      -|    -|
|Multiplexer      |        -|    -|       -|    470|    -|
|Register         |        -|    -|    2288|    512|    -|
+-----------------+---------+-----+--------+-------+-----+
|Total            |        0|    0|    2288|   1496|    0|
+-----------------+---------+-----+--------+-------+-----+
|Available        |      270|  240|  126800|  63400|    0|
+-----------------+---------+-----+--------+-------+-----+
|Utilization (%)  |        0|    0|       1|      2|    0|
+-----------------+---------+-----+--------+-------+-----+

+ Detail: 
    * Instance: 
    +-------------------+---------------+---------+----+---+----+-----+
    |      Instance     |     Module    | BRAM_18K| DSP| FF| LUT| URAM|
    +-------------------+---------------+---------+----+---+----+-----+
    |mux_21_32_1_1_U21  |mux_21_32_1_1  |        0|   0|  0|   9|    0|
    |mux_21_32_1_1_U22  |mux_21_32_1_1  |        0|   0|  0|   9|    0|
    |mux_21_32_1_1_U23  |mux_21_32_1_1  |        0|   0|  0|   9|    0|
    |mux_21_32_1_1_U24  |mux_21_32_1_1  |        0|   0|  0|   9|    0|
    |mux_21_32_1_1_U25  |mux_21_32_1_1  |        0|   0|  0|   9|    0|
    |mux_21_32_1_1_U26  |mux_21_32_1_1  |        0|   0|  0|   9|    0|
    |mux_21_32_1_1_U27  |mux_21_32_1_1  |        0|   0|  0|   9|    0|
    |mux_21_32_1_1_U28  |mux_21_32_1_1  |        0|   0|  0|   9|    0|
    |mux_21_32_1_1_U29  |mux_21_32_1_1  |        0|   0|  0|   9|    0|
    |mux_21_32_1_1_U30  |mux_21_32_1_1  |        0|   0|  0|   9|    0|
    |mux_21_32_1_1_U31  |mux_21_32_1_1  |        0|   0|  0|   9|    0|
    |mux_21_32_1_1_U32  |mux_21_32_1_1  |        0|   0|  0|   9|    0|
    |mux_21_32_1_1_U33  |mux_21_32_1_1  |        0|   0|  0|   9|    0|
    |mux_21_32_1_1_U34  |mux_21_32_1_1  |        0|   0|  0|   9|    0|
    |mux_21_32_1_1_U35  |mux_21_32_1_1  |        0|   0|  0|   9|    0|
    |mux_21_32_1_1_U36  |mux_21_32_1_1  |        0|   0|  0|   9|    0|
    |mux_21_32_1_1_U37  |mux_21_32_1_1  |        0|   0|  0|   9|    0|
    |mux_21_32_1_1_U38  |mux_21_32_1_1  |        0|   0|  0|   9|    0|
    |mux_21_32_1_1_U39  |mux_21_32_1_1  |        0|   0|  0|   9|    0|
    |mux_21_32_1_1_U40  |mux_21_32_1_1  |        0|   0|  0|   9|    0|
    |mux_21_32_1_1_U41  |mux_21_32_1_1  |        0|   0|  0|   9|    0|
    |mux_21_32_1_1_U42  |mux_21_32_1_1  |        0|   0|  0|   9|    0|
    |mux_21_32_1_1_U43  |mux_21_32_1_1  |        0|   0|  0|   9|    0|
    |mux_21_32_1_1_U44  |mux_21_32_1_1  |        0|   0|  0|   9|    0|
    |mux_21_32_1_1_U45  |mux_21_32_1_1  |        0|   0|  0|   9|    0|
    |mux_21_32_1_1_U46  |mux_21_32_1_1  |        0|   0|  0|   9|    0|
    |mux_21_32_1_1_U47  |mux_21_32_1_1  |        0|   0|  0|   9|    0|
    |mux_21_32_1_1_U48  |mux_21_32_1_1  |        0|   0|  0|   9|    0|
    |mux_21_32_1_1_U49  |mux_21_32_1_1  |        0|   0|  0|   9|    0|
    |mux_21_32_1_1_U50  |mux_21_32_1_1  |        0|   0|  0|   9|    0|
    |mux_21_32_1_1_U51  |mux_21_32_1_1  |        0|   0|  0|   9|    0|
    |mux_21_32_1_1_U52  |mux_21_32_1_1  |        0|   0|  0|   9|    0|
    |mux_21_32_1_1_U53  |mux_21_32_1_1  |        0|   0|  0|   9|    0|
    |mux_21_32_1_1_U54  |mux_21_32_1_1  |        0|   0|  0|   9|    0|
    |mux_21_32_1_1_U55  |mux_21_32_1_1  |        0|   0|  0|   9|    0|
    |mux_21_32_1_1_U56  |mux_21_32_1_1  |        0|   0|  0|   9|    0|
    +-------------------+---------------+---------+----+---+----+-----+
    |Total              |               |        0|   0|  0| 324|    0|
    +-------------------+---------------+---------+----+---+----+-----+

    * DSP: 
    N/A

    * Memory: 
    N/A

    * FIFO: 
    N/A

    * Expression: 
    +-------------------------+----------+----+---+----+------------+------------+
    |      Variable Name      | Operation| DSP| FF| LUT| Bitwidth P0| Bitwidth P1|
    +-------------------------+----------+----+---+----+------------+------------+
    |add_ln42_1_fu_1018_p2    |         +|   0|  0|  19|          12|           2|
    |add_ln42_2_fu_1034_p2    |         +|   0|  0|  19|          12|           2|
    |add_ln42_3_fu_922_p2     |         +|   0|  0|  29|          22|           1|
    |add_ln42_fu_934_p2       |         +|   0|  0|  18|          11|           1|
    |add_ln43_fu_990_p2       |         +|   0|  0|  18|          11|           1|
    |add_ln48_fu_1113_p2      |         +|   0|  0|  19|          12|           2|
    |add_ln57_fu_1180_p2      |         +|   0|  0|  19|          12|           2|
    |icmp_ln42_fu_916_p2      |      icmp|   0|  0|  14|          22|          13|
    |icmp_ln43_fu_940_p2      |      icmp|   0|  0|  11|          11|           2|
    |select_ln42_1_fu_954_p3  |    select|   0|  0|  11|           1|          11|
    |select_ln42_fu_946_p3    |    select|   0|  0|  11|           1|           1|
    |ap_enable_pp0            |       xor|   0|  0|   2|           1|           2|
    +-------------------------+----------+----+---+----+------------+------------+
    |Total                    |          |   0|  0| 190|         128|          40|
    +-------------------------+----------+----+---+----+------------+------------+

    * Multiplexer: 
    +-------------------------+----+-----------+-----+-----------+
    |           Name          | LUT| Input Size| Bits| Total Bits|
    +-------------------------+----+-----------+-----+-----------+
    |ap_done_int              |   9|          2|    1|          2|
    |ap_enable_reg_pp0_iter1  |   9|          2|    1|          2|
    |ap_enable_reg_pp0_iter2  |   9|          2|    1|          2|
    |indvar_flatten_fu_136    |   9|          2|   22|         44|
    |v1_0_0_Addr_A_orig       |  17|          4|   32|        128|
    |v1_0_1_Addr_A_orig       |  17|          4|   32|        128|
    |v1_0_2_Addr_A_orig       |  17|          4|   32|        128|
    |v1_0_3_Addr_A_orig       |  17|          4|   32|        128|
    |v1_1_0_Addr_A_orig       |  17|          4|   32|        128|
    |v1_1_1_Addr_A_orig       |  17|          4|   32|        128|
    |v1_1_2_Addr_A_orig       |  17|          4|   32|        128|
    |v1_1_3_Addr_A_orig       |  17|          4|   32|        128|
    |v1_2_0_Addr_A_orig       |  17|          4|   32|        128|
    |v1_2_1_Addr_A_orig       |  17|          4|   32|        128|
    |v1_2_2_Addr_A_orig       |  17|          4|   32|        128|
    |v1_2_3_Addr_A_orig       |  17|          4|   32|        128|
    |v1_3_0_Addr_A_orig       |  17|          4|   32|        128|
    |v1_3_1_Addr_A_orig       |  17|          4|   32|        128|
    |v1_3_2_Addr_A_orig       |  17|          4|   32|        128|
    |v1_3_3_Addr_A_orig       |  17|          4|   32|        128|
    |v2_0_0_WEN_A             |   9|          2|    4|          8|
    |v2_0_1_WEN_A             |   9|          2|    4|          8|
    |v2_0_2_WEN_A             |   9|          2|    4|          8|
    |v2_0_3_WEN_A             |   9|          2|    4|          8|
    |v2_1_0_WEN_A             |   9|          2|    4|          8|
    |v2_1_1_WEN_A             |   9|          2|    4|          8|
    |v2_1_2_WEN_A             |   9|          2|    4|          8|
    |v2_1_3_WEN_A             |   9|          2|    4|          8|
    |v2_2_0_WEN_A             |   9|          2|    4|          8|
    |v2_2_1_WEN_A             |   9|          2|    4|          8|
    |v2_2_2_WEN_A             |   9|          2|    4|          8|
    |v2_2_3_WEN_A             |   9|          2|    4|          8|
    |v2_3_0_WEN_A             |   9|          2|    4|          8|
    |v2_3_1_WEN_A             |   9|          2|    4|          8|
    |v2_3_2_WEN_A             |   9|          2|    4|          8|
    |v2_3_3_WEN_A             |   9|          2|    4|          8|
    |v4_fu_132                |   9|          2|   11|         22|
    |v5_fu_128                |   9|          2|   11|         22|
    +-------------------------+----+-----------+-----+-----------+
    |Total                    | 470|        108|  623|       2270|
    +-------------------------+----+-----------+-----+-----------+

    * Register: 
    +-----------------------------------+----+----+-----+-----------+
    |                Name               | FF | LUT| Bits| Const Bits|
    +-----------------------------------+----+----+-----+-----------+
    |ap_CS_fsm                          |   1|   0|    1|          0|
    |ap_done_reg                        |   1|   0|    1|          0|
    |ap_enable_reg_pp0_iter1            |   1|   0|    1|          0|
    |ap_enable_reg_pp0_iter10           |   1|   0|    1|          0|
    |ap_enable_reg_pp0_iter11           |   1|   0|    1|          0|
    |ap_enable_reg_pp0_iter12           |   1|   0|    1|          0|
    |ap_enable_reg_pp0_iter13           |   1|   0|    1|          0|
    |ap_enable_reg_pp0_iter14           |   1|   0|    1|          0|
    |ap_enable_reg_pp0_iter15           |   1|   0|    1|          0|
    |ap_enable_reg_pp0_iter16           |   1|   0|    1|          0|
    |ap_enable_reg_pp0_iter17           |   1|   0|    1|          0|
    |ap_enable_reg_pp0_iter18           |   1|   0|    1|          0|
    |ap_enable_reg_pp0_iter19           |   1|   0|    1|          0|
    |ap_enable_reg_pp0_iter2            |   1|   0|    1|          0|
    |ap_enable_reg_pp0_iter20           |   1|   0|    1|          0|
    |ap_enable_reg_pp0_iter21           |   1|   0|    1|          0|
    |ap_enable_reg_pp0_iter22           |   1|   0|    1|          0|
    |ap_enable_reg_pp0_iter23           |   1|   0|    1|          0|
    |ap_enable_reg_pp0_iter24           |   1|   0|    1|          0|
    |ap_enable_reg_pp0_iter25           |   1|   0|    1|          0|
    |ap_enable_reg_pp0_iter26           |   1|   0|    1|          0|
    |ap_enable_reg_pp0_iter27           |   1|   0|    1|          0|
    |ap_enable_reg_pp0_iter28           |   1|   0|    1|          0|
    |ap_enable_reg_pp0_iter29           |   1|   0|    1|          0|
    |ap_enable_reg_pp0_iter3            |   1|   0|    1|          0|
    |ap_enable_reg_pp0_iter30           |   1|   0|    1|          0|
    |ap_enable_reg_pp0_iter31           |   1|   0|    1|          0|
    |ap_enable_reg_pp0_iter32           |   1|   0|    1|          0|
    |ap_enable_reg_pp0_iter33           |   1|   0|    1|          0|
    |ap_enable_reg_pp0_iter34           |   1|   0|    1|          0|
    |ap_enable_reg_pp0_iter35           |   1|   0|    1|          0|
    |ap_enable_reg_pp0_iter36           |   1|   0|    1|          0|
    |ap_enable_reg_pp0_iter4            |   1|   0|    1|          0|
    |ap_enable_reg_pp0_iter5            |   1|   0|    1|          0|
    |ap_enable_reg_pp0_iter6            |   1|   0|    1|          0|
    |ap_enable_reg_pp0_iter7            |   1|   0|    1|          0|
    |ap_enable_reg_pp0_iter8            |   1|   0|    1|          0|
    |ap_enable_reg_pp0_iter9            |   1|   0|    1|          0|
    |ap_loop_exit_ready_pp0_iter10_reg  |   1|   0|    1|          0|
    |ap_loop_exit_ready_pp0_iter11_reg  |   1|   0|    1|          0|
    |ap_loop_exit_ready_pp0_iter12_reg  |   1|   0|    1|          0|
    |ap_loop_exit_ready_pp0_iter13_reg  |   1|   0|    1|          0|
    |ap_loop_exit_ready_pp0_iter14_reg  |   1|   0|    1|          0|
    |ap_loop_exit_ready_pp0_iter15_reg  |   1|   0|    1|          0|
    |ap_loop_exit_ready_pp0_iter16_reg  |   1|   0|    1|          0|
    |ap_loop_exit_ready_pp0_iter17_reg  |   1|   0|    1|          0|
    |ap_loop_exit_ready_pp0_iter18_reg  |   1|   0|    1|          0|
    |ap_loop_exit_ready_pp0_iter19_reg  |   1|   0|    1|          0|
    |ap_loop_exit_ready_pp0_iter20_reg  |   1|   0|    1|          0|
    |ap_loop_exit_ready_pp0_iter21_reg  |   1|   0|    1|          0|
    |ap_loop_exit_ready_pp0_iter22_reg  |   1|   0|    1|          0|
    |ap_loop_exit_ready_pp0_iter23_reg  |   1|   0|    1|          0|
    |ap_loop_exit_ready_pp0_iter24_reg  |   1|   0|    1|          0|
    |ap_loop_exit_ready_pp0_iter25_reg  |   1|   0|    1|          0|
    |ap_loop_exit_ready_pp0_iter26_reg  |   1|   0|    1|          0|
    |ap_loop_exit_ready_pp0_iter27_reg  |   1|   0|    1|          0|
    |ap_loop_exit_ready_pp0_iter28_reg  |   1|   0|    1|          0|
    |ap_loop_exit_ready_pp0_iter29_reg  |   1|   0|    1|          0|
    |ap_loop_exit_ready_pp0_iter2_reg   |   1|   0|    1|          0|
    |ap_loop_exit_ready_pp0_iter30_reg  |   1|   0|    1|          0|
    |ap_loop_exit_ready_pp0_iter31_reg  |   1|   0|    1|          0|
    |ap_loop_exit_ready_pp0_iter32_reg  |   1|   0|    1|          0|
    |ap_loop_exit_ready_pp0_iter33_reg  |   1|   0|    1|          0|
    |ap_loop_exit_ready_pp0_iter34_reg  |   1|   0|    1|          0|
    |ap_loop_exit_ready_pp0_iter35_reg  |   1|   0|    1|          0|
    |ap_loop_exit_ready_pp0_iter3_reg   |   1|   0|    1|          0|
    |ap_loop_exit_ready_pp0_iter4_reg   |   1|   0|    1|          0|
    |ap_loop_exit_ready_pp0_iter5_reg   |   1|   0|    1|          0|
    |ap_loop_exit_ready_pp0_iter6_reg   |   1|   0|    1|          0|
    |ap_loop_exit_ready_pp0_iter7_reg   |   1|   0|    1|          0|
    |ap_loop_exit_ready_pp0_iter8_reg   |   1|   0|    1|          0|
    |ap_loop_exit_ready_pp0_iter9_reg   |   1|   0|    1|          0|
    |bitcast_ln64_reg_2288              |  32|   0|   32|          0|
    |bitcast_ln72_reg_2296              |  32|   0|   32|          0|
    |bitcast_ln80_reg_2304              |  32|   0|   32|          0|
    |indvar_flatten_fu_136              |  22|   0|   22|          0|
    |lshr_ln_reg_1856                   |  10|   0|   10|          0|
    |p_cast_mid2_v_reg_1821             |  10|   0|   10|          0|
    |select_ln42_1_reg_1800             |  11|   0|   11|          0|
    |select_ln42_reg_1795               |  11|   0|   11|          0|
    |trunc_ln42_reg_1805                |   1|   0|    1|          0|
    |trunc_ln45_reg_1828                |   1|   0|    1|          0|
    |v10_reg_2223                       |  32|   0|   32|          0|
    |v11_reg_2154                       |  32|   0|   32|          0|
    |v12_reg_2243                       |  32|   0|   32|          0|
    |v13_reg_2161                       |  32|   0|   32|          0|
    |v14_reg_2263                       |  32|   0|   32|          0|
    |v15_reg_2283                       |  32|   0|   32|          0|
    |v16_reg_2208                       |  32|   0|   32|          0|
    |v17_reg_2166                       |  32|   0|   32|          0|
    |v18_reg_2228                       |  32|   0|   32|          0|
    |v19_reg_2171                       |  32|   0|   32|          0|
    |v20_reg_2248                       |  32|   0|   32|          0|
    |v21_reg_2178                       |  32|   0|   32|          0|
    |v22_reg_2268                       |  32|   0|   32|          0|
    |v24_reg_2183                       |  32|   0|   32|          0|
    |v25_reg_2213                       |  32|   0|   32|          0|
    |v26_reg_2233                       |  32|   0|   32|          0|
    |v27_reg_2188                       |  32|   0|   32|          0|
    |v28_reg_2253                       |  32|   0|   32|          0|
    |v29_reg_2273                       |  32|   0|   32|          0|
    |v31_reg_2218                       |  32|   0|   32|          0|
    |v32_reg_2193                       |  32|   0|   32|          0|
    |v33_reg_2238                       |  32|   0|   32|          0|
    |v34_reg_2198                       |  32|   0|   32|          0|
    |v35_reg_2258                       |  32|   0|   32|          0|
    |v36_reg_2278                       |  32|   0|   32|          0|
    |v4_fu_132                          |  11|   0|   11|          0|
    |v5_fu_128                          |  11|   0|   11|          0|
    |v6_reg_2135                        |  32|   0|   32|          0|
    |v7_reg_2142                        |  32|   0|   32|          0|
    |v8_reg_2203                        |  32|   0|   32|          0|
    |v9_reg_2147                        |  32|   0|   32|          0|
    |zext_ln52_reg_1881                 |  20|   0|   64|         44|
    |zext_ln59_reg_1999                 |  20|   0|   64|         44|
    |zext_ln61_reg_2012                 |  20|   0|   64|         44|
    |zext_ln65_reg_1863                 |  20|   0|   64|         44|
    |trunc_ln42_reg_1805                |  64|  32|    1|          0|
    |trunc_ln45_reg_1828                |  64|  32|    1|          0|
    |v11_reg_2154                       |  64|  32|   32|          0|
    |v13_reg_2161                       |  64|  32|   32|          0|
    |v17_reg_2166                       |  64|  32|   32|          0|
    |v19_reg_2171                       |  64|  32|   32|          0|
    |v21_reg_2178                       |  64|  32|   32|          0|
    |v27_reg_2188                       |  64|  32|   32|          0|
    |v32_reg_2193                       |  64|  32|   32|          0|
    |v34_reg_2198                       |  64|  32|   32|          0|
    |v6_reg_2135                        |  64|  32|   32|          0|
    |v9_reg_2147                        |  64|  32|   32|          0|
    |zext_ln52_reg_1881                 |  64|  32|   64|         44|
    |zext_ln59_reg_1999                 |  64|  32|   64|         44|
    |zext_ln61_reg_2012                 |  64|  32|   64|         44|
    |zext_ln65_reg_1863                 |  64|  32|   64|         44|
    +-----------------------------------+----+----+-----+-----------+
    |Total                              |2288| 512| 2018|        352|
    +-----------------------------------+----+----+-----+-----------+



================================================================
== Interface
================================================================
* Summary: 
+---------------------+-----+-----+------------+-------------------------------------------------------------+--------------+
|      RTL Ports      | Dir | Bits|  Protocol  |                        Source Object                        |    C Type    |
+---------------------+-----+-----+------------+-------------------------------------------------------------+--------------+
|ap_clk               |   in|    1|  ap_ctrl_hs|  test_jacobi2d_4096_Pipeline_VITIS_LOOP_42_2_VITIS_LOOP_43_3|  return value|
|ap_rst               |   in|    1|  ap_ctrl_hs|  test_jacobi2d_4096_Pipeline_VITIS_LOOP_42_2_VITIS_LOOP_43_3|  return value|
|ap_start             |   in|    1|  ap_ctrl_hs|  test_jacobi2d_4096_Pipeline_VITIS_LOOP_42_2_VITIS_LOOP_43_3|  return value|
|ap_done              |  out|    1|  ap_ctrl_hs|  test_jacobi2d_4096_Pipeline_VITIS_LOOP_42_2_VITIS_LOOP_43_3|  return value|
|ap_idle              |  out|    1|  ap_ctrl_hs|  test_jacobi2d_4096_Pipeline_VITIS_LOOP_42_2_VITIS_LOOP_43_3|  return value|
|ap_ready             |  out|    1|  ap_ctrl_hs|  test_jacobi2d_4096_Pipeline_VITIS_LOOP_42_2_VITIS_LOOP_43_3|  return value|
|grp_fu_301_p_din0    |  out|   32|  ap_ctrl_hs|  test_jacobi2d_4096_Pipeline_VITIS_LOOP_42_2_VITIS_LOOP_43_3|  return value|
|grp_fu_301_p_din1    |  out|   32|  ap_ctrl_hs|  test_jacobi2d_4096_Pipeline_VITIS_LOOP_42_2_VITIS_LOOP_43_3|  return value|
|grp_fu_301_p_opcode  |  out|    2|  ap_ctrl_hs|  test_jacobi2d_4096_Pipeline_VITIS_LOOP_42_2_VITIS_LOOP_43_3|  return value|
|grp_fu_301_p_dout0   |   in|   32|  ap_ctrl_hs|  test_jacobi2d_4096_Pipeline_VITIS_LOOP_42_2_VITIS_LOOP_43_3|  return value|
|grp_fu_301_p_ce      |  out|    1|  ap_ctrl_hs|  test_jacobi2d_4096_Pipeline_VITIS_LOOP_42_2_VITIS_LOOP_43_3|  return value|
|grp_fu_305_p_din0    |  out|   32|  ap_ctrl_hs|  test_jacobi2d_4096_Pipeline_VITIS_LOOP_42_2_VITIS_LOOP_43_3|  return value|
|grp_fu_305_p_din1    |  out|   32|  ap_ctrl_hs|  test_jacobi2d_4096_Pipeline_VITIS_LOOP_42_2_VITIS_LOOP_43_3|  return value|
|grp_fu_305_p_opcode  |  out|    2|  ap_ctrl_hs|  test_jacobi2d_4096_Pipeline_VITIS_LOOP_42_2_VITIS_LOOP_43_3|  return value|
|grp_fu_305_p_dout0   |   in|   32|  ap_ctrl_hs|  test_jacobi2d_4096_Pipeline_VITIS_LOOP_42_2_VITIS_LOOP_43_3|  return value|
|grp_fu_305_p_ce      |  out|    1|  ap_ctrl_hs|  test_jacobi2d_4096_Pipeline_VITIS_LOOP_42_2_VITIS_LOOP_43_3|  return value|
|grp_fu_309_p_din0    |  out|   32|  ap_ctrl_hs|  test_jacobi2d_4096_Pipeline_VITIS_LOOP_42_2_VITIS_LOOP_43_3|  return value|
|grp_fu_309_p_din1    |  out|   32|  ap_ctrl_hs|  test_jacobi2d_4096_Pipeline_VITIS_LOOP_42_2_VITIS_LOOP_43_3|  return value|
|grp_fu_309_p_opcode  |  out|    2|  ap_ctrl_hs|  test_jacobi2d_4096_Pipeline_VITIS_LOOP_42_2_VITIS_LOOP_43_3|  return value|
|grp_fu_309_p_dout0   |   in|   32|  ap_ctrl_hs|  test_jacobi2d_4096_Pipeline_VITIS_LOOP_42_2_VITIS_LOOP_43_3|  return value|
|grp_fu_309_p_ce      |  out|    1|  ap_ctrl_hs|  test_jacobi2d_4096_Pipeline_VITIS_LOOP_42_2_VITIS_LOOP_43_3|  return value|
|grp_fu_313_p_din0    |  out|   32|  ap_ctrl_hs|  test_jacobi2d_4096_Pipeline_VITIS_LOOP_42_2_VITIS_LOOP_43_3|  return value|
|grp_fu_313_p_din1    |  out|   32|  ap_ctrl_hs|  test_jacobi2d_4096_Pipeline_VITIS_LOOP_42_2_VITIS_LOOP_43_3|  return value|
|grp_fu_313_p_opcode  |  out|    2|  ap_ctrl_hs|  test_jacobi2d_4096_Pipeline_VITIS_LOOP_42_2_VITIS_LOOP_43_3|  return value|
|grp_fu_313_p_dout0   |   in|   32|  ap_ctrl_hs|  test_jacobi2d_4096_Pipeline_VITIS_LOOP_42_2_VITIS_LOOP_43_3|  return value|
|grp_fu_313_p_ce      |  out|    1|  ap_ctrl_hs|  test_jacobi2d_4096_Pipeline_VITIS_LOOP_42_2_VITIS_LOOP_43_3|  return value|
|grp_fu_317_p_din0    |  out|   32|  ap_ctrl_hs|  test_jacobi2d_4096_Pipeline_VITIS_LOOP_42_2_VITIS_LOOP_43_3|  return value|
|grp_fu_317_p_din1    |  out|   32|  ap_ctrl_hs|  test_jacobi2d_4096_Pipeline_VITIS_LOOP_42_2_VITIS_LOOP_43_3|  return value|
|grp_fu_317_p_opcode  |  out|    2|  ap_ctrl_hs|  test_jacobi2d_4096_Pipeline_VITIS_LOOP_42_2_VITIS_LOOP_43_3|  return value|
|grp_fu_317_p_dout0   |   in|   32|  ap_ctrl_hs|  test_jacobi2d_4096_Pipeline_VITIS_LOOP_42_2_VITIS_LOOP_43_3|  return value|
|grp_fu_317_p_ce      |  out|    1|  ap_ctrl_hs|  test_jacobi2d_4096_Pipeline_VITIS_LOOP_42_2_VITIS_LOOP_43_3|  return value|
|grp_fu_321_p_din0    |  out|   32|  ap_ctrl_hs|  test_jacobi2d_4096_Pipeline_VITIS_LOOP_42_2_VITIS_LOOP_43_3|  return value|
|grp_fu_321_p_din1    |  out|   32|  ap_ctrl_hs|  test_jacobi2d_4096_Pipeline_VITIS_LOOP_42_2_VITIS_LOOP_43_3|  return value|
|grp_fu_321_p_opcode  |  out|    2|  ap_ctrl_hs|  test_jacobi2d_4096_Pipeline_VITIS_LOOP_42_2_VITIS_LOOP_43_3|  return value|
|grp_fu_321_p_dout0   |   in|   32|  ap_ctrl_hs|  test_jacobi2d_4096_Pipeline_VITIS_LOOP_42_2_VITIS_LOOP_43_3|  return value|
|grp_fu_321_p_ce      |  out|    1|  ap_ctrl_hs|  test_jacobi2d_4096_Pipeline_VITIS_LOOP_42_2_VITIS_LOOP_43_3|  return value|
|grp_fu_325_p_din0    |  out|   32|  ap_ctrl_hs|  test_jacobi2d_4096_Pipeline_VITIS_LOOP_42_2_VITIS_LOOP_43_3|  return value|
|grp_fu_325_p_din1    |  out|   32|  ap_ctrl_hs|  test_jacobi2d_4096_Pipeline_VITIS_LOOP_42_2_VITIS_LOOP_43_3|  return value|
|grp_fu_325_p_opcode  |  out|    2|  ap_ctrl_hs|  test_jacobi2d_4096_Pipeline_VITIS_LOOP_42_2_VITIS_LOOP_43_3|  return value|
|grp_fu_325_p_dout0   |   in|   32|  ap_ctrl_hs|  test_jacobi2d_4096_Pipeline_VITIS_LOOP_42_2_VITIS_LOOP_43_3|  return value|
|grp_fu_325_p_ce      |  out|    1|  ap_ctrl_hs|  test_jacobi2d_4096_Pipeline_VITIS_LOOP_42_2_VITIS_LOOP_43_3|  return value|
|grp_fu_329_p_din0    |  out|   32|  ap_ctrl_hs|  test_jacobi2d_4096_Pipeline_VITIS_LOOP_42_2_VITIS_LOOP_43_3|  return value|
|grp_fu_329_p_din1    |  out|   32|  ap_ctrl_hs|  test_jacobi2d_4096_Pipeline_VITIS_LOOP_42_2_VITIS_LOOP_43_3|  return value|
|grp_fu_329_p_opcode  |  out|    2|  ap_ctrl_hs|  test_jacobi2d_4096_Pipeline_VITIS_LOOP_42_2_VITIS_LOOP_43_3|  return value|
|grp_fu_329_p_dout0   |   in|   32|  ap_ctrl_hs|  test_jacobi2d_4096_Pipeline_VITIS_LOOP_42_2_VITIS_LOOP_43_3|  return value|
|grp_fu_329_p_ce      |  out|    1|  ap_ctrl_hs|  test_jacobi2d_4096_Pipeline_VITIS_LOOP_42_2_VITIS_LOOP_43_3|  return value|
|grp_fu_333_p_din0    |  out|   32|  ap_ctrl_hs|  test_jacobi2d_4096_Pipeline_VITIS_LOOP_42_2_VITIS_LOOP_43_3|  return value|
|grp_fu_333_p_din1    |  out|   32|  ap_ctrl_hs|  test_jacobi2d_4096_Pipeline_VITIS_LOOP_42_2_VITIS_LOOP_43_3|  return value|
|grp_fu_333_p_opcode  |  out|    2|  ap_ctrl_hs|  test_jacobi2d_4096_Pipeline_VITIS_LOOP_42_2_VITIS_LOOP_43_3|  return value|
|grp_fu_333_p_dout0   |   in|   32|  ap_ctrl_hs|  test_jacobi2d_4096_Pipeline_VITIS_LOOP_42_2_VITIS_LOOP_43_3|  return value|
|grp_fu_333_p_ce      |  out|    1|  ap_ctrl_hs|  test_jacobi2d_4096_Pipeline_VITIS_LOOP_42_2_VITIS_LOOP_43_3|  return value|
|grp_fu_337_p_din0    |  out|   32|  ap_ctrl_hs|  test_jacobi2d_4096_Pipeline_VITIS_LOOP_42_2_VITIS_LOOP_43_3|  return value|
|grp_fu_337_p_din1    |  out|   32|  ap_ctrl_hs|  test_jacobi2d_4096_Pipeline_VITIS_LOOP_42_2_VITIS_LOOP_43_3|  return value|
|grp_fu_337_p_opcode  |  out|    2|  ap_ctrl_hs|  test_jacobi2d_4096_Pipeline_VITIS_LOOP_42_2_VITIS_LOOP_43_3|  return value|
|grp_fu_337_p_dout0   |   in|   32|  ap_ctrl_hs|  test_jacobi2d_4096_Pipeline_VITIS_LOOP_42_2_VITIS_LOOP_43_3|  return value|
|grp_fu_337_p_ce      |  out|    1|  ap_ctrl_hs|  test_jacobi2d_4096_Pipeline_VITIS_LOOP_42_2_VITIS_LOOP_43_3|  return value|
|grp_fu_341_p_din0    |  out|   32|  ap_ctrl_hs|  test_jacobi2d_4096_Pipeline_VITIS_LOOP_42_2_VITIS_LOOP_43_3|  return value|
|grp_fu_341_p_din1    |  out|   32|  ap_ctrl_hs|  test_jacobi2d_4096_Pipeline_VITIS_LOOP_42_2_VITIS_LOOP_43_3|  return value|
|grp_fu_341_p_opcode  |  out|    2|  ap_ctrl_hs|  test_jacobi2d_4096_Pipeline_VITIS_LOOP_42_2_VITIS_LOOP_43_3|  return value|
|grp_fu_341_p_dout0   |   in|   32|  ap_ctrl_hs|  test_jacobi2d_4096_Pipeline_VITIS_LOOP_42_2_VITIS_LOOP_43_3|  return value|
|grp_fu_341_p_ce      |  out|    1|  ap_ctrl_hs|  test_jacobi2d_4096_Pipeline_VITIS_LOOP_42_2_VITIS_LOOP_43_3|  return value|
|grp_fu_345_p_din0    |  out|   32|  ap_ctrl_hs|  test_jacobi2d_4096_Pipeline_VITIS_LOOP_42_2_VITIS_LOOP_43_3|  return value|
|grp_fu_345_p_din1    |  out|   32|  ap_ctrl_hs|  test_jacobi2d_4096_Pipeline_VITIS_LOOP_42_2_VITIS_LOOP_43_3|  return value|
|grp_fu_345_p_opcode  |  out|    2|  ap_ctrl_hs|  test_jacobi2d_4096_Pipeline_VITIS_LOOP_42_2_VITIS_LOOP_43_3|  return value|
|grp_fu_345_p_dout0   |   in|   32|  ap_ctrl_hs|  test_jacobi2d_4096_Pipeline_VITIS_LOOP_42_2_VITIS_LOOP_43_3|  return value|
|grp_fu_345_p_ce      |  out|    1|  ap_ctrl_hs|  test_jacobi2d_4096_Pipeline_VITIS_LOOP_42_2_VITIS_LOOP_43_3|  return value|
|grp_fu_349_p_din0    |  out|   32|  ap_ctrl_hs|  test_jacobi2d_4096_Pipeline_VITIS_LOOP_42_2_VITIS_LOOP_43_3|  return value|
|grp_fu_349_p_din1    |  out|   32|  ap_ctrl_hs|  test_jacobi2d_4096_Pipeline_VITIS_LOOP_42_2_VITIS_LOOP_43_3|  return value|
|grp_fu_349_p_opcode  |  out|    2|  ap_ctrl_hs|  test_jacobi2d_4096_Pipeline_VITIS_LOOP_42_2_VITIS_LOOP_43_3|  return value|
|grp_fu_349_p_dout0   |   in|   32|  ap_ctrl_hs|  test_jacobi2d_4096_Pipeline_VITIS_LOOP_42_2_VITIS_LOOP_43_3|  return value|
|grp_fu_349_p_ce      |  out|    1|  ap_ctrl_hs|  test_jacobi2d_4096_Pipeline_VITIS_LOOP_42_2_VITIS_LOOP_43_3|  return value|
|grp_fu_353_p_din0    |  out|   32|  ap_ctrl_hs|  test_jacobi2d_4096_Pipeline_VITIS_LOOP_42_2_VITIS_LOOP_43_3|  return value|
|grp_fu_353_p_din1    |  out|   32|  ap_ctrl_hs|  test_jacobi2d_4096_Pipeline_VITIS_LOOP_42_2_VITIS_LOOP_43_3|  return value|
|grp_fu_353_p_opcode  |  out|    2|  ap_ctrl_hs|  test_jacobi2d_4096_Pipeline_VITIS_LOOP_42_2_VITIS_LOOP_43_3|  return value|
|grp_fu_353_p_dout0   |   in|   32|  ap_ctrl_hs|  test_jacobi2d_4096_Pipeline_VITIS_LOOP_42_2_VITIS_LOOP_43_3|  return value|
|grp_fu_353_p_ce      |  out|    1|  ap_ctrl_hs|  test_jacobi2d_4096_Pipeline_VITIS_LOOP_42_2_VITIS_LOOP_43_3|  return value|
|grp_fu_357_p_din0    |  out|   32|  ap_ctrl_hs|  test_jacobi2d_4096_Pipeline_VITIS_LOOP_42_2_VITIS_LOOP_43_3|  return value|
|grp_fu_357_p_din1    |  out|   32|  ap_ctrl_hs|  test_jacobi2d_4096_Pipeline_VITIS_LOOP_42_2_VITIS_LOOP_43_3|  return value|
|grp_fu_357_p_opcode  |  out|    2|  ap_ctrl_hs|  test_jacobi2d_4096_Pipeline_VITIS_LOOP_42_2_VITIS_LOOP_43_3|  return value|
|grp_fu_357_p_dout0   |   in|   32|  ap_ctrl_hs|  test_jacobi2d_4096_Pipeline_VITIS_LOOP_42_2_VITIS_LOOP_43_3|  return value|
|grp_fu_357_p_ce      |  out|    1|  ap_ctrl_hs|  test_jacobi2d_4096_Pipeline_VITIS_LOOP_42_2_VITIS_LOOP_43_3|  return value|
|grp_fu_361_p_din0    |  out|   32|  ap_ctrl_hs|  test_jacobi2d_4096_Pipeline_VITIS_LOOP_42_2_VITIS_LOOP_43_3|  return value|
|grp_fu_361_p_din1    |  out|   32|  ap_ctrl_hs|  test_jacobi2d_4096_Pipeline_VITIS_LOOP_42_2_VITIS_LOOP_43_3|  return value|
|grp_fu_361_p_opcode  |  out|    2|  ap_ctrl_hs|  test_jacobi2d_4096_Pipeline_VITIS_LOOP_42_2_VITIS_LOOP_43_3|  return value|
|grp_fu_361_p_dout0   |   in|   32|  ap_ctrl_hs|  test_jacobi2d_4096_Pipeline_VITIS_LOOP_42_2_VITIS_LOOP_43_3|  return value|
|grp_fu_361_p_ce      |  out|    1|  ap_ctrl_hs|  test_jacobi2d_4096_Pipeline_VITIS_LOOP_42_2_VITIS_LOOP_43_3|  return value|
|grp_fu_365_p_din0    |  out|   32|  ap_ctrl_hs|  test_jacobi2d_4096_Pipeline_VITIS_LOOP_42_2_VITIS_LOOP_43_3|  return value|
|grp_fu_365_p_din1    |  out|   32|  ap_ctrl_hs|  test_jacobi2d_4096_Pipeline_VITIS_LOOP_42_2_VITIS_LOOP_43_3|  return value|
|grp_fu_365_p_dout0   |   in|   32|  ap_ctrl_hs|  test_jacobi2d_4096_Pipeline_VITIS_LOOP_42_2_VITIS_LOOP_43_3|  return value|
|grp_fu_365_p_ce      |  out|    1|  ap_ctrl_hs|  test_jacobi2d_4096_Pipeline_VITIS_LOOP_42_2_VITIS_LOOP_43_3|  return value|
|grp_fu_369_p_din0    |  out|   32|  ap_ctrl_hs|  test_jacobi2d_4096_Pipeline_VITIS_LOOP_42_2_VITIS_LOOP_43_3|  return value|
|grp_fu_369_p_din1    |  out|   32|  ap_ctrl_hs|  test_jacobi2d_4096_Pipeline_VITIS_LOOP_42_2_VITIS_LOOP_43_3|  return value|
|grp_fu_369_p_dout0   |   in|   32|  ap_ctrl_hs|  test_jacobi2d_4096_Pipeline_VITIS_LOOP_42_2_VITIS_LOOP_43_3|  return value|
|grp_fu_369_p_ce      |  out|    1|  ap_ctrl_hs|  test_jacobi2d_4096_Pipeline_VITIS_LOOP_42_2_VITIS_LOOP_43_3|  return value|
|grp_fu_373_p_din0    |  out|   32|  ap_ctrl_hs|  test_jacobi2d_4096_Pipeline_VITIS_LOOP_42_2_VITIS_LOOP_43_3|  return value|
|grp_fu_373_p_din1    |  out|   32|  ap_ctrl_hs|  test_jacobi2d_4096_Pipeline_VITIS_LOOP_42_2_VITIS_LOOP_43_3|  return value|
|grp_fu_373_p_dout0   |   in|   32|  ap_ctrl_hs|  test_jacobi2d_4096_Pipeline_VITIS_LOOP_42_2_VITIS_LOOP_43_3|  return value|
|grp_fu_373_p_ce      |  out|    1|  ap_ctrl_hs|  test_jacobi2d_4096_Pipeline_VITIS_LOOP_42_2_VITIS_LOOP_43_3|  return value|
|grp_fu_377_p_din0    |  out|   32|  ap_ctrl_hs|  test_jacobi2d_4096_Pipeline_VITIS_LOOP_42_2_VITIS_LOOP_43_3|  return value|
|grp_fu_377_p_din1    |  out|   32|  ap_ctrl_hs|  test_jacobi2d_4096_Pipeline_VITIS_LOOP_42_2_VITIS_LOOP_43_3|  return value|
|grp_fu_377_p_dout0   |   in|   32|  ap_ctrl_hs|  test_jacobi2d_4096_Pipeline_VITIS_LOOP_42_2_VITIS_LOOP_43_3|  return value|
|grp_fu_377_p_ce      |  out|    1|  ap_ctrl_hs|  test_jacobi2d_4096_Pipeline_VITIS_LOOP_42_2_VITIS_LOOP_43_3|  return value|
|v2_0_0_Addr_A        |  out|   32|        bram|                                                       v2_0_0|         array|
|v2_0_0_EN_A          |  out|    1|        bram|                                                       v2_0_0|         array|
|v2_0_0_WEN_A         |  out|    4|        bram|                                                       v2_0_0|         array|
|v2_0_0_Din_A         |  out|   32|        bram|                                                       v2_0_0|         array|
|v2_0_0_Dout_A        |   in|   32|        bram|                                                       v2_0_0|         array|
|v2_0_1_Addr_A        |  out|   32|        bram|                                                       v2_0_1|         array|
|v2_0_1_EN_A          |  out|    1|        bram|                                                       v2_0_1|         array|
|v2_0_1_WEN_A         |  out|    4|        bram|                                                       v2_0_1|         array|
|v2_0_1_Din_A         |  out|   32|        bram|                                                       v2_0_1|         array|
|v2_0_1_Dout_A        |   in|   32|        bram|                                                       v2_0_1|         array|
|v2_0_2_Addr_A        |  out|   32|        bram|                                                       v2_0_2|         array|
|v2_0_2_EN_A          |  out|    1|        bram|                                                       v2_0_2|         array|
|v2_0_2_WEN_A         |  out|    4|        bram|                                                       v2_0_2|         array|
|v2_0_2_Din_A         |  out|   32|        bram|                                                       v2_0_2|         array|
|v2_0_2_Dout_A        |   in|   32|        bram|                                                       v2_0_2|         array|
|v2_0_3_Addr_A        |  out|   32|        bram|                                                       v2_0_3|         array|
|v2_0_3_EN_A          |  out|    1|        bram|                                                       v2_0_3|         array|
|v2_0_3_WEN_A         |  out|    4|        bram|                                                       v2_0_3|         array|
|v2_0_3_Din_A         |  out|   32|        bram|                                                       v2_0_3|         array|
|v2_0_3_Dout_A        |   in|   32|        bram|                                                       v2_0_3|         array|
|v2_1_0_Addr_A        |  out|   32|        bram|                                                       v2_1_0|         array|
|v2_1_0_EN_A          |  out|    1|        bram|                                                       v2_1_0|         array|
|v2_1_0_WEN_A         |  out|    4|        bram|                                                       v2_1_0|         array|
|v2_1_0_Din_A         |  out|   32|        bram|                                                       v2_1_0|         array|
|v2_1_0_Dout_A        |   in|   32|        bram|                                                       v2_1_0|         array|
|v2_1_1_Addr_A        |  out|   32|        bram|                                                       v2_1_1|         array|
|v2_1_1_EN_A          |  out|    1|        bram|                                                       v2_1_1|         array|
|v2_1_1_WEN_A         |  out|    4|        bram|                                                       v2_1_1|         array|
|v2_1_1_Din_A         |  out|   32|        bram|                                                       v2_1_1|         array|
|v2_1_1_Dout_A        |   in|   32|        bram|                                                       v2_1_1|         array|
|v2_1_2_Addr_A        |  out|   32|        bram|                                                       v2_1_2|         array|
|v2_1_2_EN_A          |  out|    1|        bram|                                                       v2_1_2|         array|
|v2_1_2_WEN_A         |  out|    4|        bram|                                                       v2_1_2|         array|
|v2_1_2_Din_A         |  out|   32|        bram|                                                       v2_1_2|         array|
|v2_1_2_Dout_A        |   in|   32|        bram|                                                       v2_1_2|         array|
|v2_1_3_Addr_A        |  out|   32|        bram|                                                       v2_1_3|         array|
|v2_1_3_EN_A          |  out|    1|        bram|                                                       v2_1_3|         array|
|v2_1_3_WEN_A         |  out|    4|        bram|                                                       v2_1_3|         array|
|v2_1_3_Din_A         |  out|   32|        bram|                                                       v2_1_3|         array|
|v2_1_3_Dout_A        |   in|   32|        bram|                                                       v2_1_3|         array|
|v2_2_0_Addr_A        |  out|   32|        bram|                                                       v2_2_0|         array|
|v2_2_0_EN_A          |  out|    1|        bram|                                                       v2_2_0|         array|
|v2_2_0_WEN_A         |  out|    4|        bram|                                                       v2_2_0|         array|
|v2_2_0_Din_A         |  out|   32|        bram|                                                       v2_2_0|         array|
|v2_2_0_Dout_A        |   in|   32|        bram|                                                       v2_2_0|         array|
|v2_2_1_Addr_A        |  out|   32|        bram|                                                       v2_2_1|         array|
|v2_2_1_EN_A          |  out|    1|        bram|                                                       v2_2_1|         array|
|v2_2_1_WEN_A         |  out|    4|        bram|                                                       v2_2_1|         array|
|v2_2_1_Din_A         |  out|   32|        bram|                                                       v2_2_1|         array|
|v2_2_1_Dout_A        |   in|   32|        bram|                                                       v2_2_1|         array|
|v2_2_2_Addr_A        |  out|   32|        bram|                                                       v2_2_2|         array|
|v2_2_2_EN_A          |  out|    1|        bram|                                                       v2_2_2|         array|
|v2_2_2_WEN_A         |  out|    4|        bram|                                                       v2_2_2|         array|
|v2_2_2_Din_A         |  out|   32|        bram|                                                       v2_2_2|         array|
|v2_2_2_Dout_A        |   in|   32|        bram|                                                       v2_2_2|         array|
|v2_2_3_Addr_A        |  out|   32|        bram|                                                       v2_2_3|         array|
|v2_2_3_EN_A          |  out|    1|        bram|                                                       v2_2_3|         array|
|v2_2_3_WEN_A         |  out|    4|        bram|                                                       v2_2_3|         array|
|v2_2_3_Din_A         |  out|   32|        bram|                                                       v2_2_3|         array|
|v2_2_3_Dout_A        |   in|   32|        bram|                                                       v2_2_3|         array|
|v2_3_0_Addr_A        |  out|   32|        bram|                                                       v2_3_0|         array|
|v2_3_0_EN_A          |  out|    1|        bram|                                                       v2_3_0|         array|
|v2_3_0_WEN_A         |  out|    4|        bram|                                                       v2_3_0|         array|
|v2_3_0_Din_A         |  out|   32|        bram|                                                       v2_3_0|         array|
|v2_3_0_Dout_A        |   in|   32|        bram|                                                       v2_3_0|         array|
|v2_3_1_Addr_A        |  out|   32|        bram|                                                       v2_3_1|         array|
|v2_3_1_EN_A          |  out|    1|        bram|                                                       v2_3_1|         array|
|v2_3_1_WEN_A         |  out|    4|        bram|                                                       v2_3_1|         array|
|v2_3_1_Din_A         |  out|   32|        bram|                                                       v2_3_1|         array|
|v2_3_1_Dout_A        |   in|   32|        bram|                                                       v2_3_1|         array|
|v2_3_2_Addr_A        |  out|   32|        bram|                                                       v2_3_2|         array|
|v2_3_2_EN_A          |  out|    1|        bram|                                                       v2_3_2|         array|
|v2_3_2_WEN_A         |  out|    4|        bram|                                                       v2_3_2|         array|
|v2_3_2_Din_A         |  out|   32|        bram|                                                       v2_3_2|         array|
|v2_3_2_Dout_A        |   in|   32|        bram|                                                       v2_3_2|         array|
|v2_3_3_Addr_A        |  out|   32|        bram|                                                       v2_3_3|         array|
|v2_3_3_EN_A          |  out|    1|        bram|                                                       v2_3_3|         array|
|v2_3_3_WEN_A         |  out|    4|        bram|                                                       v2_3_3|         array|
|v2_3_3_Din_A         |  out|   32|        bram|                                                       v2_3_3|         array|
|v2_3_3_Dout_A        |   in|   32|        bram|                                                       v2_3_3|         array|
|v0                   |   in|   32|     ap_none|                                                           v0|        scalar|
|v1_0_1_Addr_A        |  out|   32|        bram|                                                       v1_0_1|         array|
|v1_0_1_EN_A          |  out|    1|        bram|                                                       v1_0_1|         array|
|v1_0_1_WEN_A         |  out|    4|        bram|                                                       v1_0_1|         array|
|v1_0_1_Din_A         |  out|   32|        bram|                                                       v1_0_1|         array|
|v1_0_1_Dout_A        |   in|   32|        bram|                                                       v1_0_1|         array|
|v1_0_3_Addr_A        |  out|   32|        bram|                                                       v1_0_3|         array|
|v1_0_3_EN_A          |  out|    1|        bram|                                                       v1_0_3|         array|
|v1_0_3_WEN_A         |  out|    4|        bram|                                                       v1_0_3|         array|
|v1_0_3_Din_A         |  out|   32|        bram|                                                       v1_0_3|         array|
|v1_0_3_Dout_A        |   in|   32|        bram|                                                       v1_0_3|         array|
|v1_1_1_Addr_A        |  out|   32|        bram|                                                       v1_1_1|         array|
|v1_1_1_EN_A          |  out|    1|        bram|                                                       v1_1_1|         array|
|v1_1_1_WEN_A         |  out|    4|        bram|                                                       v1_1_1|         array|
|v1_1_1_Din_A         |  out|   32|        bram|                                                       v1_1_1|         array|
|v1_1_1_Dout_A        |   in|   32|        bram|                                                       v1_1_1|         array|
|v1_1_3_Addr_A        |  out|   32|        bram|                                                       v1_1_3|         array|
|v1_1_3_EN_A          |  out|    1|        bram|                                                       v1_1_3|         array|
|v1_1_3_WEN_A         |  out|    4|        bram|                                                       v1_1_3|         array|
|v1_1_3_Din_A         |  out|   32|        bram|                                                       v1_1_3|         array|
|v1_1_3_Dout_A        |   in|   32|        bram|                                                       v1_1_3|         array|
|v1_2_1_Addr_A        |  out|   32|        bram|                                                       v1_2_1|         array|
|v1_2_1_EN_A          |  out|    1|        bram|                                                       v1_2_1|         array|
|v1_2_1_WEN_A         |  out|    4|        bram|                                                       v1_2_1|         array|
|v1_2_1_Din_A         |  out|   32|        bram|                                                       v1_2_1|         array|
|v1_2_1_Dout_A        |   in|   32|        bram|                                                       v1_2_1|         array|
|v1_2_3_Addr_A        |  out|   32|        bram|                                                       v1_2_3|         array|
|v1_2_3_EN_A          |  out|    1|        bram|                                                       v1_2_3|         array|
|v1_2_3_WEN_A         |  out|    4|        bram|                                                       v1_2_3|         array|
|v1_2_3_Din_A         |  out|   32|        bram|                                                       v1_2_3|         array|
|v1_2_3_Dout_A        |   in|   32|        bram|                                                       v1_2_3|         array|
|v1_3_1_Addr_A        |  out|   32|        bram|                                                       v1_3_1|         array|
|v1_3_1_EN_A          |  out|    1|        bram|                                                       v1_3_1|         array|
|v1_3_1_WEN_A         |  out|    4|        bram|                                                       v1_3_1|         array|
|v1_3_1_Din_A         |  out|   32|        bram|                                                       v1_3_1|         array|
|v1_3_1_Dout_A        |   in|   32|        bram|                                                       v1_3_1|         array|
|v1_3_3_Addr_A        |  out|   32|        bram|                                                       v1_3_3|         array|
|v1_3_3_EN_A          |  out|    1|        bram|                                                       v1_3_3|         array|
|v1_3_3_WEN_A         |  out|    4|        bram|                                                       v1_3_3|         array|
|v1_3_3_Din_A         |  out|   32|        bram|                                                       v1_3_3|         array|
|v1_3_3_Dout_A        |   in|   32|        bram|                                                       v1_3_3|         array|
|v1_0_0_Addr_A        |  out|   32|        bram|                                                       v1_0_0|         array|
|v1_0_0_EN_A          |  out|    1|        bram|                                                       v1_0_0|         array|
|v1_0_0_WEN_A         |  out|    4|        bram|                                                       v1_0_0|         array|
|v1_0_0_Din_A         |  out|   32|        bram|                                                       v1_0_0|         array|
|v1_0_0_Dout_A        |   in|   32|        bram|                                                       v1_0_0|         array|
|v1_0_2_Addr_A        |  out|   32|        bram|                                                       v1_0_2|         array|
|v1_0_2_EN_A          |  out|    1|        bram|                                                       v1_0_2|         array|
|v1_0_2_WEN_A         |  out|    4|        bram|                                                       v1_0_2|         array|
|v1_0_2_Din_A         |  out|   32|        bram|                                                       v1_0_2|         array|
|v1_0_2_Dout_A        |   in|   32|        bram|                                                       v1_0_2|         array|
|v1_1_0_Addr_A        |  out|   32|        bram|                                                       v1_1_0|         array|
|v1_1_0_EN_A          |  out|    1|        bram|                                                       v1_1_0|         array|
|v1_1_0_WEN_A         |  out|    4|        bram|                                                       v1_1_0|         array|
|v1_1_0_Din_A         |  out|   32|        bram|                                                       v1_1_0|         array|
|v1_1_0_Dout_A        |   in|   32|        bram|                                                       v1_1_0|         array|
|v1_1_2_Addr_A        |  out|   32|        bram|                                                       v1_1_2|         array|
|v1_1_2_EN_A          |  out|    1|        bram|                                                       v1_1_2|         array|
|v1_1_2_WEN_A         |  out|    4|        bram|                                                       v1_1_2|         array|
|v1_1_2_Din_A         |  out|   32|        bram|                                                       v1_1_2|         array|
|v1_1_2_Dout_A        |   in|   32|        bram|                                                       v1_1_2|         array|
|v1_2_0_Addr_A        |  out|   32|        bram|                                                       v1_2_0|         array|
|v1_2_0_EN_A          |  out|    1|        bram|                                                       v1_2_0|         array|
|v1_2_0_WEN_A         |  out|    4|        bram|                                                       v1_2_0|         array|
|v1_2_0_Din_A         |  out|   32|        bram|                                                       v1_2_0|         array|
|v1_2_0_Dout_A        |   in|   32|        bram|                                                       v1_2_0|         array|
|v1_2_2_Addr_A        |  out|   32|        bram|                                                       v1_2_2|         array|
|v1_2_2_EN_A          |  out|    1|        bram|                                                       v1_2_2|         array|
|v1_2_2_WEN_A         |  out|    4|        bram|                                                       v1_2_2|         array|
|v1_2_2_Din_A         |  out|   32|        bram|                                                       v1_2_2|         array|
|v1_2_2_Dout_A        |   in|   32|        bram|                                                       v1_2_2|         array|
|v1_3_0_Addr_A        |  out|   32|        bram|                                                       v1_3_0|         array|
|v1_3_0_EN_A          |  out|    1|        bram|                                                       v1_3_0|         array|
|v1_3_0_WEN_A         |  out|    4|        bram|                                                       v1_3_0|         array|
|v1_3_0_Din_A         |  out|   32|        bram|                                                       v1_3_0|         array|
|v1_3_0_Dout_A        |   in|   32|        bram|                                                       v1_3_0|         array|
|v1_3_2_Addr_A        |  out|   32|        bram|                                                       v1_3_2|         array|
|v1_3_2_EN_A          |  out|    1|        bram|                                                       v1_3_2|         array|
|v1_3_2_WEN_A         |  out|    4|        bram|                                                       v1_3_2|         array|
|v1_3_2_Din_A         |  out|   32|        bram|                                                       v1_3_2|         array|
|v1_3_2_Dout_A        |   in|   32|        bram|                                                       v1_3_2|         array|
+---------------------+-----+-----+------------+-------------------------------------------------------------+--------------+

