

================================================================
== Vitis HLS Report for 'test_blur_4096_Pipeline_VITIS_LOOP_127_3_VITIS_LOOP_128_4'
================================================================
* Date:           Wed Nov  5 20:47:29 2025

* Version:        2022.2 (Build 3670227 on Oct 13 2022)
* Project:        test_blur_4096
* Solution:       test_blur_4096 (Vivado IP Flow Target)
* Product family: artix7
* Target device:  xc7a100t-csg324-1


================================================================
== Performance Estimates
================================================================
+ Timing: 
    * Summary: 
    +--------+----------+----------+------------+
    |  Clock |  Target  | Estimated| Uncertainty|
    +--------+----------+----------+------------+
    |ap_clk  |  10.00 ns|  6.456 ns|     2.70 ns|
    +--------+----------+----------+------------+

+ Latency: 
    * Summary: 
    +---------+---------+-----------+-----------+---------+---------+---------+
    |  Latency (cycles) |   Latency (absolute)  |      Interval     | Pipeline|
    |   min   |   max   |    min    |    max    |   min   |   max   |   Type  |
    +---------+---------+-----------+-----------+---------+---------+---------+
    |  4190243|  4190243|  41.902 ms|  41.902 ms|  4190243|  4190243|       no|
    +---------+---------+-----------+-----------+---------+---------+---------+

    + Detail: 
        * Instance: 
        N/A

        * Loop: 
        +-------------------------------------+---------+---------+----------+-----------+-----------+---------+----------+
        |                                     |  Latency (cycles) | Iteration|  Initiation Interval  |   Trip  |          |
        |              Loop Name              |   min   |   max   |  Latency |  achieved |   target  |  Count  | Pipelined|
        +-------------------------------------+---------+---------+----------+-----------+-----------+---------+----------+
        |- VITIS_LOOP_127_3_VITIS_LOOP_128_4  |  4190241|  4190241|        34|          1|          1|  4190209|       yes|
        +-------------------------------------+---------+---------+----------+-----------+-----------+---------+----------+



================================================================
== Utilization Estimates
================================================================
* Summary: 
+-----------------+---------+-----+--------+-------+-----+
|       Name      | BRAM_18K| DSP |   FF   |  LUT  | URAM|
+-----------------+---------+-----+--------+-------+-----+
|DSP              |        -|    -|       -|      -|    -|
|Expression       |        -|    -|       0|    152|    -|
|FIFO             |        -|    -|       -|      -|    -|
|Instance         |        -|    -|       0|    216|    -|
|Memory           |        -|    -|       -|      -|    -|
|Multiplexer      |        -|    -|       -|    162|    -|
|Register         |        -|    -|    3111|    512|    -|
+-----------------+---------+-----+--------+-------+-----+
|Total            |        0|    0|    3111|   1042|    0|
+-----------------+---------+-----+--------+-------+-----+
|Available        |      270|  240|  126800|  63400|    0|
+-----------------+---------+-----+--------+-------+-----+
|Utilization (%)  |        0|    0|       2|      1|    0|
+-----------------+---------+-----+--------+-------+-----+

+ Detail: 
    * Instance: 
    +--------------------+---------------+---------+----+---+----+-----+
    |      Instance      |     Module    | BRAM_18K| DSP| FF| LUT| URAM|
    +--------------------+---------------+---------+----+---+----+-----+
    |mux_21_32_1_1_U104  |mux_21_32_1_1  |        0|   0|  0|   9|    0|
    |mux_21_32_1_1_U105  |mux_21_32_1_1  |        0|   0|  0|   9|    0|
    |mux_21_32_1_1_U106  |mux_21_32_1_1  |        0|   0|  0|   9|    0|
    |mux_21_32_1_1_U107  |mux_21_32_1_1  |        0|   0|  0|   9|    0|
    |mux_21_32_1_1_U108  |mux_21_32_1_1  |        0|   0|  0|   9|    0|
    |mux_21_32_1_1_U109  |mux_21_32_1_1  |        0|   0|  0|   9|    0|
    |mux_21_32_1_1_U110  |mux_21_32_1_1  |        0|   0|  0|   9|    0|
    |mux_21_32_1_1_U111  |mux_21_32_1_1  |        0|   0|  0|   9|    0|
    |mux_21_32_1_1_U112  |mux_21_32_1_1  |        0|   0|  0|   9|    0|
    |mux_21_32_1_1_U113  |mux_21_32_1_1  |        0|   0|  0|   9|    0|
    |mux_21_32_1_1_U114  |mux_21_32_1_1  |        0|   0|  0|   9|    0|
    |mux_21_32_1_1_U115  |mux_21_32_1_1  |        0|   0|  0|   9|    0|
    |mux_21_32_1_1_U116  |mux_21_32_1_1  |        0|   0|  0|   9|    0|
    |mux_21_32_1_1_U117  |mux_21_32_1_1  |        0|   0|  0|   9|    0|
    |mux_21_32_1_1_U118  |mux_21_32_1_1  |        0|   0|  0|   9|    0|
    |mux_21_32_1_1_U119  |mux_21_32_1_1  |        0|   0|  0|   9|    0|
    |mux_21_32_1_1_U120  |mux_21_32_1_1  |        0|   0|  0|   9|    0|
    |mux_21_32_1_1_U121  |mux_21_32_1_1  |        0|   0|  0|   9|    0|
    |mux_21_32_1_1_U122  |mux_21_32_1_1  |        0|   0|  0|   9|    0|
    |mux_21_32_1_1_U123  |mux_21_32_1_1  |        0|   0|  0|   9|    0|
    |mux_21_32_1_1_U124  |mux_21_32_1_1  |        0|   0|  0|   9|    0|
    |mux_21_32_1_1_U125  |mux_21_32_1_1  |        0|   0|  0|   9|    0|
    |mux_21_32_1_1_U126  |mux_21_32_1_1  |        0|   0|  0|   9|    0|
    |mux_21_32_1_1_U127  |mux_21_32_1_1  |        0|   0|  0|   9|    0|
    +--------------------+---------------+---------+----+---+----+-----+
    |Total               |               |        0|   0|  0| 216|    0|
    +--------------------+---------------+---------+----+---+----+-----+

    * DSP: 
    N/A

    * Memory: 
    N/A

    * FIFO: 
    N/A

    * Expression: 
    +---------------------------+----------+----+---+----+------------+------------+
    |       Variable Name       | Operation| DSP| FF| LUT| Bitwidth P0| Bitwidth P1|
    +---------------------------+----------+----+---+----+------------+------------+
    |add_ln127_1_fu_1198_p2     |         +|   0|  0|  19|          12|           2|
    |add_ln127_2_fu_1214_p2     |         +|   0|  0|  19|          12|           2|
    |add_ln127_3_fu_1080_p2     |         +|   0|  0|  29|          22|           1|
    |add_ln127_fu_1092_p2       |         +|   0|  0|  18|          11|           1|
    |add_ln128_fu_1170_p2       |         +|   0|  0|  18|          11|           1|
    |icmp_ln127_fu_1074_p2      |      icmp|   0|  0|  14|          22|          13|
    |icmp_ln128_fu_1098_p2      |      icmp|   0|  0|  11|          11|           2|
    |select_ln127_1_fu_1112_p3  |    select|   0|  0|  11|           1|          11|
    |select_ln127_fu_1104_p3    |    select|   0|  0|  11|           1|           1|
    |ap_enable_pp0              |       xor|   0|  0|   2|           1|           2|
    +---------------------------+----------+----+---+----+------------+------------+
    |Total                      |          |   0|  0| 152|         104|          36|
    +---------------------------+----------+----+---+----+------------+------------+

    * Multiplexer: 
    +-------------------------+----+-----------+-----+-----------+
    |           Name          | LUT| Input Size| Bits| Total Bits|
    +-------------------------+----+-----------+-----+-----------+
    |ap_done_int              |   9|          2|    1|          2|
    |ap_enable_reg_pp0_iter1  |   9|          2|    1|          2|
    |ap_enable_reg_pp0_iter2  |   9|          2|    1|          2|
    |indvar_flatten24_fu_146  |   9|          2|   22|         44|
    |v2_0_0_0_WEN_A           |   9|          2|    4|          8|
    |v2_0_0_1_WEN_A           |   9|          2|    4|          8|
    |v2_0_0_2_WEN_A           |   9|          2|    4|          8|
    |v2_0_1_0_WEN_A           |   9|          2|    4|          8|
    |v2_0_1_1_WEN_A           |   9|          2|    4|          8|
    |v2_0_1_2_WEN_A           |   9|          2|    4|          8|
    |v2_1_0_0_WEN_A           |   9|          2|    4|          8|
    |v2_1_0_1_WEN_A           |   9|          2|    4|          8|
    |v2_1_0_2_WEN_A           |   9|          2|    4|          8|
    |v2_1_1_0_WEN_A           |   9|          2|    4|          8|
    |v2_1_1_1_WEN_A           |   9|          2|    4|          8|
    |v2_1_1_2_WEN_A           |   9|          2|    4|          8|
    |v66_fu_142               |   9|          2|   11|         22|
    |v67_fu_138               |   9|          2|   11|         22|
    +-------------------------+----+-----------+-----+-----------+
    |Total                    | 162|         36|   95|        190|
    +-------------------------+----+-----------+-----+-----------+

    * Register: 
    +-----------------------------------+----+----+-----+-----------+
    |                Name               | FF | LUT| Bits| Const Bits|
    +-----------------------------------+----+----+-----+-----------+
    |ap_CS_fsm                          |   1|   0|    1|          0|
    |ap_done_reg                        |   1|   0|    1|          0|
    |ap_enable_reg_pp0_iter1            |   1|   0|    1|          0|
    |ap_enable_reg_pp0_iter10           |   1|   0|    1|          0|
    |ap_enable_reg_pp0_iter11           |   1|   0|    1|          0|
    |ap_enable_reg_pp0_iter12           |   1|   0|    1|          0|
    |ap_enable_reg_pp0_iter13           |   1|   0|    1|          0|
    |ap_enable_reg_pp0_iter14           |   1|   0|    1|          0|
    |ap_enable_reg_pp0_iter15           |   1|   0|    1|          0|
    |ap_enable_reg_pp0_iter16           |   1|   0|    1|          0|
    |ap_enable_reg_pp0_iter17           |   1|   0|    1|          0|
    |ap_enable_reg_pp0_iter18           |   1|   0|    1|          0|
    |ap_enable_reg_pp0_iter19           |   1|   0|    1|          0|
    |ap_enable_reg_pp0_iter2            |   1|   0|    1|          0|
    |ap_enable_reg_pp0_iter20           |   1|   0|    1|          0|
    |ap_enable_reg_pp0_iter21           |   1|   0|    1|          0|
    |ap_enable_reg_pp0_iter22           |   1|   0|    1|          0|
    |ap_enable_reg_pp0_iter23           |   1|   0|    1|          0|
    |ap_enable_reg_pp0_iter24           |   1|   0|    1|          0|
    |ap_enable_reg_pp0_iter25           |   1|   0|    1|          0|
    |ap_enable_reg_pp0_iter26           |   1|   0|    1|          0|
    |ap_enable_reg_pp0_iter27           |   1|   0|    1|          0|
    |ap_enable_reg_pp0_iter28           |   1|   0|    1|          0|
    |ap_enable_reg_pp0_iter29           |   1|   0|    1|          0|
    |ap_enable_reg_pp0_iter3            |   1|   0|    1|          0|
    |ap_enable_reg_pp0_iter30           |   1|   0|    1|          0|
    |ap_enable_reg_pp0_iter31           |   1|   0|    1|          0|
    |ap_enable_reg_pp0_iter32           |   1|   0|    1|          0|
    |ap_enable_reg_pp0_iter33           |   1|   0|    1|          0|
    |ap_enable_reg_pp0_iter34           |   1|   0|    1|          0|
    |ap_enable_reg_pp0_iter4            |   1|   0|    1|          0|
    |ap_enable_reg_pp0_iter5            |   1|   0|    1|          0|
    |ap_enable_reg_pp0_iter6            |   1|   0|    1|          0|
    |ap_enable_reg_pp0_iter7            |   1|   0|    1|          0|
    |ap_enable_reg_pp0_iter8            |   1|   0|    1|          0|
    |ap_enable_reg_pp0_iter9            |   1|   0|    1|          0|
    |ap_loop_exit_ready_pp0_iter10_reg  |   1|   0|    1|          0|
    |ap_loop_exit_ready_pp0_iter11_reg  |   1|   0|    1|          0|
    |ap_loop_exit_ready_pp0_iter12_reg  |   1|   0|    1|          0|
    |ap_loop_exit_ready_pp0_iter13_reg  |   1|   0|    1|          0|
    |ap_loop_exit_ready_pp0_iter14_reg  |   1|   0|    1|          0|
    |ap_loop_exit_ready_pp0_iter15_reg  |   1|   0|    1|          0|
    |ap_loop_exit_ready_pp0_iter16_reg  |   1|   0|    1|          0|
    |ap_loop_exit_ready_pp0_iter17_reg  |   1|   0|    1|          0|
    |ap_loop_exit_ready_pp0_iter18_reg  |   1|   0|    1|          0|
    |ap_loop_exit_ready_pp0_iter19_reg  |   1|   0|    1|          0|
    |ap_loop_exit_ready_pp0_iter20_reg  |   1|   0|    1|          0|
    |ap_loop_exit_ready_pp0_iter21_reg  |   1|   0|    1|          0|
    |ap_loop_exit_ready_pp0_iter22_reg  |   1|   0|    1|          0|
    |ap_loop_exit_ready_pp0_iter23_reg  |   1|   0|    1|          0|
    |ap_loop_exit_ready_pp0_iter24_reg  |   1|   0|    1|          0|
    |ap_loop_exit_ready_pp0_iter25_reg  |   1|   0|    1|          0|
    |ap_loop_exit_ready_pp0_iter26_reg  |   1|   0|    1|          0|
    |ap_loop_exit_ready_pp0_iter27_reg  |   1|   0|    1|          0|
    |ap_loop_exit_ready_pp0_iter28_reg  |   1|   0|    1|          0|
    |ap_loop_exit_ready_pp0_iter29_reg  |   1|   0|    1|          0|
    |ap_loop_exit_ready_pp0_iter2_reg   |   1|   0|    1|          0|
    |ap_loop_exit_ready_pp0_iter30_reg  |   1|   0|    1|          0|
    |ap_loop_exit_ready_pp0_iter31_reg  |   1|   0|    1|          0|
    |ap_loop_exit_ready_pp0_iter32_reg  |   1|   0|    1|          0|
    |ap_loop_exit_ready_pp0_iter33_reg  |   1|   0|    1|          0|
    |ap_loop_exit_ready_pp0_iter3_reg   |   1|   0|    1|          0|
    |ap_loop_exit_ready_pp0_iter4_reg   |   1|   0|    1|          0|
    |ap_loop_exit_ready_pp0_iter5_reg   |   1|   0|    1|          0|
    |ap_loop_exit_ready_pp0_iter6_reg   |   1|   0|    1|          0|
    |ap_loop_exit_ready_pp0_iter7_reg   |   1|   0|    1|          0|
    |ap_loop_exit_ready_pp0_iter8_reg   |   1|   0|    1|          0|
    |ap_loop_exit_ready_pp0_iter9_reg   |   1|   0|    1|          0|
    |indvar_flatten24_fu_146            |  22|   0|   22|          0|
    |select_ln127_1_reg_1795            |  11|   0|   11|          0|
    |select_ln127_reg_1788              |  11|   0|   11|          0|
    |trunc_ln127_reg_1801               |   1|   0|    1|          0|
    |v100_reg_2226                      |  32|   0|   32|          0|
    |v101_reg_2231                      |  32|   0|   32|          0|
    |v102_reg_2306                      |  32|   0|   32|          0|
    |v103_reg_2376                      |  32|   0|   32|          0|
    |v104_reg_2236                      |  32|   0|   32|          0|
    |v105_reg_2241                      |  32|   0|   32|          0|
    |v106_reg_2311                      |  32|   0|   32|          0|
    |v107_reg_2381                      |  32|   0|   32|          0|
    |v108_reg_2058                      |  32|   0|   32|          0|
    |v109_reg_2063                      |  32|   0|   32|          0|
    |v110_reg_2196                      |  32|   0|   32|          0|
    |v111_reg_2104                      |  32|   0|   32|          0|
    |v112_reg_2286                      |  32|   0|   32|          0|
    |v113_reg_2346                      |  32|   0|   32|          0|
    |v114_reg_2069                      |  32|   0|   32|          0|
    |v115_reg_2074                      |  32|   0|   32|          0|
    |v116_reg_2201                      |  32|   0|   32|          0|
    |v117_reg_2110                      |  32|   0|   32|          0|
    |v118_reg_2291                      |  32|   0|   32|          0|
    |v119_reg_2351                      |  32|   0|   32|          0|
    |v120_reg_2246                      |  32|   0|   32|          0|
    |v121_reg_2251                      |  32|   0|   32|          0|
    |v122_reg_2316                      |  32|   0|   32|          0|
    |v123_reg_2386                      |  32|   0|   32|          0|
    |v124_reg_2256                      |  32|   0|   32|          0|
    |v125_reg_2261                      |  32|   0|   32|          0|
    |v126_reg_2321                      |  32|   0|   32|          0|
    |v127_reg_2391                      |  32|   0|   32|          0|
    |v66_fu_142                         |  11|   0|   11|          0|
    |v67_fu_138                         |  11|   0|   11|          0|
    |v68_reg_2014                       |  32|   0|   32|          0|
    |v69_reg_2019                       |  32|   0|   32|          0|
    |v70_reg_2176                       |  32|   0|   32|          0|
    |v71_reg_2080                       |  32|   0|   32|          0|
    |v72_reg_2266                       |  32|   0|   32|          0|
    |v73_reg_2326                       |  32|   0|   32|          0|
    |v74_reg_2025                       |  32|   0|   32|          0|
    |v75_reg_2030                       |  32|   0|   32|          0|
    |v76_reg_2181                       |  32|   0|   32|          0|
    |v77_reg_2086                       |  32|   0|   32|          0|
    |v78_reg_2271                       |  32|   0|   32|          0|
    |v79_reg_2331                       |  32|   0|   32|          0|
    |v80_reg_2206                       |  32|   0|   32|          0|
    |v81_reg_2211                       |  32|   0|   32|          0|
    |v82_reg_2296                       |  32|   0|   32|          0|
    |v83_reg_2366                       |  32|   0|   32|          0|
    |v84_reg_2216                       |  32|   0|   32|          0|
    |v85_reg_2221                       |  32|   0|   32|          0|
    |v86_reg_2301                       |  32|   0|   32|          0|
    |v87_reg_2371                       |  32|   0|   32|          0|
    |v88_reg_2036                       |  32|   0|   32|          0|
    |v89_reg_2041                       |  32|   0|   32|          0|
    |v90_reg_2186                       |  32|   0|   32|          0|
    |v91_reg_2092                       |  32|   0|   32|          0|
    |v92_reg_2276                       |  32|   0|   32|          0|
    |v93_reg_2336                       |  32|   0|   32|          0|
    |v94_reg_2047                       |  32|   0|   32|          0|
    |v95_reg_2052                       |  32|   0|   32|          0|
    |v96_reg_2191                       |  32|   0|   32|          0|
    |v97_reg_2098                       |  32|   0|   32|          0|
    |v98_reg_2281                       |  32|   0|   32|          0|
    |v99_reg_2341                       |  32|   0|   32|          0|
    |zext_ln128_mid2_v_reg_1949         |  10|   0|   10|          0|
    |zext_ln136_reg_2356                |  22|   0|   64|         42|
    |select_ln127_1_reg_1795            |  64|  32|   11|          0|
    |select_ln127_reg_1788              |  64|  32|   11|          0|
    |trunc_ln127_reg_1801               |  64|  32|    1|          0|
    |v109_reg_2063                      |  64|  32|   32|          0|
    |v111_reg_2104                      |  64|  32|   32|          0|
    |v115_reg_2074                      |  64|  32|   32|          0|
    |v117_reg_2110                      |  64|  32|   32|          0|
    |v69_reg_2019                       |  64|  32|   32|          0|
    |v71_reg_2080                       |  64|  32|   32|          0|
    |v75_reg_2030                       |  64|  32|   32|          0|
    |v77_reg_2086                       |  64|  32|   32|          0|
    |v89_reg_2041                       |  64|  32|   32|          0|
    |v91_reg_2092                       |  64|  32|   32|          0|
    |v95_reg_2052                       |  64|  32|   32|          0|
    |v97_reg_2098                       |  64|  32|   32|          0|
    |zext_ln128_mid2_v_reg_1949         |  64|  32|   10|          0|
    +-----------------------------------+----+----+-----+-----------+
    |Total                              |3111| 512| 2546|         42|
    +-----------------------------------+----+----+-----+-----------+



================================================================
== Interface
================================================================
* Summary: 
+---------------------+-----+-----+------------+-----------------------------------------------------------+--------------+
|      RTL Ports      | Dir | Bits|  Protocol  |                       Source Object                       |    C Type    |
+---------------------+-----+-----+------------+-----------------------------------------------------------+--------------+
|ap_clk               |   in|    1|  ap_ctrl_hs|  test_blur_4096_Pipeline_VITIS_LOOP_127_3_VITIS_LOOP_128_4|  return value|
|ap_rst               |   in|    1|  ap_ctrl_hs|  test_blur_4096_Pipeline_VITIS_LOOP_127_3_VITIS_LOOP_128_4|  return value|
|ap_start             |   in|    1|  ap_ctrl_hs|  test_blur_4096_Pipeline_VITIS_LOOP_127_3_VITIS_LOOP_128_4|  return value|
|ap_done              |  out|    1|  ap_ctrl_hs|  test_blur_4096_Pipeline_VITIS_LOOP_127_3_VITIS_LOOP_128_4|  return value|
|ap_idle              |  out|    1|  ap_ctrl_hs|  test_blur_4096_Pipeline_VITIS_LOOP_127_3_VITIS_LOOP_128_4|  return value|
|ap_ready             |  out|    1|  ap_ctrl_hs|  test_blur_4096_Pipeline_VITIS_LOOP_127_3_VITIS_LOOP_128_4|  return value|
|grp_fu_343_p_din0    |  out|   32|  ap_ctrl_hs|  test_blur_4096_Pipeline_VITIS_LOOP_127_3_VITIS_LOOP_128_4|  return value|
|grp_fu_343_p_din1    |  out|   32|  ap_ctrl_hs|  test_blur_4096_Pipeline_VITIS_LOOP_127_3_VITIS_LOOP_128_4|  return value|
|grp_fu_343_p_opcode  |  out|    2|  ap_ctrl_hs|  test_blur_4096_Pipeline_VITIS_LOOP_127_3_VITIS_LOOP_128_4|  return value|
|grp_fu_343_p_dout0   |   in|   32|  ap_ctrl_hs|  test_blur_4096_Pipeline_VITIS_LOOP_127_3_VITIS_LOOP_128_4|  return value|
|grp_fu_343_p_ce      |  out|    1|  ap_ctrl_hs|  test_blur_4096_Pipeline_VITIS_LOOP_127_3_VITIS_LOOP_128_4|  return value|
|grp_fu_347_p_din0    |  out|   32|  ap_ctrl_hs|  test_blur_4096_Pipeline_VITIS_LOOP_127_3_VITIS_LOOP_128_4|  return value|
|grp_fu_347_p_din1    |  out|   32|  ap_ctrl_hs|  test_blur_4096_Pipeline_VITIS_LOOP_127_3_VITIS_LOOP_128_4|  return value|
|grp_fu_347_p_opcode  |  out|    2|  ap_ctrl_hs|  test_blur_4096_Pipeline_VITIS_LOOP_127_3_VITIS_LOOP_128_4|  return value|
|grp_fu_347_p_dout0   |   in|   32|  ap_ctrl_hs|  test_blur_4096_Pipeline_VITIS_LOOP_127_3_VITIS_LOOP_128_4|  return value|
|grp_fu_347_p_ce      |  out|    1|  ap_ctrl_hs|  test_blur_4096_Pipeline_VITIS_LOOP_127_3_VITIS_LOOP_128_4|  return value|
|grp_fu_439_p_din0    |  out|   32|  ap_ctrl_hs|  test_blur_4096_Pipeline_VITIS_LOOP_127_3_VITIS_LOOP_128_4|  return value|
|grp_fu_439_p_din1    |  out|   32|  ap_ctrl_hs|  test_blur_4096_Pipeline_VITIS_LOOP_127_3_VITIS_LOOP_128_4|  return value|
|grp_fu_439_p_dout0   |   in|   32|  ap_ctrl_hs|  test_blur_4096_Pipeline_VITIS_LOOP_127_3_VITIS_LOOP_128_4|  return value|
|grp_fu_439_p_ce      |  out|    1|  ap_ctrl_hs|  test_blur_4096_Pipeline_VITIS_LOOP_127_3_VITIS_LOOP_128_4|  return value|
|grp_fu_443_p_din0    |  out|   32|  ap_ctrl_hs|  test_blur_4096_Pipeline_VITIS_LOOP_127_3_VITIS_LOOP_128_4|  return value|
|grp_fu_443_p_din1    |  out|   32|  ap_ctrl_hs|  test_blur_4096_Pipeline_VITIS_LOOP_127_3_VITIS_LOOP_128_4|  return value|
|grp_fu_443_p_dout0   |   in|   32|  ap_ctrl_hs|  test_blur_4096_Pipeline_VITIS_LOOP_127_3_VITIS_LOOP_128_4|  return value|
|grp_fu_443_p_ce      |  out|    1|  ap_ctrl_hs|  test_blur_4096_Pipeline_VITIS_LOOP_127_3_VITIS_LOOP_128_4|  return value|
|grp_fu_447_p_din0    |  out|   32|  ap_ctrl_hs|  test_blur_4096_Pipeline_VITIS_LOOP_127_3_VITIS_LOOP_128_4|  return value|
|grp_fu_447_p_din1    |  out|   32|  ap_ctrl_hs|  test_blur_4096_Pipeline_VITIS_LOOP_127_3_VITIS_LOOP_128_4|  return value|
|grp_fu_447_p_dout0   |   in|   32|  ap_ctrl_hs|  test_blur_4096_Pipeline_VITIS_LOOP_127_3_VITIS_LOOP_128_4|  return value|
|grp_fu_447_p_ce      |  out|    1|  ap_ctrl_hs|  test_blur_4096_Pipeline_VITIS_LOOP_127_3_VITIS_LOOP_128_4|  return value|
|grp_fu_451_p_din0    |  out|   32|  ap_ctrl_hs|  test_blur_4096_Pipeline_VITIS_LOOP_127_3_VITIS_LOOP_128_4|  return value|
|grp_fu_451_p_din1    |  out|   32|  ap_ctrl_hs|  test_blur_4096_Pipeline_VITIS_LOOP_127_3_VITIS_LOOP_128_4|  return value|
|grp_fu_451_p_dout0   |   in|   32|  ap_ctrl_hs|  test_blur_4096_Pipeline_VITIS_LOOP_127_3_VITIS_LOOP_128_4|  return value|
|grp_fu_451_p_ce      |  out|    1|  ap_ctrl_hs|  test_blur_4096_Pipeline_VITIS_LOOP_127_3_VITIS_LOOP_128_4|  return value|
|grp_fu_455_p_din0    |  out|   32|  ap_ctrl_hs|  test_blur_4096_Pipeline_VITIS_LOOP_127_3_VITIS_LOOP_128_4|  return value|
|grp_fu_455_p_din1    |  out|   32|  ap_ctrl_hs|  test_blur_4096_Pipeline_VITIS_LOOP_127_3_VITIS_LOOP_128_4|  return value|
|grp_fu_455_p_dout0   |   in|   32|  ap_ctrl_hs|  test_blur_4096_Pipeline_VITIS_LOOP_127_3_VITIS_LOOP_128_4|  return value|
|grp_fu_455_p_ce      |  out|    1|  ap_ctrl_hs|  test_blur_4096_Pipeline_VITIS_LOOP_127_3_VITIS_LOOP_128_4|  return value|
|grp_fu_459_p_din0    |  out|   32|  ap_ctrl_hs|  test_blur_4096_Pipeline_VITIS_LOOP_127_3_VITIS_LOOP_128_4|  return value|
|grp_fu_459_p_din1    |  out|   32|  ap_ctrl_hs|  test_blur_4096_Pipeline_VITIS_LOOP_127_3_VITIS_LOOP_128_4|  return value|
|grp_fu_459_p_dout0   |   in|   32|  ap_ctrl_hs|  test_blur_4096_Pipeline_VITIS_LOOP_127_3_VITIS_LOOP_128_4|  return value|
|grp_fu_459_p_ce      |  out|    1|  ap_ctrl_hs|  test_blur_4096_Pipeline_VITIS_LOOP_127_3_VITIS_LOOP_128_4|  return value|
|grp_fu_463_p_din0    |  out|   32|  ap_ctrl_hs|  test_blur_4096_Pipeline_VITIS_LOOP_127_3_VITIS_LOOP_128_4|  return value|
|grp_fu_463_p_din1    |  out|   32|  ap_ctrl_hs|  test_blur_4096_Pipeline_VITIS_LOOP_127_3_VITIS_LOOP_128_4|  return value|
|grp_fu_463_p_dout0   |   in|   32|  ap_ctrl_hs|  test_blur_4096_Pipeline_VITIS_LOOP_127_3_VITIS_LOOP_128_4|  return value|
|grp_fu_463_p_ce      |  out|    1|  ap_ctrl_hs|  test_blur_4096_Pipeline_VITIS_LOOP_127_3_VITIS_LOOP_128_4|  return value|
|grp_fu_467_p_din0    |  out|   32|  ap_ctrl_hs|  test_blur_4096_Pipeline_VITIS_LOOP_127_3_VITIS_LOOP_128_4|  return value|
|grp_fu_467_p_din1    |  out|   32|  ap_ctrl_hs|  test_blur_4096_Pipeline_VITIS_LOOP_127_3_VITIS_LOOP_128_4|  return value|
|grp_fu_467_p_dout0   |   in|   32|  ap_ctrl_hs|  test_blur_4096_Pipeline_VITIS_LOOP_127_3_VITIS_LOOP_128_4|  return value|
|grp_fu_467_p_ce      |  out|    1|  ap_ctrl_hs|  test_blur_4096_Pipeline_VITIS_LOOP_127_3_VITIS_LOOP_128_4|  return value|
|grp_fu_471_p_din0    |  out|   32|  ap_ctrl_hs|  test_blur_4096_Pipeline_VITIS_LOOP_127_3_VITIS_LOOP_128_4|  return value|
|grp_fu_471_p_din1    |  out|   32|  ap_ctrl_hs|  test_blur_4096_Pipeline_VITIS_LOOP_127_3_VITIS_LOOP_128_4|  return value|
|grp_fu_471_p_dout0   |   in|   32|  ap_ctrl_hs|  test_blur_4096_Pipeline_VITIS_LOOP_127_3_VITIS_LOOP_128_4|  return value|
|grp_fu_471_p_ce      |  out|    1|  ap_ctrl_hs|  test_blur_4096_Pipeline_VITIS_LOOP_127_3_VITIS_LOOP_128_4|  return value|
|grp_fu_475_p_din0    |  out|   32|  ap_ctrl_hs|  test_blur_4096_Pipeline_VITIS_LOOP_127_3_VITIS_LOOP_128_4|  return value|
|grp_fu_475_p_din1    |  out|   32|  ap_ctrl_hs|  test_blur_4096_Pipeline_VITIS_LOOP_127_3_VITIS_LOOP_128_4|  return value|
|grp_fu_475_p_dout0   |   in|   32|  ap_ctrl_hs|  test_blur_4096_Pipeline_VITIS_LOOP_127_3_VITIS_LOOP_128_4|  return value|
|grp_fu_475_p_ce      |  out|    1|  ap_ctrl_hs|  test_blur_4096_Pipeline_VITIS_LOOP_127_3_VITIS_LOOP_128_4|  return value|
|grp_fu_479_p_din0    |  out|   32|  ap_ctrl_hs|  test_blur_4096_Pipeline_VITIS_LOOP_127_3_VITIS_LOOP_128_4|  return value|
|grp_fu_479_p_din1    |  out|   32|  ap_ctrl_hs|  test_blur_4096_Pipeline_VITIS_LOOP_127_3_VITIS_LOOP_128_4|  return value|
|grp_fu_479_p_dout0   |   in|   32|  ap_ctrl_hs|  test_blur_4096_Pipeline_VITIS_LOOP_127_3_VITIS_LOOP_128_4|  return value|
|grp_fu_479_p_ce      |  out|    1|  ap_ctrl_hs|  test_blur_4096_Pipeline_VITIS_LOOP_127_3_VITIS_LOOP_128_4|  return value|
|grp_fu_483_p_din0    |  out|   32|  ap_ctrl_hs|  test_blur_4096_Pipeline_VITIS_LOOP_127_3_VITIS_LOOP_128_4|  return value|
|grp_fu_483_p_din1    |  out|   32|  ap_ctrl_hs|  test_blur_4096_Pipeline_VITIS_LOOP_127_3_VITIS_LOOP_128_4|  return value|
|grp_fu_483_p_dout0   |   in|   32|  ap_ctrl_hs|  test_blur_4096_Pipeline_VITIS_LOOP_127_3_VITIS_LOOP_128_4|  return value|
|grp_fu_483_p_ce      |  out|    1|  ap_ctrl_hs|  test_blur_4096_Pipeline_VITIS_LOOP_127_3_VITIS_LOOP_128_4|  return value|
|grp_fu_351_p_din0    |  out|   32|  ap_ctrl_hs|  test_blur_4096_Pipeline_VITIS_LOOP_127_3_VITIS_LOOP_128_4|  return value|
|grp_fu_351_p_din1    |  out|   32|  ap_ctrl_hs|  test_blur_4096_Pipeline_VITIS_LOOP_127_3_VITIS_LOOP_128_4|  return value|
|grp_fu_351_p_opcode  |  out|    2|  ap_ctrl_hs|  test_blur_4096_Pipeline_VITIS_LOOP_127_3_VITIS_LOOP_128_4|  return value|
|grp_fu_351_p_dout0   |   in|   32|  ap_ctrl_hs|  test_blur_4096_Pipeline_VITIS_LOOP_127_3_VITIS_LOOP_128_4|  return value|
|grp_fu_351_p_ce      |  out|    1|  ap_ctrl_hs|  test_blur_4096_Pipeline_VITIS_LOOP_127_3_VITIS_LOOP_128_4|  return value|
|grp_fu_355_p_din0    |  out|   32|  ap_ctrl_hs|  test_blur_4096_Pipeline_VITIS_LOOP_127_3_VITIS_LOOP_128_4|  return value|
|grp_fu_355_p_din1    |  out|   32|  ap_ctrl_hs|  test_blur_4096_Pipeline_VITIS_LOOP_127_3_VITIS_LOOP_128_4|  return value|
|grp_fu_355_p_opcode  |  out|    2|  ap_ctrl_hs|  test_blur_4096_Pipeline_VITIS_LOOP_127_3_VITIS_LOOP_128_4|  return value|
|grp_fu_355_p_dout0   |   in|   32|  ap_ctrl_hs|  test_blur_4096_Pipeline_VITIS_LOOP_127_3_VITIS_LOOP_128_4|  return value|
|grp_fu_355_p_ce      |  out|    1|  ap_ctrl_hs|  test_blur_4096_Pipeline_VITIS_LOOP_127_3_VITIS_LOOP_128_4|  return value|
|grp_fu_359_p_din0    |  out|   32|  ap_ctrl_hs|  test_blur_4096_Pipeline_VITIS_LOOP_127_3_VITIS_LOOP_128_4|  return value|
|grp_fu_359_p_din1    |  out|   32|  ap_ctrl_hs|  test_blur_4096_Pipeline_VITIS_LOOP_127_3_VITIS_LOOP_128_4|  return value|
|grp_fu_359_p_opcode  |  out|    2|  ap_ctrl_hs|  test_blur_4096_Pipeline_VITIS_LOOP_127_3_VITIS_LOOP_128_4|  return value|
|grp_fu_359_p_dout0   |   in|   32|  ap_ctrl_hs|  test_blur_4096_Pipeline_VITIS_LOOP_127_3_VITIS_LOOP_128_4|  return value|
|grp_fu_359_p_ce      |  out|    1|  ap_ctrl_hs|  test_blur_4096_Pipeline_VITIS_LOOP_127_3_VITIS_LOOP_128_4|  return value|
|grp_fu_363_p_din0    |  out|   32|  ap_ctrl_hs|  test_blur_4096_Pipeline_VITIS_LOOP_127_3_VITIS_LOOP_128_4|  return value|
|grp_fu_363_p_din1    |  out|   32|  ap_ctrl_hs|  test_blur_4096_Pipeline_VITIS_LOOP_127_3_VITIS_LOOP_128_4|  return value|
|grp_fu_363_p_opcode  |  out|    2|  ap_ctrl_hs|  test_blur_4096_Pipeline_VITIS_LOOP_127_3_VITIS_LOOP_128_4|  return value|
|grp_fu_363_p_dout0   |   in|   32|  ap_ctrl_hs|  test_blur_4096_Pipeline_VITIS_LOOP_127_3_VITIS_LOOP_128_4|  return value|
|grp_fu_363_p_ce      |  out|    1|  ap_ctrl_hs|  test_blur_4096_Pipeline_VITIS_LOOP_127_3_VITIS_LOOP_128_4|  return value|
|grp_fu_367_p_din0    |  out|   32|  ap_ctrl_hs|  test_blur_4096_Pipeline_VITIS_LOOP_127_3_VITIS_LOOP_128_4|  return value|
|grp_fu_367_p_din1    |  out|   32|  ap_ctrl_hs|  test_blur_4096_Pipeline_VITIS_LOOP_127_3_VITIS_LOOP_128_4|  return value|
|grp_fu_367_p_opcode  |  out|    2|  ap_ctrl_hs|  test_blur_4096_Pipeline_VITIS_LOOP_127_3_VITIS_LOOP_128_4|  return value|
|grp_fu_367_p_dout0   |   in|   32|  ap_ctrl_hs|  test_blur_4096_Pipeline_VITIS_LOOP_127_3_VITIS_LOOP_128_4|  return value|
|grp_fu_367_p_ce      |  out|    1|  ap_ctrl_hs|  test_blur_4096_Pipeline_VITIS_LOOP_127_3_VITIS_LOOP_128_4|  return value|
|grp_fu_371_p_din0    |  out|   32|  ap_ctrl_hs|  test_blur_4096_Pipeline_VITIS_LOOP_127_3_VITIS_LOOP_128_4|  return value|
|grp_fu_371_p_din1    |  out|   32|  ap_ctrl_hs|  test_blur_4096_Pipeline_VITIS_LOOP_127_3_VITIS_LOOP_128_4|  return value|
|grp_fu_371_p_opcode  |  out|    2|  ap_ctrl_hs|  test_blur_4096_Pipeline_VITIS_LOOP_127_3_VITIS_LOOP_128_4|  return value|
|grp_fu_371_p_dout0   |   in|   32|  ap_ctrl_hs|  test_blur_4096_Pipeline_VITIS_LOOP_127_3_VITIS_LOOP_128_4|  return value|
|grp_fu_371_p_ce      |  out|    1|  ap_ctrl_hs|  test_blur_4096_Pipeline_VITIS_LOOP_127_3_VITIS_LOOP_128_4|  return value|
|grp_fu_375_p_din0    |  out|   32|  ap_ctrl_hs|  test_blur_4096_Pipeline_VITIS_LOOP_127_3_VITIS_LOOP_128_4|  return value|
|grp_fu_375_p_din1    |  out|   32|  ap_ctrl_hs|  test_blur_4096_Pipeline_VITIS_LOOP_127_3_VITIS_LOOP_128_4|  return value|
|grp_fu_375_p_opcode  |  out|    2|  ap_ctrl_hs|  test_blur_4096_Pipeline_VITIS_LOOP_127_3_VITIS_LOOP_128_4|  return value|
|grp_fu_375_p_dout0   |   in|   32|  ap_ctrl_hs|  test_blur_4096_Pipeline_VITIS_LOOP_127_3_VITIS_LOOP_128_4|  return value|
|grp_fu_375_p_ce      |  out|    1|  ap_ctrl_hs|  test_blur_4096_Pipeline_VITIS_LOOP_127_3_VITIS_LOOP_128_4|  return value|
|grp_fu_379_p_din0    |  out|   32|  ap_ctrl_hs|  test_blur_4096_Pipeline_VITIS_LOOP_127_3_VITIS_LOOP_128_4|  return value|
|grp_fu_379_p_din1    |  out|   32|  ap_ctrl_hs|  test_blur_4096_Pipeline_VITIS_LOOP_127_3_VITIS_LOOP_128_4|  return value|
|grp_fu_379_p_opcode  |  out|    2|  ap_ctrl_hs|  test_blur_4096_Pipeline_VITIS_LOOP_127_3_VITIS_LOOP_128_4|  return value|
|grp_fu_379_p_dout0   |   in|   32|  ap_ctrl_hs|  test_blur_4096_Pipeline_VITIS_LOOP_127_3_VITIS_LOOP_128_4|  return value|
|grp_fu_379_p_ce      |  out|    1|  ap_ctrl_hs|  test_blur_4096_Pipeline_VITIS_LOOP_127_3_VITIS_LOOP_128_4|  return value|
|grp_fu_383_p_din0    |  out|   32|  ap_ctrl_hs|  test_blur_4096_Pipeline_VITIS_LOOP_127_3_VITIS_LOOP_128_4|  return value|
|grp_fu_383_p_din1    |  out|   32|  ap_ctrl_hs|  test_blur_4096_Pipeline_VITIS_LOOP_127_3_VITIS_LOOP_128_4|  return value|
|grp_fu_383_p_opcode  |  out|    2|  ap_ctrl_hs|  test_blur_4096_Pipeline_VITIS_LOOP_127_3_VITIS_LOOP_128_4|  return value|
|grp_fu_383_p_dout0   |   in|   32|  ap_ctrl_hs|  test_blur_4096_Pipeline_VITIS_LOOP_127_3_VITIS_LOOP_128_4|  return value|
|grp_fu_383_p_ce      |  out|    1|  ap_ctrl_hs|  test_blur_4096_Pipeline_VITIS_LOOP_127_3_VITIS_LOOP_128_4|  return value|
|grp_fu_387_p_din0    |  out|   32|  ap_ctrl_hs|  test_blur_4096_Pipeline_VITIS_LOOP_127_3_VITIS_LOOP_128_4|  return value|
|grp_fu_387_p_din1    |  out|   32|  ap_ctrl_hs|  test_blur_4096_Pipeline_VITIS_LOOP_127_3_VITIS_LOOP_128_4|  return value|
|grp_fu_387_p_opcode  |  out|    2|  ap_ctrl_hs|  test_blur_4096_Pipeline_VITIS_LOOP_127_3_VITIS_LOOP_128_4|  return value|
|grp_fu_387_p_dout0   |   in|   32|  ap_ctrl_hs|  test_blur_4096_Pipeline_VITIS_LOOP_127_3_VITIS_LOOP_128_4|  return value|
|grp_fu_387_p_ce      |  out|    1|  ap_ctrl_hs|  test_blur_4096_Pipeline_VITIS_LOOP_127_3_VITIS_LOOP_128_4|  return value|
|grp_fu_391_p_din0    |  out|   32|  ap_ctrl_hs|  test_blur_4096_Pipeline_VITIS_LOOP_127_3_VITIS_LOOP_128_4|  return value|
|grp_fu_391_p_din1    |  out|   32|  ap_ctrl_hs|  test_blur_4096_Pipeline_VITIS_LOOP_127_3_VITIS_LOOP_128_4|  return value|
|grp_fu_391_p_opcode  |  out|    2|  ap_ctrl_hs|  test_blur_4096_Pipeline_VITIS_LOOP_127_3_VITIS_LOOP_128_4|  return value|
|grp_fu_391_p_dout0   |   in|   32|  ap_ctrl_hs|  test_blur_4096_Pipeline_VITIS_LOOP_127_3_VITIS_LOOP_128_4|  return value|
|grp_fu_391_p_ce      |  out|    1|  ap_ctrl_hs|  test_blur_4096_Pipeline_VITIS_LOOP_127_3_VITIS_LOOP_128_4|  return value|
|grp_fu_395_p_din0    |  out|   32|  ap_ctrl_hs|  test_blur_4096_Pipeline_VITIS_LOOP_127_3_VITIS_LOOP_128_4|  return value|
|grp_fu_395_p_din1    |  out|   32|  ap_ctrl_hs|  test_blur_4096_Pipeline_VITIS_LOOP_127_3_VITIS_LOOP_128_4|  return value|
|grp_fu_395_p_opcode  |  out|    2|  ap_ctrl_hs|  test_blur_4096_Pipeline_VITIS_LOOP_127_3_VITIS_LOOP_128_4|  return value|
|grp_fu_395_p_dout0   |   in|   32|  ap_ctrl_hs|  test_blur_4096_Pipeline_VITIS_LOOP_127_3_VITIS_LOOP_128_4|  return value|
|grp_fu_395_p_ce      |  out|    1|  ap_ctrl_hs|  test_blur_4096_Pipeline_VITIS_LOOP_127_3_VITIS_LOOP_128_4|  return value|
|grp_fu_399_p_din0    |  out|   32|  ap_ctrl_hs|  test_blur_4096_Pipeline_VITIS_LOOP_127_3_VITIS_LOOP_128_4|  return value|
|grp_fu_399_p_din1    |  out|   32|  ap_ctrl_hs|  test_blur_4096_Pipeline_VITIS_LOOP_127_3_VITIS_LOOP_128_4|  return value|
|grp_fu_399_p_opcode  |  out|    2|  ap_ctrl_hs|  test_blur_4096_Pipeline_VITIS_LOOP_127_3_VITIS_LOOP_128_4|  return value|
|grp_fu_399_p_dout0   |   in|   32|  ap_ctrl_hs|  test_blur_4096_Pipeline_VITIS_LOOP_127_3_VITIS_LOOP_128_4|  return value|
|grp_fu_399_p_ce      |  out|    1|  ap_ctrl_hs|  test_blur_4096_Pipeline_VITIS_LOOP_127_3_VITIS_LOOP_128_4|  return value|
|grp_fu_403_p_din0    |  out|   32|  ap_ctrl_hs|  test_blur_4096_Pipeline_VITIS_LOOP_127_3_VITIS_LOOP_128_4|  return value|
|grp_fu_403_p_din1    |  out|   32|  ap_ctrl_hs|  test_blur_4096_Pipeline_VITIS_LOOP_127_3_VITIS_LOOP_128_4|  return value|
|grp_fu_403_p_opcode  |  out|    2|  ap_ctrl_hs|  test_blur_4096_Pipeline_VITIS_LOOP_127_3_VITIS_LOOP_128_4|  return value|
|grp_fu_403_p_dout0   |   in|   32|  ap_ctrl_hs|  test_blur_4096_Pipeline_VITIS_LOOP_127_3_VITIS_LOOP_128_4|  return value|
|grp_fu_403_p_ce      |  out|    1|  ap_ctrl_hs|  test_blur_4096_Pipeline_VITIS_LOOP_127_3_VITIS_LOOP_128_4|  return value|
|grp_fu_407_p_din0    |  out|   32|  ap_ctrl_hs|  test_blur_4096_Pipeline_VITIS_LOOP_127_3_VITIS_LOOP_128_4|  return value|
|grp_fu_407_p_din1    |  out|   32|  ap_ctrl_hs|  test_blur_4096_Pipeline_VITIS_LOOP_127_3_VITIS_LOOP_128_4|  return value|
|grp_fu_407_p_opcode  |  out|    2|  ap_ctrl_hs|  test_blur_4096_Pipeline_VITIS_LOOP_127_3_VITIS_LOOP_128_4|  return value|
|grp_fu_407_p_dout0   |   in|   32|  ap_ctrl_hs|  test_blur_4096_Pipeline_VITIS_LOOP_127_3_VITIS_LOOP_128_4|  return value|
|grp_fu_407_p_ce      |  out|    1|  ap_ctrl_hs|  test_blur_4096_Pipeline_VITIS_LOOP_127_3_VITIS_LOOP_128_4|  return value|
|grp_fu_411_p_din0    |  out|   32|  ap_ctrl_hs|  test_blur_4096_Pipeline_VITIS_LOOP_127_3_VITIS_LOOP_128_4|  return value|
|grp_fu_411_p_din1    |  out|   32|  ap_ctrl_hs|  test_blur_4096_Pipeline_VITIS_LOOP_127_3_VITIS_LOOP_128_4|  return value|
|grp_fu_411_p_opcode  |  out|    2|  ap_ctrl_hs|  test_blur_4096_Pipeline_VITIS_LOOP_127_3_VITIS_LOOP_128_4|  return value|
|grp_fu_411_p_dout0   |   in|   32|  ap_ctrl_hs|  test_blur_4096_Pipeline_VITIS_LOOP_127_3_VITIS_LOOP_128_4|  return value|
|grp_fu_411_p_ce      |  out|    1|  ap_ctrl_hs|  test_blur_4096_Pipeline_VITIS_LOOP_127_3_VITIS_LOOP_128_4|  return value|
|grp_fu_415_p_din0    |  out|   32|  ap_ctrl_hs|  test_blur_4096_Pipeline_VITIS_LOOP_127_3_VITIS_LOOP_128_4|  return value|
|grp_fu_415_p_din1    |  out|   32|  ap_ctrl_hs|  test_blur_4096_Pipeline_VITIS_LOOP_127_3_VITIS_LOOP_128_4|  return value|
|grp_fu_415_p_opcode  |  out|    2|  ap_ctrl_hs|  test_blur_4096_Pipeline_VITIS_LOOP_127_3_VITIS_LOOP_128_4|  return value|
|grp_fu_415_p_dout0   |   in|   32|  ap_ctrl_hs|  test_blur_4096_Pipeline_VITIS_LOOP_127_3_VITIS_LOOP_128_4|  return value|
|grp_fu_415_p_ce      |  out|    1|  ap_ctrl_hs|  test_blur_4096_Pipeline_VITIS_LOOP_127_3_VITIS_LOOP_128_4|  return value|
|grp_fu_419_p_din0    |  out|   32|  ap_ctrl_hs|  test_blur_4096_Pipeline_VITIS_LOOP_127_3_VITIS_LOOP_128_4|  return value|
|grp_fu_419_p_din1    |  out|   32|  ap_ctrl_hs|  test_blur_4096_Pipeline_VITIS_LOOP_127_3_VITIS_LOOP_128_4|  return value|
|grp_fu_419_p_opcode  |  out|    2|  ap_ctrl_hs|  test_blur_4096_Pipeline_VITIS_LOOP_127_3_VITIS_LOOP_128_4|  return value|
|grp_fu_419_p_dout0   |   in|   32|  ap_ctrl_hs|  test_blur_4096_Pipeline_VITIS_LOOP_127_3_VITIS_LOOP_128_4|  return value|
|grp_fu_419_p_ce      |  out|    1|  ap_ctrl_hs|  test_blur_4096_Pipeline_VITIS_LOOP_127_3_VITIS_LOOP_128_4|  return value|
|grp_fu_423_p_din0    |  out|   32|  ap_ctrl_hs|  test_blur_4096_Pipeline_VITIS_LOOP_127_3_VITIS_LOOP_128_4|  return value|
|grp_fu_423_p_din1    |  out|   32|  ap_ctrl_hs|  test_blur_4096_Pipeline_VITIS_LOOP_127_3_VITIS_LOOP_128_4|  return value|
|grp_fu_423_p_opcode  |  out|    2|  ap_ctrl_hs|  test_blur_4096_Pipeline_VITIS_LOOP_127_3_VITIS_LOOP_128_4|  return value|
|grp_fu_423_p_dout0   |   in|   32|  ap_ctrl_hs|  test_blur_4096_Pipeline_VITIS_LOOP_127_3_VITIS_LOOP_128_4|  return value|
|grp_fu_423_p_ce      |  out|    1|  ap_ctrl_hs|  test_blur_4096_Pipeline_VITIS_LOOP_127_3_VITIS_LOOP_128_4|  return value|
|grp_fu_427_p_din0    |  out|   32|  ap_ctrl_hs|  test_blur_4096_Pipeline_VITIS_LOOP_127_3_VITIS_LOOP_128_4|  return value|
|grp_fu_427_p_din1    |  out|   32|  ap_ctrl_hs|  test_blur_4096_Pipeline_VITIS_LOOP_127_3_VITIS_LOOP_128_4|  return value|
|grp_fu_427_p_opcode  |  out|    2|  ap_ctrl_hs|  test_blur_4096_Pipeline_VITIS_LOOP_127_3_VITIS_LOOP_128_4|  return value|
|grp_fu_427_p_dout0   |   in|   32|  ap_ctrl_hs|  test_blur_4096_Pipeline_VITIS_LOOP_127_3_VITIS_LOOP_128_4|  return value|
|grp_fu_427_p_ce      |  out|    1|  ap_ctrl_hs|  test_blur_4096_Pipeline_VITIS_LOOP_127_3_VITIS_LOOP_128_4|  return value|
|grp_fu_431_p_din0    |  out|   32|  ap_ctrl_hs|  test_blur_4096_Pipeline_VITIS_LOOP_127_3_VITIS_LOOP_128_4|  return value|
|grp_fu_431_p_din1    |  out|   32|  ap_ctrl_hs|  test_blur_4096_Pipeline_VITIS_LOOP_127_3_VITIS_LOOP_128_4|  return value|
|grp_fu_431_p_opcode  |  out|    2|  ap_ctrl_hs|  test_blur_4096_Pipeline_VITIS_LOOP_127_3_VITIS_LOOP_128_4|  return value|
|grp_fu_431_p_dout0   |   in|   32|  ap_ctrl_hs|  test_blur_4096_Pipeline_VITIS_LOOP_127_3_VITIS_LOOP_128_4|  return value|
|grp_fu_431_p_ce      |  out|    1|  ap_ctrl_hs|  test_blur_4096_Pipeline_VITIS_LOOP_127_3_VITIS_LOOP_128_4|  return value|
|grp_fu_435_p_din0    |  out|   32|  ap_ctrl_hs|  test_blur_4096_Pipeline_VITIS_LOOP_127_3_VITIS_LOOP_128_4|  return value|
|grp_fu_435_p_din1    |  out|   32|  ap_ctrl_hs|  test_blur_4096_Pipeline_VITIS_LOOP_127_3_VITIS_LOOP_128_4|  return value|
|grp_fu_435_p_opcode  |  out|    2|  ap_ctrl_hs|  test_blur_4096_Pipeline_VITIS_LOOP_127_3_VITIS_LOOP_128_4|  return value|
|grp_fu_435_p_dout0   |   in|   32|  ap_ctrl_hs|  test_blur_4096_Pipeline_VITIS_LOOP_127_3_VITIS_LOOP_128_4|  return value|
|grp_fu_435_p_ce      |  out|    1|  ap_ctrl_hs|  test_blur_4096_Pipeline_VITIS_LOOP_127_3_VITIS_LOOP_128_4|  return value|
|v2_0_0_0_Addr_A      |  out|   32|        bram|                                                   v2_0_0_0|         array|
|v2_0_0_0_EN_A        |  out|    1|        bram|                                                   v2_0_0_0|         array|
|v2_0_0_0_WEN_A       |  out|    4|        bram|                                                   v2_0_0_0|         array|
|v2_0_0_0_Din_A       |  out|   32|        bram|                                                   v2_0_0_0|         array|
|v2_0_0_0_Dout_A      |   in|   32|        bram|                                                   v2_0_0_0|         array|
|v2_0_0_1_Addr_A      |  out|   32|        bram|                                                   v2_0_0_1|         array|
|v2_0_0_1_EN_A        |  out|    1|        bram|                                                   v2_0_0_1|         array|
|v2_0_0_1_WEN_A       |  out|    4|        bram|                                                   v2_0_0_1|         array|
|v2_0_0_1_Din_A       |  out|   32|        bram|                                                   v2_0_0_1|         array|
|v2_0_0_1_Dout_A      |   in|   32|        bram|                                                   v2_0_0_1|         array|
|v2_0_0_2_Addr_A      |  out|   32|        bram|                                                   v2_0_0_2|         array|
|v2_0_0_2_EN_A        |  out|    1|        bram|                                                   v2_0_0_2|         array|
|v2_0_0_2_WEN_A       |  out|    4|        bram|                                                   v2_0_0_2|         array|
|v2_0_0_2_Din_A       |  out|   32|        bram|                                                   v2_0_0_2|         array|
|v2_0_0_2_Dout_A      |   in|   32|        bram|                                                   v2_0_0_2|         array|
|v2_0_1_0_Addr_A      |  out|   32|        bram|                                                   v2_0_1_0|         array|
|v2_0_1_0_EN_A        |  out|    1|        bram|                                                   v2_0_1_0|         array|
|v2_0_1_0_WEN_A       |  out|    4|        bram|                                                   v2_0_1_0|         array|
|v2_0_1_0_Din_A       |  out|   32|        bram|                                                   v2_0_1_0|         array|
|v2_0_1_0_Dout_A      |   in|   32|        bram|                                                   v2_0_1_0|         array|
|v2_0_1_1_Addr_A      |  out|   32|        bram|                                                   v2_0_1_1|         array|
|v2_0_1_1_EN_A        |  out|    1|        bram|                                                   v2_0_1_1|         array|
|v2_0_1_1_WEN_A       |  out|    4|        bram|                                                   v2_0_1_1|         array|
|v2_0_1_1_Din_A       |  out|   32|        bram|                                                   v2_0_1_1|         array|
|v2_0_1_1_Dout_A      |   in|   32|        bram|                                                   v2_0_1_1|         array|
|v2_0_1_2_Addr_A      |  out|   32|        bram|                                                   v2_0_1_2|         array|
|v2_0_1_2_EN_A        |  out|    1|        bram|                                                   v2_0_1_2|         array|
|v2_0_1_2_WEN_A       |  out|    4|        bram|                                                   v2_0_1_2|         array|
|v2_0_1_2_Din_A       |  out|   32|        bram|                                                   v2_0_1_2|         array|
|v2_0_1_2_Dout_A      |   in|   32|        bram|                                                   v2_0_1_2|         array|
|v2_1_0_0_Addr_A      |  out|   32|        bram|                                                   v2_1_0_0|         array|
|v2_1_0_0_EN_A        |  out|    1|        bram|                                                   v2_1_0_0|         array|
|v2_1_0_0_WEN_A       |  out|    4|        bram|                                                   v2_1_0_0|         array|
|v2_1_0_0_Din_A       |  out|   32|        bram|                                                   v2_1_0_0|         array|
|v2_1_0_0_Dout_A      |   in|   32|        bram|                                                   v2_1_0_0|         array|
|v2_1_0_1_Addr_A      |  out|   32|        bram|                                                   v2_1_0_1|         array|
|v2_1_0_1_EN_A        |  out|    1|        bram|                                                   v2_1_0_1|         array|
|v2_1_0_1_WEN_A       |  out|    4|        bram|                                                   v2_1_0_1|         array|
|v2_1_0_1_Din_A       |  out|   32|        bram|                                                   v2_1_0_1|         array|
|v2_1_0_1_Dout_A      |   in|   32|        bram|                                                   v2_1_0_1|         array|
|v2_1_0_2_Addr_A      |  out|   32|        bram|                                                   v2_1_0_2|         array|
|v2_1_0_2_EN_A        |  out|    1|        bram|                                                   v2_1_0_2|         array|
|v2_1_0_2_WEN_A       |  out|    4|        bram|                                                   v2_1_0_2|         array|
|v2_1_0_2_Din_A       |  out|   32|        bram|                                                   v2_1_0_2|         array|
|v2_1_0_2_Dout_A      |   in|   32|        bram|                                                   v2_1_0_2|         array|
|v2_1_1_0_Addr_A      |  out|   32|        bram|                                                   v2_1_1_0|         array|
|v2_1_1_0_EN_A        |  out|    1|        bram|                                                   v2_1_1_0|         array|
|v2_1_1_0_WEN_A       |  out|    4|        bram|                                                   v2_1_1_0|         array|
|v2_1_1_0_Din_A       |  out|   32|        bram|                                                   v2_1_1_0|         array|
|v2_1_1_0_Dout_A      |   in|   32|        bram|                                                   v2_1_1_0|         array|
|v2_1_1_1_Addr_A      |  out|   32|        bram|                                                   v2_1_1_1|         array|
|v2_1_1_1_EN_A        |  out|    1|        bram|                                                   v2_1_1_1|         array|
|v2_1_1_1_WEN_A       |  out|    4|        bram|                                                   v2_1_1_1|         array|
|v2_1_1_1_Din_A       |  out|   32|        bram|                                                   v2_1_1_1|         array|
|v2_1_1_1_Dout_A      |   in|   32|        bram|                                                   v2_1_1_1|         array|
|v2_1_1_2_Addr_A      |  out|   32|        bram|                                                   v2_1_1_2|         array|
|v2_1_1_2_EN_A        |  out|    1|        bram|                                                   v2_1_1_2|         array|
|v2_1_1_2_WEN_A       |  out|    4|        bram|                                                   v2_1_1_2|         array|
|v2_1_1_2_Din_A       |  out|   32|        bram|                                                   v2_1_1_2|         array|
|v2_1_1_2_Dout_A      |   in|   32|        bram|                                                   v2_1_1_2|         array|
|v1_0_0_0_Addr_A      |  out|   32|        bram|                                                   v1_0_0_0|         array|
|v1_0_0_0_EN_A        |  out|    1|        bram|                                                   v1_0_0_0|         array|
|v1_0_0_0_WEN_A       |  out|    4|        bram|                                                   v1_0_0_0|         array|
|v1_0_0_0_Din_A       |  out|   32|        bram|                                                   v1_0_0_0|         array|
|v1_0_0_0_Dout_A      |   in|   32|        bram|                                                   v1_0_0_0|         array|
|v1_0_0_0_Addr_B      |  out|   32|        bram|                                                   v1_0_0_0|         array|
|v1_0_0_0_EN_B        |  out|    1|        bram|                                                   v1_0_0_0|         array|
|v1_0_0_0_WEN_B       |  out|    4|        bram|                                                   v1_0_0_0|         array|
|v1_0_0_0_Din_B       |  out|   32|        bram|                                                   v1_0_0_0|         array|
|v1_0_0_0_Dout_B      |   in|   32|        bram|                                                   v1_0_0_0|         array|
|v1_0_0_1_Addr_A      |  out|   32|        bram|                                                   v1_0_0_1|         array|
|v1_0_0_1_EN_A        |  out|    1|        bram|                                                   v1_0_0_1|         array|
|v1_0_0_1_WEN_A       |  out|    4|        bram|                                                   v1_0_0_1|         array|
|v1_0_0_1_Din_A       |  out|   32|        bram|                                                   v1_0_0_1|         array|
|v1_0_0_1_Dout_A      |   in|   32|        bram|                                                   v1_0_0_1|         array|
|v1_0_0_1_Addr_B      |  out|   32|        bram|                                                   v1_0_0_1|         array|
|v1_0_0_1_EN_B        |  out|    1|        bram|                                                   v1_0_0_1|         array|
|v1_0_0_1_WEN_B       |  out|    4|        bram|                                                   v1_0_0_1|         array|
|v1_0_0_1_Din_B       |  out|   32|        bram|                                                   v1_0_0_1|         array|
|v1_0_0_1_Dout_B      |   in|   32|        bram|                                                   v1_0_0_1|         array|
|v1_0_0_2_Addr_A      |  out|   32|        bram|                                                   v1_0_0_2|         array|
|v1_0_0_2_EN_A        |  out|    1|        bram|                                                   v1_0_0_2|         array|
|v1_0_0_2_WEN_A       |  out|    4|        bram|                                                   v1_0_0_2|         array|
|v1_0_0_2_Din_A       |  out|   32|        bram|                                                   v1_0_0_2|         array|
|v1_0_0_2_Dout_A      |   in|   32|        bram|                                                   v1_0_0_2|         array|
|v1_0_0_2_Addr_B      |  out|   32|        bram|                                                   v1_0_0_2|         array|
|v1_0_0_2_EN_B        |  out|    1|        bram|                                                   v1_0_0_2|         array|
|v1_0_0_2_WEN_B       |  out|    4|        bram|                                                   v1_0_0_2|         array|
|v1_0_0_2_Din_B       |  out|   32|        bram|                                                   v1_0_0_2|         array|
|v1_0_0_2_Dout_B      |   in|   32|        bram|                                                   v1_0_0_2|         array|
|v1_0_1_0_Addr_A      |  out|   32|        bram|                                                   v1_0_1_0|         array|
|v1_0_1_0_EN_A        |  out|    1|        bram|                                                   v1_0_1_0|         array|
|v1_0_1_0_WEN_A       |  out|    4|        bram|                                                   v1_0_1_0|         array|
|v1_0_1_0_Din_A       |  out|   32|        bram|                                                   v1_0_1_0|         array|
|v1_0_1_0_Dout_A      |   in|   32|        bram|                                                   v1_0_1_0|         array|
|v1_0_1_0_Addr_B      |  out|   32|        bram|                                                   v1_0_1_0|         array|
|v1_0_1_0_EN_B        |  out|    1|        bram|                                                   v1_0_1_0|         array|
|v1_0_1_0_WEN_B       |  out|    4|        bram|                                                   v1_0_1_0|         array|
|v1_0_1_0_Din_B       |  out|   32|        bram|                                                   v1_0_1_0|         array|
|v1_0_1_0_Dout_B      |   in|   32|        bram|                                                   v1_0_1_0|         array|
|v1_0_1_1_Addr_A      |  out|   32|        bram|                                                   v1_0_1_1|         array|
|v1_0_1_1_EN_A        |  out|    1|        bram|                                                   v1_0_1_1|         array|
|v1_0_1_1_WEN_A       |  out|    4|        bram|                                                   v1_0_1_1|         array|
|v1_0_1_1_Din_A       |  out|   32|        bram|                                                   v1_0_1_1|         array|
|v1_0_1_1_Dout_A      |   in|   32|        bram|                                                   v1_0_1_1|         array|
|v1_0_1_1_Addr_B      |  out|   32|        bram|                                                   v1_0_1_1|         array|
|v1_0_1_1_EN_B        |  out|    1|        bram|                                                   v1_0_1_1|         array|
|v1_0_1_1_WEN_B       |  out|    4|        bram|                                                   v1_0_1_1|         array|
|v1_0_1_1_Din_B       |  out|   32|        bram|                                                   v1_0_1_1|         array|
|v1_0_1_1_Dout_B      |   in|   32|        bram|                                                   v1_0_1_1|         array|
|v1_0_1_2_Addr_A      |  out|   32|        bram|                                                   v1_0_1_2|         array|
|v1_0_1_2_EN_A        |  out|    1|        bram|                                                   v1_0_1_2|         array|
|v1_0_1_2_WEN_A       |  out|    4|        bram|                                                   v1_0_1_2|         array|
|v1_0_1_2_Din_A       |  out|   32|        bram|                                                   v1_0_1_2|         array|
|v1_0_1_2_Dout_A      |   in|   32|        bram|                                                   v1_0_1_2|         array|
|v1_0_1_2_Addr_B      |  out|   32|        bram|                                                   v1_0_1_2|         array|
|v1_0_1_2_EN_B        |  out|    1|        bram|                                                   v1_0_1_2|         array|
|v1_0_1_2_WEN_B       |  out|    4|        bram|                                                   v1_0_1_2|         array|
|v1_0_1_2_Din_B       |  out|   32|        bram|                                                   v1_0_1_2|         array|
|v1_0_1_2_Dout_B      |   in|   32|        bram|                                                   v1_0_1_2|         array|
|v1_1_0_0_Addr_A      |  out|   32|        bram|                                                   v1_1_0_0|         array|
|v1_1_0_0_EN_A        |  out|    1|        bram|                                                   v1_1_0_0|         array|
|v1_1_0_0_WEN_A       |  out|    4|        bram|                                                   v1_1_0_0|         array|
|v1_1_0_0_Din_A       |  out|   32|        bram|                                                   v1_1_0_0|         array|
|v1_1_0_0_Dout_A      |   in|   32|        bram|                                                   v1_1_0_0|         array|
|v1_1_0_0_Addr_B      |  out|   32|        bram|                                                   v1_1_0_0|         array|
|v1_1_0_0_EN_B        |  out|    1|        bram|                                                   v1_1_0_0|         array|
|v1_1_0_0_WEN_B       |  out|    4|        bram|                                                   v1_1_0_0|         array|
|v1_1_0_0_Din_B       |  out|   32|        bram|                                                   v1_1_0_0|         array|
|v1_1_0_0_Dout_B      |   in|   32|        bram|                                                   v1_1_0_0|         array|
|v1_1_0_1_Addr_A      |  out|   32|        bram|                                                   v1_1_0_1|         array|
|v1_1_0_1_EN_A        |  out|    1|        bram|                                                   v1_1_0_1|         array|
|v1_1_0_1_WEN_A       |  out|    4|        bram|                                                   v1_1_0_1|         array|
|v1_1_0_1_Din_A       |  out|   32|        bram|                                                   v1_1_0_1|         array|
|v1_1_0_1_Dout_A      |   in|   32|        bram|                                                   v1_1_0_1|         array|
|v1_1_0_1_Addr_B      |  out|   32|        bram|                                                   v1_1_0_1|         array|
|v1_1_0_1_EN_B        |  out|    1|        bram|                                                   v1_1_0_1|         array|
|v1_1_0_1_WEN_B       |  out|    4|        bram|                                                   v1_1_0_1|         array|
|v1_1_0_1_Din_B       |  out|   32|        bram|                                                   v1_1_0_1|         array|
|v1_1_0_1_Dout_B      |   in|   32|        bram|                                                   v1_1_0_1|         array|
|v1_1_0_2_Addr_A      |  out|   32|        bram|                                                   v1_1_0_2|         array|
|v1_1_0_2_EN_A        |  out|    1|        bram|                                                   v1_1_0_2|         array|
|v1_1_0_2_WEN_A       |  out|    4|        bram|                                                   v1_1_0_2|         array|
|v1_1_0_2_Din_A       |  out|   32|        bram|                                                   v1_1_0_2|         array|
|v1_1_0_2_Dout_A      |   in|   32|        bram|                                                   v1_1_0_2|         array|
|v1_1_0_2_Addr_B      |  out|   32|        bram|                                                   v1_1_0_2|         array|
|v1_1_0_2_EN_B        |  out|    1|        bram|                                                   v1_1_0_2|         array|
|v1_1_0_2_WEN_B       |  out|    4|        bram|                                                   v1_1_0_2|         array|
|v1_1_0_2_Din_B       |  out|   32|        bram|                                                   v1_1_0_2|         array|
|v1_1_0_2_Dout_B      |   in|   32|        bram|                                                   v1_1_0_2|         array|
|v1_1_1_0_Addr_A      |  out|   32|        bram|                                                   v1_1_1_0|         array|
|v1_1_1_0_EN_A        |  out|    1|        bram|                                                   v1_1_1_0|         array|
|v1_1_1_0_WEN_A       |  out|    4|        bram|                                                   v1_1_1_0|         array|
|v1_1_1_0_Din_A       |  out|   32|        bram|                                                   v1_1_1_0|         array|
|v1_1_1_0_Dout_A      |   in|   32|        bram|                                                   v1_1_1_0|         array|
|v1_1_1_0_Addr_B      |  out|   32|        bram|                                                   v1_1_1_0|         array|
|v1_1_1_0_EN_B        |  out|    1|        bram|                                                   v1_1_1_0|         array|
|v1_1_1_0_WEN_B       |  out|    4|        bram|                                                   v1_1_1_0|         array|
|v1_1_1_0_Din_B       |  out|   32|        bram|                                                   v1_1_1_0|         array|
|v1_1_1_0_Dout_B      |   in|   32|        bram|                                                   v1_1_1_0|         array|
|v1_1_1_1_Addr_A      |  out|   32|        bram|                                                   v1_1_1_1|         array|
|v1_1_1_1_EN_A        |  out|    1|        bram|                                                   v1_1_1_1|         array|
|v1_1_1_1_WEN_A       |  out|    4|        bram|                                                   v1_1_1_1|         array|
|v1_1_1_1_Din_A       |  out|   32|        bram|                                                   v1_1_1_1|         array|
|v1_1_1_1_Dout_A      |   in|   32|        bram|                                                   v1_1_1_1|         array|
|v1_1_1_1_Addr_B      |  out|   32|        bram|                                                   v1_1_1_1|         array|
|v1_1_1_1_EN_B        |  out|    1|        bram|                                                   v1_1_1_1|         array|
|v1_1_1_1_WEN_B       |  out|    4|        bram|                                                   v1_1_1_1|         array|
|v1_1_1_1_Din_B       |  out|   32|        bram|                                                   v1_1_1_1|         array|
|v1_1_1_1_Dout_B      |   in|   32|        bram|                                                   v1_1_1_1|         array|
|v1_1_1_2_Addr_A      |  out|   32|        bram|                                                   v1_1_1_2|         array|
|v1_1_1_2_EN_A        |  out|    1|        bram|                                                   v1_1_1_2|         array|
|v1_1_1_2_WEN_A       |  out|    4|        bram|                                                   v1_1_1_2|         array|
|v1_1_1_2_Din_A       |  out|   32|        bram|                                                   v1_1_1_2|         array|
|v1_1_1_2_Dout_A      |   in|   32|        bram|                                                   v1_1_1_2|         array|
|v1_1_1_2_Addr_B      |  out|   32|        bram|                                                   v1_1_1_2|         array|
|v1_1_1_2_EN_B        |  out|    1|        bram|                                                   v1_1_1_2|         array|
|v1_1_1_2_WEN_B       |  out|    4|        bram|                                                   v1_1_1_2|         array|
|v1_1_1_2_Din_B       |  out|   32|        bram|                                                   v1_1_1_2|         array|
|v1_1_1_2_Dout_B      |   in|   32|        bram|                                                   v1_1_1_2|         array|
|v1_2_0_0_Addr_A      |  out|   32|        bram|                                                   v1_2_0_0|         array|
|v1_2_0_0_EN_A        |  out|    1|        bram|                                                   v1_2_0_0|         array|
|v1_2_0_0_WEN_A       |  out|    4|        bram|                                                   v1_2_0_0|         array|
|v1_2_0_0_Din_A       |  out|   32|        bram|                                                   v1_2_0_0|         array|
|v1_2_0_0_Dout_A      |   in|   32|        bram|                                                   v1_2_0_0|         array|
|v1_2_0_0_Addr_B      |  out|   32|        bram|                                                   v1_2_0_0|         array|
|v1_2_0_0_EN_B        |  out|    1|        bram|                                                   v1_2_0_0|         array|
|v1_2_0_0_WEN_B       |  out|    4|        bram|                                                   v1_2_0_0|         array|
|v1_2_0_0_Din_B       |  out|   32|        bram|                                                   v1_2_0_0|         array|
|v1_2_0_0_Dout_B      |   in|   32|        bram|                                                   v1_2_0_0|         array|
|v1_2_0_1_Addr_A      |  out|   32|        bram|                                                   v1_2_0_1|         array|
|v1_2_0_1_EN_A        |  out|    1|        bram|                                                   v1_2_0_1|         array|
|v1_2_0_1_WEN_A       |  out|    4|        bram|                                                   v1_2_0_1|         array|
|v1_2_0_1_Din_A       |  out|   32|        bram|                                                   v1_2_0_1|         array|
|v1_2_0_1_Dout_A      |   in|   32|        bram|                                                   v1_2_0_1|         array|
|v1_2_0_1_Addr_B      |  out|   32|        bram|                                                   v1_2_0_1|         array|
|v1_2_0_1_EN_B        |  out|    1|        bram|                                                   v1_2_0_1|         array|
|v1_2_0_1_WEN_B       |  out|    4|        bram|                                                   v1_2_0_1|         array|
|v1_2_0_1_Din_B       |  out|   32|        bram|                                                   v1_2_0_1|         array|
|v1_2_0_1_Dout_B      |   in|   32|        bram|                                                   v1_2_0_1|         array|
|v1_2_0_2_Addr_A      |  out|   32|        bram|                                                   v1_2_0_2|         array|
|v1_2_0_2_EN_A        |  out|    1|        bram|                                                   v1_2_0_2|         array|
|v1_2_0_2_WEN_A       |  out|    4|        bram|                                                   v1_2_0_2|         array|
|v1_2_0_2_Din_A       |  out|   32|        bram|                                                   v1_2_0_2|         array|
|v1_2_0_2_Dout_A      |   in|   32|        bram|                                                   v1_2_0_2|         array|
|v1_2_0_2_Addr_B      |  out|   32|        bram|                                                   v1_2_0_2|         array|
|v1_2_0_2_EN_B        |  out|    1|        bram|                                                   v1_2_0_2|         array|
|v1_2_0_2_WEN_B       |  out|    4|        bram|                                                   v1_2_0_2|         array|
|v1_2_0_2_Din_B       |  out|   32|        bram|                                                   v1_2_0_2|         array|
|v1_2_0_2_Dout_B      |   in|   32|        bram|                                                   v1_2_0_2|         array|
|v1_2_1_0_Addr_A      |  out|   32|        bram|                                                   v1_2_1_0|         array|
|v1_2_1_0_EN_A        |  out|    1|        bram|                                                   v1_2_1_0|         array|
|v1_2_1_0_WEN_A       |  out|    4|        bram|                                                   v1_2_1_0|         array|
|v1_2_1_0_Din_A       |  out|   32|        bram|                                                   v1_2_1_0|         array|
|v1_2_1_0_Dout_A      |   in|   32|        bram|                                                   v1_2_1_0|         array|
|v1_2_1_0_Addr_B      |  out|   32|        bram|                                                   v1_2_1_0|         array|
|v1_2_1_0_EN_B        |  out|    1|        bram|                                                   v1_2_1_0|         array|
|v1_2_1_0_WEN_B       |  out|    4|        bram|                                                   v1_2_1_0|         array|
|v1_2_1_0_Din_B       |  out|   32|        bram|                                                   v1_2_1_0|         array|
|v1_2_1_0_Dout_B      |   in|   32|        bram|                                                   v1_2_1_0|         array|
|v1_2_1_1_Addr_A      |  out|   32|        bram|                                                   v1_2_1_1|         array|
|v1_2_1_1_EN_A        |  out|    1|        bram|                                                   v1_2_1_1|         array|
|v1_2_1_1_WEN_A       |  out|    4|        bram|                                                   v1_2_1_1|         array|
|v1_2_1_1_Din_A       |  out|   32|        bram|                                                   v1_2_1_1|         array|
|v1_2_1_1_Dout_A      |   in|   32|        bram|                                                   v1_2_1_1|         array|
|v1_2_1_1_Addr_B      |  out|   32|        bram|                                                   v1_2_1_1|         array|
|v1_2_1_1_EN_B        |  out|    1|        bram|                                                   v1_2_1_1|         array|
|v1_2_1_1_WEN_B       |  out|    4|        bram|                                                   v1_2_1_1|         array|
|v1_2_1_1_Din_B       |  out|   32|        bram|                                                   v1_2_1_1|         array|
|v1_2_1_1_Dout_B      |   in|   32|        bram|                                                   v1_2_1_1|         array|
|v1_2_1_2_Addr_A      |  out|   32|        bram|                                                   v1_2_1_2|         array|
|v1_2_1_2_EN_A        |  out|    1|        bram|                                                   v1_2_1_2|         array|
|v1_2_1_2_WEN_A       |  out|    4|        bram|                                                   v1_2_1_2|         array|
|v1_2_1_2_Din_A       |  out|   32|        bram|                                                   v1_2_1_2|         array|
|v1_2_1_2_Dout_A      |   in|   32|        bram|                                                   v1_2_1_2|         array|
|v1_2_1_2_Addr_B      |  out|   32|        bram|                                                   v1_2_1_2|         array|
|v1_2_1_2_EN_B        |  out|    1|        bram|                                                   v1_2_1_2|         array|
|v1_2_1_2_WEN_B       |  out|    4|        bram|                                                   v1_2_1_2|         array|
|v1_2_1_2_Din_B       |  out|   32|        bram|                                                   v1_2_1_2|         array|
|v1_2_1_2_Dout_B      |   in|   32|        bram|                                                   v1_2_1_2|         array|
|v1_3_0_0_Addr_A      |  out|   32|        bram|                                                   v1_3_0_0|         array|
|v1_3_0_0_EN_A        |  out|    1|        bram|                                                   v1_3_0_0|         array|
|v1_3_0_0_WEN_A       |  out|    4|        bram|                                                   v1_3_0_0|         array|
|v1_3_0_0_Din_A       |  out|   32|        bram|                                                   v1_3_0_0|         array|
|v1_3_0_0_Dout_A      |   in|   32|        bram|                                                   v1_3_0_0|         array|
|v1_3_0_0_Addr_B      |  out|   32|        bram|                                                   v1_3_0_0|         array|
|v1_3_0_0_EN_B        |  out|    1|        bram|                                                   v1_3_0_0|         array|
|v1_3_0_0_WEN_B       |  out|    4|        bram|                                                   v1_3_0_0|         array|
|v1_3_0_0_Din_B       |  out|   32|        bram|                                                   v1_3_0_0|         array|
|v1_3_0_0_Dout_B      |   in|   32|        bram|                                                   v1_3_0_0|         array|
|v1_3_0_1_Addr_A      |  out|   32|        bram|                                                   v1_3_0_1|         array|
|v1_3_0_1_EN_A        |  out|    1|        bram|                                                   v1_3_0_1|         array|
|v1_3_0_1_WEN_A       |  out|    4|        bram|                                                   v1_3_0_1|         array|
|v1_3_0_1_Din_A       |  out|   32|        bram|                                                   v1_3_0_1|         array|
|v1_3_0_1_Dout_A      |   in|   32|        bram|                                                   v1_3_0_1|         array|
|v1_3_0_1_Addr_B      |  out|   32|        bram|                                                   v1_3_0_1|         array|
|v1_3_0_1_EN_B        |  out|    1|        bram|                                                   v1_3_0_1|         array|
|v1_3_0_1_WEN_B       |  out|    4|        bram|                                                   v1_3_0_1|         array|
|v1_3_0_1_Din_B       |  out|   32|        bram|                                                   v1_3_0_1|         array|
|v1_3_0_1_Dout_B      |   in|   32|        bram|                                                   v1_3_0_1|         array|
|v1_3_0_2_Addr_A      |  out|   32|        bram|                                                   v1_3_0_2|         array|
|v1_3_0_2_EN_A        |  out|    1|        bram|                                                   v1_3_0_2|         array|
|v1_3_0_2_WEN_A       |  out|    4|        bram|                                                   v1_3_0_2|         array|
|v1_3_0_2_Din_A       |  out|   32|        bram|                                                   v1_3_0_2|         array|
|v1_3_0_2_Dout_A      |   in|   32|        bram|                                                   v1_3_0_2|         array|
|v1_3_0_2_Addr_B      |  out|   32|        bram|                                                   v1_3_0_2|         array|
|v1_3_0_2_EN_B        |  out|    1|        bram|                                                   v1_3_0_2|         array|
|v1_3_0_2_WEN_B       |  out|    4|        bram|                                                   v1_3_0_2|         array|
|v1_3_0_2_Din_B       |  out|   32|        bram|                                                   v1_3_0_2|         array|
|v1_3_0_2_Dout_B      |   in|   32|        bram|                                                   v1_3_0_2|         array|
|v1_3_1_0_Addr_A      |  out|   32|        bram|                                                   v1_3_1_0|         array|
|v1_3_1_0_EN_A        |  out|    1|        bram|                                                   v1_3_1_0|         array|
|v1_3_1_0_WEN_A       |  out|    4|        bram|                                                   v1_3_1_0|         array|
|v1_3_1_0_Din_A       |  out|   32|        bram|                                                   v1_3_1_0|         array|
|v1_3_1_0_Dout_A      |   in|   32|        bram|                                                   v1_3_1_0|         array|
|v1_3_1_0_Addr_B      |  out|   32|        bram|                                                   v1_3_1_0|         array|
|v1_3_1_0_EN_B        |  out|    1|        bram|                                                   v1_3_1_0|         array|
|v1_3_1_0_WEN_B       |  out|    4|        bram|                                                   v1_3_1_0|         array|
|v1_3_1_0_Din_B       |  out|   32|        bram|                                                   v1_3_1_0|         array|
|v1_3_1_0_Dout_B      |   in|   32|        bram|                                                   v1_3_1_0|         array|
|v1_3_1_1_Addr_A      |  out|   32|        bram|                                                   v1_3_1_1|         array|
|v1_3_1_1_EN_A        |  out|    1|        bram|                                                   v1_3_1_1|         array|
|v1_3_1_1_WEN_A       |  out|    4|        bram|                                                   v1_3_1_1|         array|
|v1_3_1_1_Din_A       |  out|   32|        bram|                                                   v1_3_1_1|         array|
|v1_3_1_1_Dout_A      |   in|   32|        bram|                                                   v1_3_1_1|         array|
|v1_3_1_1_Addr_B      |  out|   32|        bram|                                                   v1_3_1_1|         array|
|v1_3_1_1_EN_B        |  out|    1|        bram|                                                   v1_3_1_1|         array|
|v1_3_1_1_WEN_B       |  out|    4|        bram|                                                   v1_3_1_1|         array|
|v1_3_1_1_Din_B       |  out|   32|        bram|                                                   v1_3_1_1|         array|
|v1_3_1_1_Dout_B      |   in|   32|        bram|                                                   v1_3_1_1|         array|
|v1_3_1_2_Addr_A      |  out|   32|        bram|                                                   v1_3_1_2|         array|
|v1_3_1_2_EN_A        |  out|    1|        bram|                                                   v1_3_1_2|         array|
|v1_3_1_2_WEN_A       |  out|    4|        bram|                                                   v1_3_1_2|         array|
|v1_3_1_2_Din_A       |  out|   32|        bram|                                                   v1_3_1_2|         array|
|v1_3_1_2_Dout_A      |   in|   32|        bram|                                                   v1_3_1_2|         array|
|v1_3_1_2_Addr_B      |  out|   32|        bram|                                                   v1_3_1_2|         array|
|v1_3_1_2_EN_B        |  out|    1|        bram|                                                   v1_3_1_2|         array|
|v1_3_1_2_WEN_B       |  out|    4|        bram|                                                   v1_3_1_2|         array|
|v1_3_1_2_Din_B       |  out|   32|        bram|                                                   v1_3_1_2|         array|
|v1_3_1_2_Dout_B      |   in|   32|        bram|                                                   v1_3_1_2|         array|
|v0                   |   in|   32|     ap_none|                                                         v0|        scalar|
+---------------------+-----+-----+------------+-----------------------------------------------------------+--------------+

