

================================================================
== Vitis HLS Report for 'test_gesummv_64_Pipeline_VITIS_LOOP_55_1_VITIS_LOOP_56_2'
================================================================
* Date:           Fri Jun 13 15:28:37 2025

* Version:        2022.2 (Build 3670227 on Oct 13 2022)
* Project:        test_gesummv_64
* Solution:       test_gesummv_64 (Vivado IP Flow Target)
* Product family: artix7
* Target device:  xc7a100t-csg324-1


================================================================
== Performance Estimates
================================================================
+ Timing: 
    * Summary: 
    +--------+----------+----------+------------+
    |  Clock |  Target  | Estimated| Uncertainty|
    +--------+----------+----------+------------+
    |ap_clk  |  10.00 ns|  8.078 ns|     2.70 ns|
    +--------+----------+----------+------------+

+ Latency: 
    * Summary: 
    +---------+---------+----------+----------+-----+-----+---------+
    |  Latency (cycles) |  Latency (absolute) |  Interval | Pipeline|
    |   min   |   max   |    min   |    max   | min | max |   Type  |
    +---------+---------+----------+----------+-----+-----+---------+
    |      526|      526|  5.260 us|  5.260 us|  526|  526|       no|
    +---------+---------+----------+----------+-----+-----+---------+

    + Detail: 
        * Instance: 
        N/A

        * Loop: 
        +-----------------------------------+---------+---------+----------+-----------+-----------+------+----------+
        |                                   |  Latency (cycles) | Iteration|  Initiation Interval  | Trip |          |
        |             Loop Name             |   min   |   max   |  Latency |  achieved |   target  | Count| Pipelined|
        +-----------------------------------+---------+---------+----------+-----------+-----------+------+----------+
        |- VITIS_LOOP_55_1_VITIS_LOOP_56_2  |      524|      524|        15|          2|          1|   256|       yes|
        +-----------------------------------+---------+---------+----------+-----------+-----------+------+----------+



================================================================
== Utilization Estimates
================================================================
* Summary: 
+-----------------+---------+-----+--------+-------+-----+
|       Name      | BRAM_18K| DSP |   FF   |  LUT  | URAM|
+-----------------+---------+-----+--------+-------+-----+
|DSP              |        -|    -|       -|      -|    -|
|Expression       |        -|    -|       0|     88|    -|
|FIFO             |        -|    -|       -|      -|    -|
|Instance         |        -|   72|    6870|   5817|    -|
|Memory           |        -|    -|       -|      -|    -|
|Multiplexer      |        -|    -|       -|   1667|    -|
|Register         |        -|    -|    4432|   1088|    -|
+-----------------+---------+-----+--------+-------+-----+
|Total            |        0|   72|   11302|   8660|    0|
+-----------------+---------+-----+--------+-------+-----+
|Available        |      270|  240|  126800|  63400|    0|
+-----------------+---------+-----+--------+-------+-----+
|Utilization (%)  |        0|   30|       8|     13|    0|
+-----------------+---------+-----+--------+-------+-----+

+ Detail: 
    * Instance: 
    +------------------------------------+--------------------------------+---------+----+-----+-----+-----+
    |              Instance              |             Module             | BRAM_18K| DSP|  FF | LUT | URAM|
    +------------------------------------+--------------------------------+---------+----+-----+-----+-----+
    |fadd_32ns_32ns_32_6_no_dsp_1_U17    |fadd_32ns_32ns_32_6_no_dsp_1    |        0|   0|  278|  392|    0|
    |fadd_32ns_32ns_32_7_full_dsp_1_U2   |fadd_32ns_32ns_32_7_full_dsp_1  |        0|   2|  306|  231|    0|
    |fadd_32ns_32ns_32_7_full_dsp_1_U3   |fadd_32ns_32ns_32_7_full_dsp_1  |        0|   2|  306|  231|    0|
    |fadd_32ns_32ns_32_7_full_dsp_1_U4   |fadd_32ns_32ns_32_7_full_dsp_1  |        0|   2|  306|  231|    0|
    |fadd_32ns_32ns_32_7_full_dsp_1_U5   |fadd_32ns_32ns_32_7_full_dsp_1  |        0|   2|  306|  231|    0|
    |fadd_32ns_32ns_32_7_full_dsp_1_U6   |fadd_32ns_32ns_32_7_full_dsp_1  |        0|   2|  306|  231|    0|
    |fadd_32ns_32ns_32_7_full_dsp_1_U7   |fadd_32ns_32ns_32_7_full_dsp_1  |        0|   2|  306|  231|    0|
    |fadd_32ns_32ns_32_7_full_dsp_1_U8   |fadd_32ns_32ns_32_7_full_dsp_1  |        0|   2|  306|  231|    0|
    |fadd_32ns_32ns_32_7_full_dsp_1_U9   |fadd_32ns_32ns_32_7_full_dsp_1  |        0|   2|  306|  231|    0|
    |fadd_32ns_32ns_32_7_full_dsp_1_U10  |fadd_32ns_32ns_32_7_full_dsp_1  |        0|   2|  306|  231|    0|
    |fadd_32ns_32ns_32_7_full_dsp_1_U11  |fadd_32ns_32ns_32_7_full_dsp_1  |        0|   2|  306|  231|    0|
    |fadd_32ns_32ns_32_7_full_dsp_1_U12  |fadd_32ns_32ns_32_7_full_dsp_1  |        0|   2|  306|  231|    0|
    |fadd_32ns_32ns_32_7_full_dsp_1_U13  |fadd_32ns_32ns_32_7_full_dsp_1  |        0|   2|  306|  231|    0|
    |fadd_32ns_32ns_32_7_full_dsp_1_U14  |fadd_32ns_32ns_32_7_full_dsp_1  |        0|   2|  306|  231|    0|
    |fadd_32ns_32ns_32_7_full_dsp_1_U15  |fadd_32ns_32ns_32_7_full_dsp_1  |        0|   2|  306|  231|    0|
    |fadd_32ns_32ns_32_7_full_dsp_1_U16  |fadd_32ns_32ns_32_7_full_dsp_1  |        0|   2|  306|  231|    0|
    |fmul_32ns_32ns_32_4_max_dsp_1_U20   |fmul_32ns_32ns_32_4_max_dsp_1   |        0|   3|  143|  140|    0|
    |fmul_32ns_32ns_32_4_max_dsp_1_U21   |fmul_32ns_32ns_32_4_max_dsp_1   |        0|   3|  143|  140|    0|
    |fmul_32ns_32ns_32_4_max_dsp_1_U22   |fmul_32ns_32ns_32_4_max_dsp_1   |        0|   3|  143|  140|    0|
    |fmul_32ns_32ns_32_4_max_dsp_1_U23   |fmul_32ns_32ns_32_4_max_dsp_1   |        0|   3|  143|  140|    0|
    |fmul_32ns_32ns_32_4_max_dsp_1_U24   |fmul_32ns_32ns_32_4_max_dsp_1   |        0|   3|  143|  140|    0|
    |fmul_32ns_32ns_32_4_max_dsp_1_U25   |fmul_32ns_32ns_32_4_max_dsp_1   |        0|   3|  143|  140|    0|
    |fmul_32ns_32ns_32_4_max_dsp_1_U26   |fmul_32ns_32ns_32_4_max_dsp_1   |        0|   3|  143|  140|    0|
    |fmul_32ns_32ns_32_4_max_dsp_1_U27   |fmul_32ns_32ns_32_4_max_dsp_1   |        0|   3|  143|  140|    0|
    |fmul_32ns_32ns_32_4_max_dsp_1_U28   |fmul_32ns_32ns_32_4_max_dsp_1   |        0|   3|  143|  140|    0|
    |fmul_32ns_32ns_32_4_max_dsp_1_U29   |fmul_32ns_32ns_32_4_max_dsp_1   |        0|   3|  143|  140|    0|
    |fmul_32ns_32ns_32_4_max_dsp_1_U30   |fmul_32ns_32ns_32_4_max_dsp_1   |        0|   3|  143|  140|    0|
    |fmul_32ns_32ns_32_4_max_dsp_1_U31   |fmul_32ns_32ns_32_4_max_dsp_1   |        0|   3|  143|  140|    0|
    |fmul_32ns_32ns_32_4_max_dsp_1_U32   |fmul_32ns_32ns_32_4_max_dsp_1   |        0|   3|  143|  140|    0|
    |fmul_32ns_32ns_32_4_max_dsp_1_U33   |fmul_32ns_32ns_32_4_max_dsp_1   |        0|   3|  143|  140|    0|
    +------------------------------------+--------------------------------+---------+----+-----+-----+-----+
    |Total                               |                                |        0|  72| 6870| 5817|    0|
    +------------------------------------+--------------------------------+---------+----+-----+-----+-----+

    * DSP: 
    N/A

    * Memory: 
    N/A

    * FIFO: 
    N/A

    * Expression: 
    +--------------------------+----------+----+---+----+------------+------------+
    |       Variable Name      | Operation| DSP| FF| LUT| Bitwidth P0| Bitwidth P1|
    +--------------------------+----------+----+---+----+------------+------------+
    |add_ln55_1_fu_1174_p2     |         +|   0|  0|  16|           9|           1|
    |add_ln55_fu_1186_p2       |         +|   0|  0|  14|           7|           1|
    |add_ln56_fu_1241_p2       |         +|   0|  0|  11|           3|           1|
    |add_ln58_fu_1235_p2       |         +|   0|  0|  15|           8|           8|
    |icmp_ln55_fu_1168_p2      |      icmp|   0|  0|  11|           9|          10|
    |icmp_ln56_fu_1192_p2      |      icmp|   0|  0|   9|           3|           4|
    |select_ln55_1_fu_1210_p3  |    select|   0|  0|   7|           1|           7|
    |select_ln55_fu_1198_p3    |    select|   0|  0|   3|           1|           1|
    |ap_enable_pp0             |       xor|   0|  0|   2|           1|           2|
    +--------------------------+----------+----+---+----+------------+------------+
    |Total                     |          |   0|  0|  88|          42|          35|
    +--------------------------+----------+----+---+----+------------+------------+

    * Multiplexer: 
    +--------------------------------------+----+-----------+-----+-----------+
    |                 Name                 | LUT| Input Size| Bits| Total Bits|
    +--------------------------------------+----+-----------+-----+-----------+
    |ap_NS_fsm                             |  13|          3|    1|          3|
    |ap_done_int                           |   9|          2|    1|          2|
    |ap_enable_reg_pp0_iter0               |   9|          2|    1|          2|
    |ap_enable_reg_pp0_iter1               |   9|          2|    1|          2|
    |ap_enable_reg_pp0_iter7               |   9|          2|    1|          2|
    |ap_loop_exit_ready_pp0_iter1_reg      |   9|          2|    1|          2|
    |ap_loop_exit_ready_pp0_iter2_reg      |   9|          2|    1|          2|
    |ap_loop_exit_ready_pp0_iter3_reg      |   9|          2|    1|          2|
    |ap_loop_exit_ready_pp0_iter4_reg      |   9|          2|    1|          2|
    |ap_loop_exit_ready_pp0_iter5_reg      |   9|          2|    1|          2|
    |ap_loop_exit_ready_pp0_iter6_reg      |   9|          2|    1|          2|
    |ap_sig_allocacmp_indvar_flatten_load  |   9|          2|    9|         18|
    |ap_sig_allocacmp_v7_load              |   9|          2|    7|         14|
    |ap_sig_allocacmp_v8_load              |   9|          2|    3|          6|
    |grp_fu_1018_p0                        |  13|          3|   32|         96|
    |grp_fu_1018_p1                        |  13|          3|   32|         96|
    |grp_fu_1022_p0                        |  13|          3|   32|         96|
    |grp_fu_1022_p1                        |  13|          3|   32|         96|
    |grp_fu_1026_p0                        |  13|          3|   32|         96|
    |grp_fu_1026_p1                        |  13|          3|   32|         96|
    |grp_fu_1030_p0                        |  13|          3|   32|         96|
    |grp_fu_1030_p1                        |  13|          3|   32|         96|
    |grp_fu_1034_p0                        |  13|          3|   32|         96|
    |grp_fu_1034_p1                        |  13|          3|   32|         96|
    |grp_fu_1038_p0                        |  13|          3|   32|         96|
    |grp_fu_1038_p1                        |  13|          3|   32|         96|
    |grp_fu_1042_p0                        |  13|          3|   32|         96|
    |grp_fu_1042_p1                        |  13|          3|   32|         96|
    |grp_fu_1046_p0                        |  13|          3|   32|         96|
    |grp_fu_1046_p1                        |  13|          3|   32|         96|
    |grp_fu_1050_p0                        |  13|          3|   32|         96|
    |grp_fu_1050_p1                        |  13|          3|   32|         96|
    |grp_fu_1054_p0                        |  13|          3|   32|         96|
    |grp_fu_1054_p1                        |  13|          3|   32|         96|
    |grp_fu_1058_p0                        |  13|          3|   32|         96|
    |grp_fu_1058_p1                        |  13|          3|   32|         96|
    |grp_fu_1062_p0                        |  13|          3|   32|         96|
    |grp_fu_1062_p1                        |  13|          3|   32|         96|
    |grp_fu_1066_p0                        |  13|          3|   32|         96|
    |grp_fu_1066_p1                        |  13|          3|   32|         96|
    |grp_fu_1070_p0                        |  13|          3|   32|         96|
    |grp_fu_1070_p1                        |  13|          3|   32|         96|
    |grp_fu_1074_p0                        |  13|          3|   32|         96|
    |grp_fu_1074_p1                        |  13|          3|   32|         96|
    |grp_fu_1086_p0                        |  13|          3|   32|         96|
    |grp_fu_1086_p1                        |  13|          3|   32|         96|
    |grp_fu_1090_p0                        |  13|          3|   32|         96|
    |grp_fu_1090_p1                        |  13|          3|   32|         96|
    |grp_fu_1094_p0                        |  13|          3|   32|         96|
    |grp_fu_1094_p1                        |  13|          3|   32|         96|
    |grp_fu_1098_p0                        |  13|          3|   32|         96|
    |grp_fu_1098_p1                        |  13|          3|   32|         96|
    |grp_fu_1102_p0                        |  13|          3|   32|         96|
    |grp_fu_1102_p1                        |  13|          3|   32|         96|
    |grp_fu_1106_p0                        |  13|          3|   32|         96|
    |grp_fu_1106_p1                        |  13|          3|   32|         96|
    |grp_fu_1110_p0                        |  13|          3|   32|         96|
    |grp_fu_1110_p1                        |  13|          3|   32|         96|
    |grp_fu_1114_p0                        |  13|          3|   32|         96|
    |grp_fu_1114_p1                        |  13|          3|   32|         96|
    |grp_fu_1118_p0                        |  13|          3|   32|         96|
    |grp_fu_1118_p1                        |  13|          3|   32|         96|
    |grp_fu_1122_p0                        |  13|          3|   32|         96|
    |grp_fu_1122_p1                        |  13|          3|   32|         96|
    |grp_fu_1126_p0                        |  13|          3|   32|         96|
    |grp_fu_1126_p1                        |  13|          3|   32|         96|
    |grp_fu_1130_p0                        |  13|          3|   32|         96|
    |grp_fu_1130_p1                        |  13|          3|   32|         96|
    |grp_fu_1134_p0                        |  13|          3|   32|         96|
    |grp_fu_1134_p1                        |  13|          3|   32|         96|
    |grp_fu_1138_p0                        |  13|          3|   32|         96|
    |grp_fu_1138_p1                        |  13|          3|   32|         96|
    |grp_fu_1142_p0                        |  13|          3|   32|         96|
    |grp_fu_1142_p1                        |  13|          3|   32|         96|
    |grp_fu_1146_p0                        |  13|          3|   32|         96|
    |grp_fu_1146_p1                        |  13|          3|   32|         96|
    |indvar_flatten_fu_184                 |   9|          2|    9|         18|
    |v4_0_Addr_A_orig                      |  13|          3|   32|         96|
    |v4_0_WEN_A                            |   9|          2|    4|          8|
    |v4_10_Addr_A_orig                     |  13|          3|   32|         96|
    |v4_10_WEN_A                           |   9|          2|    4|          8|
    |v4_11_Addr_A_orig                     |  13|          3|   32|         96|
    |v4_11_WEN_A                           |   9|          2|    4|          8|
    |v4_12_Addr_A_orig                     |  13|          3|   32|         96|
    |v4_12_WEN_A                           |   9|          2|    4|          8|
    |v4_13_Addr_A_orig                     |  13|          3|   32|         96|
    |v4_13_WEN_A                           |   9|          2|    4|          8|
    |v4_14_Addr_A_orig                     |  13|          3|   32|         96|
    |v4_14_WEN_A                           |   9|          2|    4|          8|
    |v4_15_Addr_A_orig                     |  13|          3|   32|         96|
    |v4_15_WEN_A                           |   9|          2|    4|          8|
    |v4_1_Addr_A_orig                      |  13|          3|   32|         96|
    |v4_1_WEN_A                            |   9|          2|    4|          8|
    |v4_2_Addr_A_orig                      |  13|          3|   32|         96|
    |v4_2_WEN_A                            |   9|          2|    4|          8|
    |v4_3_Addr_A_orig                      |  13|          3|   32|         96|
    |v4_3_WEN_A                            |   9|          2|    4|          8|
    |v4_4_Addr_A_orig                      |  13|          3|   32|         96|
    |v4_4_WEN_A                            |   9|          2|    4|          8|
    |v4_5_Addr_A_orig                      |  13|          3|   32|         96|
    |v4_5_WEN_A                            |   9|          2|    4|          8|
    |v4_6_Addr_A_orig                      |  13|          3|   32|         96|
    |v4_6_WEN_A                            |   9|          2|    4|          8|
    |v4_7_Addr_A_orig                      |  13|          3|   32|         96|
    |v4_7_WEN_A                            |   9|          2|    4|          8|
    |v4_8_Addr_A_orig                      |  13|          3|   32|         96|
    |v4_8_WEN_A                            |   9|          2|    4|          8|
    |v4_9_Addr_A_orig                      |  13|          3|   32|         96|
    |v4_9_WEN_A                            |   9|          2|    4|          8|
    |v6_0_Addr_A_orig                      |  13|          3|   32|         96|
    |v6_0_WEN_A                            |   9|          2|    4|          8|
    |v6_10_Addr_A_orig                     |  13|          3|   32|         96|
    |v6_10_WEN_A                           |   9|          2|    4|          8|
    |v6_11_Addr_A_orig                     |  13|          3|   32|         96|
    |v6_11_WEN_A                           |   9|          2|    4|          8|
    |v6_12_Addr_A_orig                     |  13|          3|   32|         96|
    |v6_12_WEN_A                           |   9|          2|    4|          8|
    |v6_13_Addr_A_orig                     |  13|          3|   32|         96|
    |v6_13_WEN_A                           |   9|          2|    4|          8|
    |v6_14_Addr_A_orig                     |  13|          3|   32|         96|
    |v6_14_WEN_A                           |   9|          2|    4|          8|
    |v6_15_Addr_A_orig                     |  13|          3|   32|         96|
    |v6_15_WEN_A                           |   9|          2|    4|          8|
    |v6_1_Addr_A_orig                      |  13|          3|   32|         96|
    |v6_1_WEN_A                            |   9|          2|    4|          8|
    |v6_2_Addr_A_orig                      |  13|          3|   32|         96|
    |v6_2_WEN_A                            |   9|          2|    4|          8|
    |v6_3_Addr_A_orig                      |  13|          3|   32|         96|
    |v6_3_WEN_A                            |   9|          2|    4|          8|
    |v6_4_Addr_A_orig                      |  13|          3|   32|         96|
    |v6_4_WEN_A                            |   9|          2|    4|          8|
    |v6_5_Addr_A_orig                      |  13|          3|   32|         96|
    |v6_5_WEN_A                            |   9|          2|    4|          8|
    |v6_6_Addr_A_orig                      |  13|          3|   32|         96|
    |v6_6_WEN_A                            |   9|          2|    4|          8|
    |v6_7_Addr_A_orig                      |  13|          3|   32|         96|
    |v6_7_WEN_A                            |   9|          2|    4|          8|
    |v6_8_Addr_A_orig                      |  13|          3|   32|         96|
    |v6_8_WEN_A                            |   9|          2|    4|          8|
    |v6_9_Addr_A_orig                      |  13|          3|   32|         96|
    |v6_9_WEN_A                            |   9|          2|    4|          8|
    |v7_fu_180                             |   9|          2|    7|         14|
    |v8_fu_176                             |   9|          2|    3|          6|
    +--------------------------------------+----+-----------+-----+-----------+
    |Total                                 |1667|        381| 3185|       9379|
    +--------------------------------------+----+-----------+-----+-----------+

    * Register: 
    +----------------------------------+----+----+-----+-----------+
    |               Name               | FF | LUT| Bits| Const Bits|
    +----------------------------------+----+----+-----+-----------+
    |add_ln58_reg_1833                 |   8|   0|    8|          0|
    |ap_CS_fsm                         |   2|   0|    2|          0|
    |ap_done_reg                       |   1|   0|    1|          0|
    |ap_enable_reg_pp0_iter0_reg       |   1|   0|    1|          0|
    |ap_enable_reg_pp0_iter1           |   1|   0|    1|          0|
    |ap_enable_reg_pp0_iter2           |   1|   0|    1|          0|
    |ap_enable_reg_pp0_iter3           |   1|   0|    1|          0|
    |ap_enable_reg_pp0_iter4           |   1|   0|    1|          0|
    |ap_enable_reg_pp0_iter5           |   1|   0|    1|          0|
    |ap_enable_reg_pp0_iter6           |   1|   0|    1|          0|
    |ap_enable_reg_pp0_iter7           |   1|   0|    1|          0|
    |ap_loop_exit_ready_pp0_iter1_reg  |   1|   0|    1|          0|
    |ap_loop_exit_ready_pp0_iter2_reg  |   1|   0|    1|          0|
    |ap_loop_exit_ready_pp0_iter3_reg  |   1|   0|    1|          0|
    |ap_loop_exit_ready_pp0_iter4_reg  |   1|   0|    1|          0|
    |ap_loop_exit_ready_pp0_iter5_reg  |   1|   0|    1|          0|
    |ap_loop_exit_ready_pp0_iter6_reg  |   1|   0|    1|          0|
    |bitcast_ln55_reg_2163             |  32|   0|   32|          0|
    |icmp_ln55_reg_1819                |   1|   0|    1|          0|
    |indvar_flatten_fu_184             |   9|   0|    9|          0|
    |select_ln55_reg_1823              |   3|   0|    3|          0|
    |v103_reg_2703                     |  32|   0|   32|          0|
    |v107_reg_2708                     |  32|   0|   32|          0|
    |v111_reg_2713                     |  32|   0|   32|          0|
    |v115_reg_2718                     |  32|   0|   32|          0|
    |v119_reg_2723                     |  32|   0|   32|          0|
    |v11_reg_2583                      |  32|   0|   32|          0|
    |v123_reg_2728                     |  32|   0|   32|          0|
    |v127_reg_2733                     |  32|   0|   32|          0|
    |v131_reg_2738                     |  32|   0|   32|          0|
    |v135_reg_2743                     |  32|   0|   32|          0|
    |v15_reg_2348                      |  32|   0|   32|          0|
    |v19_reg_2358                      |  32|   0|   32|          0|
    |v23_reg_2368                      |  32|   0|   32|          0|
    |v27_reg_2378                      |  32|   0|   32|          0|
    |v2_0_load_reg_2003                |  32|   0|   32|          0|
    |v2_10_load_reg_2103               |  32|   0|   32|          0|
    |v2_11_load_reg_2113               |  32|   0|   32|          0|
    |v2_12_load_reg_2123               |  32|   0|   32|          0|
    |v2_13_load_reg_2133               |  32|   0|   32|          0|
    |v2_14_load_reg_2143               |  32|   0|   32|          0|
    |v2_15_load_reg_2153               |  32|   0|   32|          0|
    |v2_1_load_reg_2013                |  32|   0|   32|          0|
    |v2_2_load_reg_2023                |  32|   0|   32|          0|
    |v2_3_load_reg_2033                |  32|   0|   32|          0|
    |v2_4_load_reg_2043                |  32|   0|   32|          0|
    |v2_5_load_reg_2053                |  32|   0|   32|          0|
    |v2_6_load_reg_2063                |  32|   0|   32|          0|
    |v2_7_load_reg_2073                |  32|   0|   32|          0|
    |v2_8_load_reg_2083                |  32|   0|   32|          0|
    |v2_9_load_reg_2093                |  32|   0|   32|          0|
    |v31_reg_2388                      |  32|   0|   32|          0|
    |v35_reg_2398                      |  32|   0|   32|          0|
    |v39_reg_2408                      |  32|   0|   32|          0|
    |v3_0_load_reg_2008                |  32|   0|   32|          0|
    |v3_10_load_reg_2108               |  32|   0|   32|          0|
    |v3_11_load_reg_2118               |  32|   0|   32|          0|
    |v3_12_load_reg_2128               |  32|   0|   32|          0|
    |v3_13_load_reg_2138               |  32|   0|   32|          0|
    |v3_14_load_reg_2148               |  32|   0|   32|          0|
    |v3_15_load_reg_2158               |  32|   0|   32|          0|
    |v3_1_load_reg_2018                |  32|   0|   32|          0|
    |v3_2_load_reg_2028                |  32|   0|   32|          0|
    |v3_3_load_reg_2038                |  32|   0|   32|          0|
    |v3_4_load_reg_2048                |  32|   0|   32|          0|
    |v3_5_load_reg_2058                |  32|   0|   32|          0|
    |v3_6_load_reg_2068                |  32|   0|   32|          0|
    |v3_7_load_reg_2078                |  32|   0|   32|          0|
    |v3_8_load_reg_2088                |  32|   0|   32|          0|
    |v3_9_load_reg_2098                |  32|   0|   32|          0|
    |v43_reg_2418                      |  32|   0|   32|          0|
    |v47_reg_2428                      |  32|   0|   32|          0|
    |v4_0_addr_reg_2343                |   2|   0|    2|          0|
    |v4_0_load_reg_2588                |  32|   0|   32|          0|
    |v4_10_addr_reg_2523               |   2|   0|    2|          0|
    |v4_11_addr_reg_2533               |   2|   0|    2|          0|
    |v4_12_addr_reg_2543               |   2|   0|    2|          0|
    |v4_13_addr_reg_2553               |   2|   0|    2|          0|
    |v4_14_addr_reg_2563               |   2|   0|    2|          0|
    |v4_15_addr_reg_2573               |   2|   0|    2|          0|
    |v4_1_addr_reg_2363                |   2|   0|    2|          0|
    |v4_2_addr_reg_2383                |   2|   0|    2|          0|
    |v4_3_addr_reg_2403                |   2|   0|    2|          0|
    |v4_4_addr_reg_2423                |   2|   0|    2|          0|
    |v4_5_addr_reg_2443                |   2|   0|    2|          0|
    |v4_6_addr_reg_2463                |   2|   0|    2|          0|
    |v4_7_addr_reg_2483                |   2|   0|    2|          0|
    |v4_8_addr_reg_2503                |   2|   0|    2|          0|
    |v4_9_addr_reg_2513                |   2|   0|    2|          0|
    |v51_reg_2438                      |  32|   0|   32|          0|
    |v55_reg_2448                      |  32|   0|   32|          0|
    |v59_reg_2458                      |  32|   0|   32|          0|
    |v5_load_reg_1838                  |  32|   0|   32|          0|
    |v63_reg_2468                      |  32|   0|   32|          0|
    |v67_reg_2478                      |  32|   0|   32|          0|
    |v6_0_addr_reg_2353                |   2|   0|    2|          0|
    |v6_10_addr_reg_2528               |   2|   0|    2|          0|
    |v6_11_addr_reg_2538               |   2|   0|    2|          0|
    |v6_12_addr_reg_2548               |   2|   0|    2|          0|
    |v6_13_addr_reg_2558               |   2|   0|    2|          0|
    |v6_14_addr_reg_2568               |   2|   0|    2|          0|
    |v6_15_addr_reg_2578               |   2|   0|    2|          0|
    |v6_1_addr_reg_2373                |   2|   0|    2|          0|
    |v6_2_addr_reg_2393                |   2|   0|    2|          0|
    |v6_3_addr_reg_2413                |   2|   0|    2|          0|
    |v6_4_addr_reg_2433                |   2|   0|    2|          0|
    |v6_5_addr_reg_2453                |   2|   0|    2|          0|
    |v6_6_addr_reg_2473                |   2|   0|    2|          0|
    |v6_7_addr_reg_2493                |   2|   0|    2|          0|
    |v6_8_addr_reg_2508                |   2|   0|    2|          0|
    |v6_9_addr_reg_2518                |   2|   0|    2|          0|
    |v71_reg_2488                      |  32|   0|   32|          0|
    |v75_reg_2498                      |  32|   0|   32|          0|
    |v79_reg_2673                      |  32|   0|   32|          0|
    |v7_fu_180                         |   7|   0|    7|          0|
    |v83_reg_2678                      |  32|   0|   32|          0|
    |v87_reg_2683                      |  32|   0|   32|          0|
    |v8_fu_176                         |   3|   0|    3|          0|
    |v91_reg_2688                      |  32|   0|   32|          0|
    |v95_reg_2693                      |  32|   0|   32|          0|
    |v99_reg_2698                      |  32|   0|   32|          0|
    |icmp_ln55_reg_1819                |  64|  32|    1|          0|
    |select_ln55_reg_1823              |  64|  32|    3|          0|
    |v4_0_addr_reg_2343                |  64|  32|    2|          0|
    |v4_10_addr_reg_2523               |  64|  32|    2|          0|
    |v4_11_addr_reg_2533               |  64|  32|    2|          0|
    |v4_12_addr_reg_2543               |  64|  32|    2|          0|
    |v4_13_addr_reg_2553               |  64|  32|    2|          0|
    |v4_14_addr_reg_2563               |  64|  32|    2|          0|
    |v4_15_addr_reg_2573               |  64|  32|    2|          0|
    |v4_1_addr_reg_2363                |  64|  32|    2|          0|
    |v4_2_addr_reg_2383                |  64|  32|    2|          0|
    |v4_3_addr_reg_2403                |  64|  32|    2|          0|
    |v4_4_addr_reg_2423                |  64|  32|    2|          0|
    |v4_5_addr_reg_2443                |  64|  32|    2|          0|
    |v4_6_addr_reg_2463                |  64|  32|    2|          0|
    |v4_7_addr_reg_2483                |  64|  32|    2|          0|
    |v4_8_addr_reg_2503                |  64|  32|    2|          0|
    |v4_9_addr_reg_2513                |  64|  32|    2|          0|
    |v6_0_addr_reg_2353                |  64|  32|    2|          0|
    |v6_10_addr_reg_2528               |  64|  32|    2|          0|
    |v6_11_addr_reg_2538               |  64|  32|    2|          0|
    |v6_12_addr_reg_2548               |  64|  32|    2|          0|
    |v6_13_addr_reg_2558               |  64|  32|    2|          0|
    |v6_14_addr_reg_2568               |  64|  32|    2|          0|
    |v6_15_addr_reg_2578               |  64|  32|    2|          0|
    |v6_1_addr_reg_2373                |  64|  32|    2|          0|
    |v6_2_addr_reg_2393                |  64|  32|    2|          0|
    |v6_3_addr_reg_2413                |  64|  32|    2|          0|
    |v6_4_addr_reg_2433                |  64|  32|    2|          0|
    |v6_5_addr_reg_2453                |  64|  32|    2|          0|
    |v6_6_addr_reg_2473                |  64|  32|    2|          0|
    |v6_7_addr_reg_2493                |  64|  32|    2|          0|
    |v6_8_addr_reg_2508                |  64|  32|    2|          0|
    |v6_9_addr_reg_2518                |  64|  32|    2|          0|
    +----------------------------------+----+----+-----+-----------+
    |Total                             |4432|1088| 2324|          0|
    +----------------------------------+----+----+-----+-----------+



================================================================
== Interface
================================================================
* Summary: 
+---------------------+-----+-----+------------+----------------------------------------------------------+--------------+
|      RTL Ports      | Dir | Bits|  Protocol  |                       Source Object                      |    C Type    |
+---------------------+-----+-----+------------+----------------------------------------------------------+--------------+
|ap_clk               |   in|    1|  ap_ctrl_hs|  test_gesummv_64_Pipeline_VITIS_LOOP_55_1_VITIS_LOOP_56_2|  return value|
|ap_rst               |   in|    1|  ap_ctrl_hs|  test_gesummv_64_Pipeline_VITIS_LOOP_55_1_VITIS_LOOP_56_2|  return value|
|ap_start             |   in|    1|  ap_ctrl_hs|  test_gesummv_64_Pipeline_VITIS_LOOP_55_1_VITIS_LOOP_56_2|  return value|
|ap_done              |  out|    1|  ap_ctrl_hs|  test_gesummv_64_Pipeline_VITIS_LOOP_55_1_VITIS_LOOP_56_2|  return value|
|ap_idle              |  out|    1|  ap_ctrl_hs|  test_gesummv_64_Pipeline_VITIS_LOOP_55_1_VITIS_LOOP_56_2|  return value|
|ap_ready             |  out|    1|  ap_ctrl_hs|  test_gesummv_64_Pipeline_VITIS_LOOP_55_1_VITIS_LOOP_56_2|  return value|
|grp_fu_394_p_din0    |  out|   32|  ap_ctrl_hs|  test_gesummv_64_Pipeline_VITIS_LOOP_55_1_VITIS_LOOP_56_2|  return value|
|grp_fu_394_p_din1    |  out|   32|  ap_ctrl_hs|  test_gesummv_64_Pipeline_VITIS_LOOP_55_1_VITIS_LOOP_56_2|  return value|
|grp_fu_394_p_opcode  |  out|    2|  ap_ctrl_hs|  test_gesummv_64_Pipeline_VITIS_LOOP_55_1_VITIS_LOOP_56_2|  return value|
|grp_fu_394_p_dout0   |   in|   32|  ap_ctrl_hs|  test_gesummv_64_Pipeline_VITIS_LOOP_55_1_VITIS_LOOP_56_2|  return value|
|grp_fu_394_p_ce      |  out|    1|  ap_ctrl_hs|  test_gesummv_64_Pipeline_VITIS_LOOP_55_1_VITIS_LOOP_56_2|  return value|
|grp_fu_398_p_din0    |  out|   32|  ap_ctrl_hs|  test_gesummv_64_Pipeline_VITIS_LOOP_55_1_VITIS_LOOP_56_2|  return value|
|grp_fu_398_p_din1    |  out|   32|  ap_ctrl_hs|  test_gesummv_64_Pipeline_VITIS_LOOP_55_1_VITIS_LOOP_56_2|  return value|
|grp_fu_398_p_dout0   |   in|   32|  ap_ctrl_hs|  test_gesummv_64_Pipeline_VITIS_LOOP_55_1_VITIS_LOOP_56_2|  return value|
|grp_fu_398_p_ce      |  out|    1|  ap_ctrl_hs|  test_gesummv_64_Pipeline_VITIS_LOOP_55_1_VITIS_LOOP_56_2|  return value|
|grp_fu_402_p_din0    |  out|   32|  ap_ctrl_hs|  test_gesummv_64_Pipeline_VITIS_LOOP_55_1_VITIS_LOOP_56_2|  return value|
|grp_fu_402_p_din1    |  out|   32|  ap_ctrl_hs|  test_gesummv_64_Pipeline_VITIS_LOOP_55_1_VITIS_LOOP_56_2|  return value|
|grp_fu_402_p_dout0   |   in|   32|  ap_ctrl_hs|  test_gesummv_64_Pipeline_VITIS_LOOP_55_1_VITIS_LOOP_56_2|  return value|
|grp_fu_402_p_ce      |  out|    1|  ap_ctrl_hs|  test_gesummv_64_Pipeline_VITIS_LOOP_55_1_VITIS_LOOP_56_2|  return value|
|v5_Addr_A            |  out|   32|        bram|                                                        v5|         array|
|v5_EN_A              |  out|    1|        bram|                                                        v5|         array|
|v5_WEN_A             |  out|    4|        bram|                                                        v5|         array|
|v5_Din_A             |  out|   32|        bram|                                                        v5|         array|
|v5_Dout_A            |   in|   32|        bram|                                                        v5|         array|
|v2_0_Addr_A          |  out|   32|        bram|                                                      v2_0|         array|
|v2_0_EN_A            |  out|    1|        bram|                                                      v2_0|         array|
|v2_0_WEN_A           |  out|    4|        bram|                                                      v2_0|         array|
|v2_0_Din_A           |  out|   32|        bram|                                                      v2_0|         array|
|v2_0_Dout_A          |   in|   32|        bram|                                                      v2_0|         array|
|v2_1_Addr_A          |  out|   32|        bram|                                                      v2_1|         array|
|v2_1_EN_A            |  out|    1|        bram|                                                      v2_1|         array|
|v2_1_WEN_A           |  out|    4|        bram|                                                      v2_1|         array|
|v2_1_Din_A           |  out|   32|        bram|                                                      v2_1|         array|
|v2_1_Dout_A          |   in|   32|        bram|                                                      v2_1|         array|
|v2_2_Addr_A          |  out|   32|        bram|                                                      v2_2|         array|
|v2_2_EN_A            |  out|    1|        bram|                                                      v2_2|         array|
|v2_2_WEN_A           |  out|    4|        bram|                                                      v2_2|         array|
|v2_2_Din_A           |  out|   32|        bram|                                                      v2_2|         array|
|v2_2_Dout_A          |   in|   32|        bram|                                                      v2_2|         array|
|v2_3_Addr_A          |  out|   32|        bram|                                                      v2_3|         array|
|v2_3_EN_A            |  out|    1|        bram|                                                      v2_3|         array|
|v2_3_WEN_A           |  out|    4|        bram|                                                      v2_3|         array|
|v2_3_Din_A           |  out|   32|        bram|                                                      v2_3|         array|
|v2_3_Dout_A          |   in|   32|        bram|                                                      v2_3|         array|
|v2_4_Addr_A          |  out|   32|        bram|                                                      v2_4|         array|
|v2_4_EN_A            |  out|    1|        bram|                                                      v2_4|         array|
|v2_4_WEN_A           |  out|    4|        bram|                                                      v2_4|         array|
|v2_4_Din_A           |  out|   32|        bram|                                                      v2_4|         array|
|v2_4_Dout_A          |   in|   32|        bram|                                                      v2_4|         array|
|v2_5_Addr_A          |  out|   32|        bram|                                                      v2_5|         array|
|v2_5_EN_A            |  out|    1|        bram|                                                      v2_5|         array|
|v2_5_WEN_A           |  out|    4|        bram|                                                      v2_5|         array|
|v2_5_Din_A           |  out|   32|        bram|                                                      v2_5|         array|
|v2_5_Dout_A          |   in|   32|        bram|                                                      v2_5|         array|
|v2_6_Addr_A          |  out|   32|        bram|                                                      v2_6|         array|
|v2_6_EN_A            |  out|    1|        bram|                                                      v2_6|         array|
|v2_6_WEN_A           |  out|    4|        bram|                                                      v2_6|         array|
|v2_6_Din_A           |  out|   32|        bram|                                                      v2_6|         array|
|v2_6_Dout_A          |   in|   32|        bram|                                                      v2_6|         array|
|v2_7_Addr_A          |  out|   32|        bram|                                                      v2_7|         array|
|v2_7_EN_A            |  out|    1|        bram|                                                      v2_7|         array|
|v2_7_WEN_A           |  out|    4|        bram|                                                      v2_7|         array|
|v2_7_Din_A           |  out|   32|        bram|                                                      v2_7|         array|
|v2_7_Dout_A          |   in|   32|        bram|                                                      v2_7|         array|
|v2_8_Addr_A          |  out|   32|        bram|                                                      v2_8|         array|
|v2_8_EN_A            |  out|    1|        bram|                                                      v2_8|         array|
|v2_8_WEN_A           |  out|    4|        bram|                                                      v2_8|         array|
|v2_8_Din_A           |  out|   32|        bram|                                                      v2_8|         array|
|v2_8_Dout_A          |   in|   32|        bram|                                                      v2_8|         array|
|v2_9_Addr_A          |  out|   32|        bram|                                                      v2_9|         array|
|v2_9_EN_A            |  out|    1|        bram|                                                      v2_9|         array|
|v2_9_WEN_A           |  out|    4|        bram|                                                      v2_9|         array|
|v2_9_Din_A           |  out|   32|        bram|                                                      v2_9|         array|
|v2_9_Dout_A          |   in|   32|        bram|                                                      v2_9|         array|
|v2_10_Addr_A         |  out|   32|        bram|                                                     v2_10|         array|
|v2_10_EN_A           |  out|    1|        bram|                                                     v2_10|         array|
|v2_10_WEN_A          |  out|    4|        bram|                                                     v2_10|         array|
|v2_10_Din_A          |  out|   32|        bram|                                                     v2_10|         array|
|v2_10_Dout_A         |   in|   32|        bram|                                                     v2_10|         array|
|v2_11_Addr_A         |  out|   32|        bram|                                                     v2_11|         array|
|v2_11_EN_A           |  out|    1|        bram|                                                     v2_11|         array|
|v2_11_WEN_A          |  out|    4|        bram|                                                     v2_11|         array|
|v2_11_Din_A          |  out|   32|        bram|                                                     v2_11|         array|
|v2_11_Dout_A         |   in|   32|        bram|                                                     v2_11|         array|
|v2_12_Addr_A         |  out|   32|        bram|                                                     v2_12|         array|
|v2_12_EN_A           |  out|    1|        bram|                                                     v2_12|         array|
|v2_12_WEN_A          |  out|    4|        bram|                                                     v2_12|         array|
|v2_12_Din_A          |  out|   32|        bram|                                                     v2_12|         array|
|v2_12_Dout_A         |   in|   32|        bram|                                                     v2_12|         array|
|v2_13_Addr_A         |  out|   32|        bram|                                                     v2_13|         array|
|v2_13_EN_A           |  out|    1|        bram|                                                     v2_13|         array|
|v2_13_WEN_A          |  out|    4|        bram|                                                     v2_13|         array|
|v2_13_Din_A          |  out|   32|        bram|                                                     v2_13|         array|
|v2_13_Dout_A         |   in|   32|        bram|                                                     v2_13|         array|
|v2_14_Addr_A         |  out|   32|        bram|                                                     v2_14|         array|
|v2_14_EN_A           |  out|    1|        bram|                                                     v2_14|         array|
|v2_14_WEN_A          |  out|    4|        bram|                                                     v2_14|         array|
|v2_14_Din_A          |  out|   32|        bram|                                                     v2_14|         array|
|v2_14_Dout_A         |   in|   32|        bram|                                                     v2_14|         array|
|v2_15_Addr_A         |  out|   32|        bram|                                                     v2_15|         array|
|v2_15_EN_A           |  out|    1|        bram|                                                     v2_15|         array|
|v2_15_WEN_A          |  out|    4|        bram|                                                     v2_15|         array|
|v2_15_Din_A          |  out|   32|        bram|                                                     v2_15|         array|
|v2_15_Dout_A         |   in|   32|        bram|                                                     v2_15|         array|
|v3_0_Addr_A          |  out|   32|        bram|                                                      v3_0|         array|
|v3_0_EN_A            |  out|    1|        bram|                                                      v3_0|         array|
|v3_0_WEN_A           |  out|    4|        bram|                                                      v3_0|         array|
|v3_0_Din_A           |  out|   32|        bram|                                                      v3_0|         array|
|v3_0_Dout_A          |   in|   32|        bram|                                                      v3_0|         array|
|v3_1_Addr_A          |  out|   32|        bram|                                                      v3_1|         array|
|v3_1_EN_A            |  out|    1|        bram|                                                      v3_1|         array|
|v3_1_WEN_A           |  out|    4|        bram|                                                      v3_1|         array|
|v3_1_Din_A           |  out|   32|        bram|                                                      v3_1|         array|
|v3_1_Dout_A          |   in|   32|        bram|                                                      v3_1|         array|
|v3_2_Addr_A          |  out|   32|        bram|                                                      v3_2|         array|
|v3_2_EN_A            |  out|    1|        bram|                                                      v3_2|         array|
|v3_2_WEN_A           |  out|    4|        bram|                                                      v3_2|         array|
|v3_2_Din_A           |  out|   32|        bram|                                                      v3_2|         array|
|v3_2_Dout_A          |   in|   32|        bram|                                                      v3_2|         array|
|v3_3_Addr_A          |  out|   32|        bram|                                                      v3_3|         array|
|v3_3_EN_A            |  out|    1|        bram|                                                      v3_3|         array|
|v3_3_WEN_A           |  out|    4|        bram|                                                      v3_3|         array|
|v3_3_Din_A           |  out|   32|        bram|                                                      v3_3|         array|
|v3_3_Dout_A          |   in|   32|        bram|                                                      v3_3|         array|
|v3_4_Addr_A          |  out|   32|        bram|                                                      v3_4|         array|
|v3_4_EN_A            |  out|    1|        bram|                                                      v3_4|         array|
|v3_4_WEN_A           |  out|    4|        bram|                                                      v3_4|         array|
|v3_4_Din_A           |  out|   32|        bram|                                                      v3_4|         array|
|v3_4_Dout_A          |   in|   32|        bram|                                                      v3_4|         array|
|v3_5_Addr_A          |  out|   32|        bram|                                                      v3_5|         array|
|v3_5_EN_A            |  out|    1|        bram|                                                      v3_5|         array|
|v3_5_WEN_A           |  out|    4|        bram|                                                      v3_5|         array|
|v3_5_Din_A           |  out|   32|        bram|                                                      v3_5|         array|
|v3_5_Dout_A          |   in|   32|        bram|                                                      v3_5|         array|
|v3_6_Addr_A          |  out|   32|        bram|                                                      v3_6|         array|
|v3_6_EN_A            |  out|    1|        bram|                                                      v3_6|         array|
|v3_6_WEN_A           |  out|    4|        bram|                                                      v3_6|         array|
|v3_6_Din_A           |  out|   32|        bram|                                                      v3_6|         array|
|v3_6_Dout_A          |   in|   32|        bram|                                                      v3_6|         array|
|v3_7_Addr_A          |  out|   32|        bram|                                                      v3_7|         array|
|v3_7_EN_A            |  out|    1|        bram|                                                      v3_7|         array|
|v3_7_WEN_A           |  out|    4|        bram|                                                      v3_7|         array|
|v3_7_Din_A           |  out|   32|        bram|                                                      v3_7|         array|
|v3_7_Dout_A          |   in|   32|        bram|                                                      v3_7|         array|
|v3_8_Addr_A          |  out|   32|        bram|                                                      v3_8|         array|
|v3_8_EN_A            |  out|    1|        bram|                                                      v3_8|         array|
|v3_8_WEN_A           |  out|    4|        bram|                                                      v3_8|         array|
|v3_8_Din_A           |  out|   32|        bram|                                                      v3_8|         array|
|v3_8_Dout_A          |   in|   32|        bram|                                                      v3_8|         array|
|v3_9_Addr_A          |  out|   32|        bram|                                                      v3_9|         array|
|v3_9_EN_A            |  out|    1|        bram|                                                      v3_9|         array|
|v3_9_WEN_A           |  out|    4|        bram|                                                      v3_9|         array|
|v3_9_Din_A           |  out|   32|        bram|                                                      v3_9|         array|
|v3_9_Dout_A          |   in|   32|        bram|                                                      v3_9|         array|
|v3_10_Addr_A         |  out|   32|        bram|                                                     v3_10|         array|
|v3_10_EN_A           |  out|    1|        bram|                                                     v3_10|         array|
|v3_10_WEN_A          |  out|    4|        bram|                                                     v3_10|         array|
|v3_10_Din_A          |  out|   32|        bram|                                                     v3_10|         array|
|v3_10_Dout_A         |   in|   32|        bram|                                                     v3_10|         array|
|v3_11_Addr_A         |  out|   32|        bram|                                                     v3_11|         array|
|v3_11_EN_A           |  out|    1|        bram|                                                     v3_11|         array|
|v3_11_WEN_A          |  out|    4|        bram|                                                     v3_11|         array|
|v3_11_Din_A          |  out|   32|        bram|                                                     v3_11|         array|
|v3_11_Dout_A         |   in|   32|        bram|                                                     v3_11|         array|
|v3_12_Addr_A         |  out|   32|        bram|                                                     v3_12|         array|
|v3_12_EN_A           |  out|    1|        bram|                                                     v3_12|         array|
|v3_12_WEN_A          |  out|    4|        bram|                                                     v3_12|         array|
|v3_12_Din_A          |  out|   32|        bram|                                                     v3_12|         array|
|v3_12_Dout_A         |   in|   32|        bram|                                                     v3_12|         array|
|v3_13_Addr_A         |  out|   32|        bram|                                                     v3_13|         array|
|v3_13_EN_A           |  out|    1|        bram|                                                     v3_13|         array|
|v3_13_WEN_A          |  out|    4|        bram|                                                     v3_13|         array|
|v3_13_Din_A          |  out|   32|        bram|                                                     v3_13|         array|
|v3_13_Dout_A         |   in|   32|        bram|                                                     v3_13|         array|
|v3_14_Addr_A         |  out|   32|        bram|                                                     v3_14|         array|
|v3_14_EN_A           |  out|    1|        bram|                                                     v3_14|         array|
|v3_14_WEN_A          |  out|    4|        bram|                                                     v3_14|         array|
|v3_14_Din_A          |  out|   32|        bram|                                                     v3_14|         array|
|v3_14_Dout_A         |   in|   32|        bram|                                                     v3_14|         array|
|v3_15_Addr_A         |  out|   32|        bram|                                                     v3_15|         array|
|v3_15_EN_A           |  out|    1|        bram|                                                     v3_15|         array|
|v3_15_WEN_A          |  out|    4|        bram|                                                     v3_15|         array|
|v3_15_Din_A          |  out|   32|        bram|                                                     v3_15|         array|
|v3_15_Dout_A         |   in|   32|        bram|                                                     v3_15|         array|
|v4_0_Addr_A          |  out|   32|        bram|                                                      v4_0|         array|
|v4_0_EN_A            |  out|    1|        bram|                                                      v4_0|         array|
|v4_0_WEN_A           |  out|    4|        bram|                                                      v4_0|         array|
|v4_0_Din_A           |  out|   32|        bram|                                                      v4_0|         array|
|v4_0_Dout_A          |   in|   32|        bram|                                                      v4_0|         array|
|v6_0_Addr_A          |  out|   32|        bram|                                                      v6_0|         array|
|v6_0_EN_A            |  out|    1|        bram|                                                      v6_0|         array|
|v6_0_WEN_A           |  out|    4|        bram|                                                      v6_0|         array|
|v6_0_Din_A           |  out|   32|        bram|                                                      v6_0|         array|
|v6_0_Dout_A          |   in|   32|        bram|                                                      v6_0|         array|
|v4_1_Addr_A          |  out|   32|        bram|                                                      v4_1|         array|
|v4_1_EN_A            |  out|    1|        bram|                                                      v4_1|         array|
|v4_1_WEN_A           |  out|    4|        bram|                                                      v4_1|         array|
|v4_1_Din_A           |  out|   32|        bram|                                                      v4_1|         array|
|v4_1_Dout_A          |   in|   32|        bram|                                                      v4_1|         array|
|v6_1_Addr_A          |  out|   32|        bram|                                                      v6_1|         array|
|v6_1_EN_A            |  out|    1|        bram|                                                      v6_1|         array|
|v6_1_WEN_A           |  out|    4|        bram|                                                      v6_1|         array|
|v6_1_Din_A           |  out|   32|        bram|                                                      v6_1|         array|
|v6_1_Dout_A          |   in|   32|        bram|                                                      v6_1|         array|
|v4_2_Addr_A          |  out|   32|        bram|                                                      v4_2|         array|
|v4_2_EN_A            |  out|    1|        bram|                                                      v4_2|         array|
|v4_2_WEN_A           |  out|    4|        bram|                                                      v4_2|         array|
|v4_2_Din_A           |  out|   32|        bram|                                                      v4_2|         array|
|v4_2_Dout_A          |   in|   32|        bram|                                                      v4_2|         array|
|v6_2_Addr_A          |  out|   32|        bram|                                                      v6_2|         array|
|v6_2_EN_A            |  out|    1|        bram|                                                      v6_2|         array|
|v6_2_WEN_A           |  out|    4|        bram|                                                      v6_2|         array|
|v6_2_Din_A           |  out|   32|        bram|                                                      v6_2|         array|
|v6_2_Dout_A          |   in|   32|        bram|                                                      v6_2|         array|
|v4_3_Addr_A          |  out|   32|        bram|                                                      v4_3|         array|
|v4_3_EN_A            |  out|    1|        bram|                                                      v4_3|         array|
|v4_3_WEN_A           |  out|    4|        bram|                                                      v4_3|         array|
|v4_3_Din_A           |  out|   32|        bram|                                                      v4_3|         array|
|v4_3_Dout_A          |   in|   32|        bram|                                                      v4_3|         array|
|v6_3_Addr_A          |  out|   32|        bram|                                                      v6_3|         array|
|v6_3_EN_A            |  out|    1|        bram|                                                      v6_3|         array|
|v6_3_WEN_A           |  out|    4|        bram|                                                      v6_3|         array|
|v6_3_Din_A           |  out|   32|        bram|                                                      v6_3|         array|
|v6_3_Dout_A          |   in|   32|        bram|                                                      v6_3|         array|
|v4_4_Addr_A          |  out|   32|        bram|                                                      v4_4|         array|
|v4_4_EN_A            |  out|    1|        bram|                                                      v4_4|         array|
|v4_4_WEN_A           |  out|    4|        bram|                                                      v4_4|         array|
|v4_4_Din_A           |  out|   32|        bram|                                                      v4_4|         array|
|v4_4_Dout_A          |   in|   32|        bram|                                                      v4_4|         array|
|v6_4_Addr_A          |  out|   32|        bram|                                                      v6_4|         array|
|v6_4_EN_A            |  out|    1|        bram|                                                      v6_4|         array|
|v6_4_WEN_A           |  out|    4|        bram|                                                      v6_4|         array|
|v6_4_Din_A           |  out|   32|        bram|                                                      v6_4|         array|
|v6_4_Dout_A          |   in|   32|        bram|                                                      v6_4|         array|
|v4_5_Addr_A          |  out|   32|        bram|                                                      v4_5|         array|
|v4_5_EN_A            |  out|    1|        bram|                                                      v4_5|         array|
|v4_5_WEN_A           |  out|    4|        bram|                                                      v4_5|         array|
|v4_5_Din_A           |  out|   32|        bram|                                                      v4_5|         array|
|v4_5_Dout_A          |   in|   32|        bram|                                                      v4_5|         array|
|v6_5_Addr_A          |  out|   32|        bram|                                                      v6_5|         array|
|v6_5_EN_A            |  out|    1|        bram|                                                      v6_5|         array|
|v6_5_WEN_A           |  out|    4|        bram|                                                      v6_5|         array|
|v6_5_Din_A           |  out|   32|        bram|                                                      v6_5|         array|
|v6_5_Dout_A          |   in|   32|        bram|                                                      v6_5|         array|
|v4_6_Addr_A          |  out|   32|        bram|                                                      v4_6|         array|
|v4_6_EN_A            |  out|    1|        bram|                                                      v4_6|         array|
|v4_6_WEN_A           |  out|    4|        bram|                                                      v4_6|         array|
|v4_6_Din_A           |  out|   32|        bram|                                                      v4_6|         array|
|v4_6_Dout_A          |   in|   32|        bram|                                                      v4_6|         array|
|v6_6_Addr_A          |  out|   32|        bram|                                                      v6_6|         array|
|v6_6_EN_A            |  out|    1|        bram|                                                      v6_6|         array|
|v6_6_WEN_A           |  out|    4|        bram|                                                      v6_6|         array|
|v6_6_Din_A           |  out|   32|        bram|                                                      v6_6|         array|
|v6_6_Dout_A          |   in|   32|        bram|                                                      v6_6|         array|
|v4_7_Addr_A          |  out|   32|        bram|                                                      v4_7|         array|
|v4_7_EN_A            |  out|    1|        bram|                                                      v4_7|         array|
|v4_7_WEN_A           |  out|    4|        bram|                                                      v4_7|         array|
|v4_7_Din_A           |  out|   32|        bram|                                                      v4_7|         array|
|v4_7_Dout_A          |   in|   32|        bram|                                                      v4_7|         array|
|v6_7_Addr_A          |  out|   32|        bram|                                                      v6_7|         array|
|v6_7_EN_A            |  out|    1|        bram|                                                      v6_7|         array|
|v6_7_WEN_A           |  out|    4|        bram|                                                      v6_7|         array|
|v6_7_Din_A           |  out|   32|        bram|                                                      v6_7|         array|
|v6_7_Dout_A          |   in|   32|        bram|                                                      v6_7|         array|
|v4_8_Addr_A          |  out|   32|        bram|                                                      v4_8|         array|
|v4_8_EN_A            |  out|    1|        bram|                                                      v4_8|         array|
|v4_8_WEN_A           |  out|    4|        bram|                                                      v4_8|         array|
|v4_8_Din_A           |  out|   32|        bram|                                                      v4_8|         array|
|v4_8_Dout_A          |   in|   32|        bram|                                                      v4_8|         array|
|v6_8_Addr_A          |  out|   32|        bram|                                                      v6_8|         array|
|v6_8_EN_A            |  out|    1|        bram|                                                      v6_8|         array|
|v6_8_WEN_A           |  out|    4|        bram|                                                      v6_8|         array|
|v6_8_Din_A           |  out|   32|        bram|                                                      v6_8|         array|
|v6_8_Dout_A          |   in|   32|        bram|                                                      v6_8|         array|
|v4_9_Addr_A          |  out|   32|        bram|                                                      v4_9|         array|
|v4_9_EN_A            |  out|    1|        bram|                                                      v4_9|         array|
|v4_9_WEN_A           |  out|    4|        bram|                                                      v4_9|         array|
|v4_9_Din_A           |  out|   32|        bram|                                                      v4_9|         array|
|v4_9_Dout_A          |   in|   32|        bram|                                                      v4_9|         array|
|v6_9_Addr_A          |  out|   32|        bram|                                                      v6_9|         array|
|v6_9_EN_A            |  out|    1|        bram|                                                      v6_9|         array|
|v6_9_WEN_A           |  out|    4|        bram|                                                      v6_9|         array|
|v6_9_Din_A           |  out|   32|        bram|                                                      v6_9|         array|
|v6_9_Dout_A          |   in|   32|        bram|                                                      v6_9|         array|
|v4_10_Addr_A         |  out|   32|        bram|                                                     v4_10|         array|
|v4_10_EN_A           |  out|    1|        bram|                                                     v4_10|         array|
|v4_10_WEN_A          |  out|    4|        bram|                                                     v4_10|         array|
|v4_10_Din_A          |  out|   32|        bram|                                                     v4_10|         array|
|v4_10_Dout_A         |   in|   32|        bram|                                                     v4_10|         array|
|v6_10_Addr_A         |  out|   32|        bram|                                                     v6_10|         array|
|v6_10_EN_A           |  out|    1|        bram|                                                     v6_10|         array|
|v6_10_WEN_A          |  out|    4|        bram|                                                     v6_10|         array|
|v6_10_Din_A          |  out|   32|        bram|                                                     v6_10|         array|
|v6_10_Dout_A         |   in|   32|        bram|                                                     v6_10|         array|
|v4_11_Addr_A         |  out|   32|        bram|                                                     v4_11|         array|
|v4_11_EN_A           |  out|    1|        bram|                                                     v4_11|         array|
|v4_11_WEN_A          |  out|    4|        bram|                                                     v4_11|         array|
|v4_11_Din_A          |  out|   32|        bram|                                                     v4_11|         array|
|v4_11_Dout_A         |   in|   32|        bram|                                                     v4_11|         array|
|v6_11_Addr_A         |  out|   32|        bram|                                                     v6_11|         array|
|v6_11_EN_A           |  out|    1|        bram|                                                     v6_11|         array|
|v6_11_WEN_A          |  out|    4|        bram|                                                     v6_11|         array|
|v6_11_Din_A          |  out|   32|        bram|                                                     v6_11|         array|
|v6_11_Dout_A         |   in|   32|        bram|                                                     v6_11|         array|
|v4_12_Addr_A         |  out|   32|        bram|                                                     v4_12|         array|
|v4_12_EN_A           |  out|    1|        bram|                                                     v4_12|         array|
|v4_12_WEN_A          |  out|    4|        bram|                                                     v4_12|         array|
|v4_12_Din_A          |  out|   32|        bram|                                                     v4_12|         array|
|v4_12_Dout_A         |   in|   32|        bram|                                                     v4_12|         array|
|v6_12_Addr_A         |  out|   32|        bram|                                                     v6_12|         array|
|v6_12_EN_A           |  out|    1|        bram|                                                     v6_12|         array|
|v6_12_WEN_A          |  out|    4|        bram|                                                     v6_12|         array|
|v6_12_Din_A          |  out|   32|        bram|                                                     v6_12|         array|
|v6_12_Dout_A         |   in|   32|        bram|                                                     v6_12|         array|
|v4_13_Addr_A         |  out|   32|        bram|                                                     v4_13|         array|
|v4_13_EN_A           |  out|    1|        bram|                                                     v4_13|         array|
|v4_13_WEN_A          |  out|    4|        bram|                                                     v4_13|         array|
|v4_13_Din_A          |  out|   32|        bram|                                                     v4_13|         array|
|v4_13_Dout_A         |   in|   32|        bram|                                                     v4_13|         array|
|v6_13_Addr_A         |  out|   32|        bram|                                                     v6_13|         array|
|v6_13_EN_A           |  out|    1|        bram|                                                     v6_13|         array|
|v6_13_WEN_A          |  out|    4|        bram|                                                     v6_13|         array|
|v6_13_Din_A          |  out|   32|        bram|                                                     v6_13|         array|
|v6_13_Dout_A         |   in|   32|        bram|                                                     v6_13|         array|
|v4_14_Addr_A         |  out|   32|        bram|                                                     v4_14|         array|
|v4_14_EN_A           |  out|    1|        bram|                                                     v4_14|         array|
|v4_14_WEN_A          |  out|    4|        bram|                                                     v4_14|         array|
|v4_14_Din_A          |  out|   32|        bram|                                                     v4_14|         array|
|v4_14_Dout_A         |   in|   32|        bram|                                                     v4_14|         array|
|v6_14_Addr_A         |  out|   32|        bram|                                                     v6_14|         array|
|v6_14_EN_A           |  out|    1|        bram|                                                     v6_14|         array|
|v6_14_WEN_A          |  out|    4|        bram|                                                     v6_14|         array|
|v6_14_Din_A          |  out|   32|        bram|                                                     v6_14|         array|
|v6_14_Dout_A         |   in|   32|        bram|                                                     v6_14|         array|
|v4_15_Addr_A         |  out|   32|        bram|                                                     v4_15|         array|
|v4_15_EN_A           |  out|    1|        bram|                                                     v4_15|         array|
|v4_15_WEN_A          |  out|    4|        bram|                                                     v4_15|         array|
|v4_15_Din_A          |  out|   32|        bram|                                                     v4_15|         array|
|v4_15_Dout_A         |   in|   32|        bram|                                                     v4_15|         array|
|v6_15_Addr_A         |  out|   32|        bram|                                                     v6_15|         array|
|v6_15_EN_A           |  out|    1|        bram|                                                     v6_15|         array|
|v6_15_WEN_A          |  out|    4|        bram|                                                     v6_15|         array|
|v6_15_Din_A          |  out|   32|        bram|                                                     v6_15|         array|
|v6_15_Dout_A         |   in|   32|        bram|                                                     v6_15|         array|
+---------------------+-----+-----+------------+----------------------------------------------------------+--------------+

